Archive member included to satisfy reference by file (symbol)

c:/ac6/systemworkbench/plugins/fr.ac6.mcu.externaltools.arm-none.win32_1.17.0.201812190825/tools/compiler/bin/../lib/gcc/arm-none-eabi/7.3.1/../../../../arm-none-eabi/lib/thumb/v7-m\libc.a(lib_a-errno.o)
                              startup/sysmem.o (__errno)
c:/ac6/systemworkbench/plugins/fr.ac6.mcu.externaltools.arm-none.win32_1.17.0.201812190825/tools/compiler/bin/../lib/gcc/arm-none-eabi/7.3.1/../../../../arm-none-eabi/lib/thumb/v7-m\libc.a(lib_a-exit.o)
                              c:/ac6/systemworkbench/plugins/fr.ac6.mcu.externaltools.arm-none.win32_1.17.0.201812190825/tools/compiler/bin/../lib/gcc/arm-none-eabi/7.3.1/../../../../arm-none-eabi/lib/thumb/v7-m/crt0.o (exit)
c:/ac6/systemworkbench/plugins/fr.ac6.mcu.externaltools.arm-none.win32_1.17.0.201812190825/tools/compiler/bin/../lib/gcc/arm-none-eabi/7.3.1/../../../../arm-none-eabi/lib/thumb/v7-m\libc.a(lib_a-impure.o)
                              c:/ac6/systemworkbench/plugins/fr.ac6.mcu.externaltools.arm-none.win32_1.17.0.201812190825/tools/compiler/bin/../lib/gcc/arm-none-eabi/7.3.1/../../../../arm-none-eabi/lib/thumb/v7-m\libc.a(lib_a-exit.o) (_global_impure_ptr)
c:/ac6/systemworkbench/plugins/fr.ac6.mcu.externaltools.arm-none.win32_1.17.0.201812190825/tools/compiler/bin/../lib/gcc/arm-none-eabi/7.3.1/../../../../arm-none-eabi/lib/thumb/v7-m\libc.a(lib_a-init.o)
                              c:/ac6/systemworkbench/plugins/fr.ac6.mcu.externaltools.arm-none.win32_1.17.0.201812190825/tools/compiler/bin/../lib/gcc/arm-none-eabi/7.3.1/../../../../arm-none-eabi/lib/thumb/v7-m/crt0.o (__libc_init_array)
c:/ac6/systemworkbench/plugins/fr.ac6.mcu.externaltools.arm-none.win32_1.17.0.201812190825/tools/compiler/bin/../lib/gcc/arm-none-eabi/7.3.1/../../../../arm-none-eabi/lib/thumb/v7-m\libc.a(lib_a-memset.o)
                              c:/ac6/systemworkbench/plugins/fr.ac6.mcu.externaltools.arm-none.win32_1.17.0.201812190825/tools/compiler/bin/../lib/gcc/arm-none-eabi/7.3.1/../../../../arm-none-eabi/lib/thumb/v7-m/crt0.o (memset)
c:/ac6/systemworkbench/plugins/fr.ac6.mcu.externaltools.arm-none.win32_1.17.0.201812190825/tools/compiler/bin/../lib/gcc/arm-none-eabi/7.3.1/../../../../arm-none-eabi/lib/thumb/v7-m\libc.a(lib_a-__call_atexit.o)
                              c:/ac6/systemworkbench/plugins/fr.ac6.mcu.externaltools.arm-none.win32_1.17.0.201812190825/tools/compiler/bin/../lib/gcc/arm-none-eabi/7.3.1/../../../../arm-none-eabi/lib/thumb/v7-m\libc.a(lib_a-exit.o) (__call_exitprocs)
c:/ac6/systemworkbench/plugins/fr.ac6.mcu.externaltools.arm-none.win32_1.17.0.201812190825/tools/compiler/bin/../lib/gcc/arm-none-eabi/7.3.1/../../../../arm-none-eabi/lib/thumb/v7-m\libc.a(lib_a-atexit.o)
                              c:/ac6/systemworkbench/plugins/fr.ac6.mcu.externaltools.arm-none.win32_1.17.0.201812190825/tools/compiler/bin/../lib/gcc/arm-none-eabi/7.3.1/../../../../arm-none-eabi/lib/thumb/v7-m\libc.a(lib_a-__call_atexit.o) (atexit)
c:/ac6/systemworkbench/plugins/fr.ac6.mcu.externaltools.arm-none.win32_1.17.0.201812190825/tools/compiler/bin/../lib/gcc/arm-none-eabi/7.3.1/../../../../arm-none-eabi/lib/thumb/v7-m\libc.a(lib_a-fini.o)
                              c:/ac6/systemworkbench/plugins/fr.ac6.mcu.externaltools.arm-none.win32_1.17.0.201812190825/tools/compiler/bin/../lib/gcc/arm-none-eabi/7.3.1/../../../../arm-none-eabi/lib/thumb/v7-m\libc.a(lib_a-__call_atexit.o) (__libc_fini_array)
c:/ac6/systemworkbench/plugins/fr.ac6.mcu.externaltools.arm-none.win32_1.17.0.201812190825/tools/compiler/bin/../lib/gcc/arm-none-eabi/7.3.1/../../../../arm-none-eabi/lib/thumb/v7-m\libc.a(lib_a-lock.o)
                              c:/ac6/systemworkbench/plugins/fr.ac6.mcu.externaltools.arm-none.win32_1.17.0.201812190825/tools/compiler/bin/../lib/gcc/arm-none-eabi/7.3.1/../../../../arm-none-eabi/lib/thumb/v7-m\libc.a(lib_a-__call_atexit.o) (__retarget_lock_acquire_recursive)
c:/ac6/systemworkbench/plugins/fr.ac6.mcu.externaltools.arm-none.win32_1.17.0.201812190825/tools/compiler/bin/../lib/gcc/arm-none-eabi/7.3.1/../../../../arm-none-eabi/lib/thumb/v7-m\libc.a(lib_a-__atexit.o)
                              c:/ac6/systemworkbench/plugins/fr.ac6.mcu.externaltools.arm-none.win32_1.17.0.201812190825/tools/compiler/bin/../lib/gcc/arm-none-eabi/7.3.1/../../../../arm-none-eabi/lib/thumb/v7-m\libc.a(lib_a-atexit.o) (__register_exitproc)

Allocating common symbols
Common symbol       size              file

__lock___atexit_recursive_mutex
                    0x1               c:/ac6/systemworkbench/plugins/fr.ac6.mcu.externaltools.arm-none.win32_1.17.0.201812190825/tools/compiler/bin/../lib/gcc/arm-none-eabi/7.3.1/../../../../arm-none-eabi/lib/thumb/v7-m\libc.a(lib_a-lock.o)
__lock___arc4random_mutex
[...]
Memory Configuration

Name             Origin             Length             Attributes
RAM              0x20000000         0x00005000         xrw
ROM              0x08000000         0x00010000         xr
*default*        0x00000000         0xffffffff

Linker script and memory map

LOAD c:/ac6/systemworkbench/plugins/fr.ac6.mcu.externaltools.arm-none.win32_1.17.0.201812190825/tools/compiler/bin/../lib/gcc/arm-none-eabi/7.3.1/thumb/v7-m/crti.o
LOAD c:/ac6/systemworkbench/plugins/fr.ac6.mcu.externaltools.arm-none.win32_1.17.0.201812190825/tools/compiler/bin/../lib/gcc/arm-none-eabi/7.3.1/thumb/v7-m/crtbegin.o
LOAD c:/ac6/systemworkbench/plugins/fr.ac6.mcu.externaltools.arm-none.win32_1.17.0.201812190825/tools/compiler/bin/../lib/gcc/arm-none-eabi/7.3.1/../../../../arm-none-eabi/lib/thumb/v7-m/crt0.o
LOAD src/core_cm3.o
LOAD src/main.o
LOAD src/misc.o
LOAD src/stm32f10x_adc.o
LOAD src/stm32f10x_bkp.o
LOAD src/stm32f10x_can.o
LOAD src/stm32f10x_cec.o
LOAD src/stm32f10x_crc.o
LOAD src/stm32f10x_dac.o
LOAD src/stm32f10x_dbgmcu.o
LOAD src/stm32f10x_dma.o
LOAD src/stm32f10x_exti.o
LOAD src/stm32f10x_flash.o
LOAD src/stm32f10x_fsmc.o
LOAD src/stm32f10x_gpio.o
LOAD src/stm32f10x_i2c.o
LOAD src/stm32f10x_it.o
LOAD src/stm32f10x_iwdg.o
LOAD src/stm32f10x_pwr.o
LOAD src/stm32f10x_rcc.o
LOAD src/stm32f10x_rtc.o
LOAD src/stm32f10x_sdio.o
LOAD src/stm32f10x_spi.o
LOAD src/stm32f10x_tim.o
LOAD src/stm32f10x_usart.o
LOAD src/stm32f10x_wwdg.o
LOAD src/system_stm32f10x.o
LOAD startup/startup_stm32.o
LOAD startup/sysmem.o
LOAD c:/ac6/systemworkbench/plugins/fr.ac6.mcu.externaltools.arm-none.win32_1.17.0.201812190825/tools/compiler/bin/../lib/gcc/arm-none-eabi/7.3.1/../../../../arm-none-eabi/lib/thumb/v7-m\libm.a
START GROUP
LOAD c:/ac6/systemworkbench/plugins/fr.ac6.mcu.externaltools.arm-none.win32_1.17.0.201812190825/tools/compiler/bin/../lib/gcc/arm-none-eabi/7.3.1/thumb/v7-m\libgcc.a
LOAD c:/ac6/systemworkbench/plugins/fr.ac6.mcu.externaltools.arm-none.win32_1.17.0.201812190825/tools/compiler/bin/../lib/gcc/arm-none-eabi/7.3.1/../../../../arm-none-eabi/lib/thumb/v7-m\libc.a
END GROUP
LOAD c:/ac6/systemworkbench/plugins/fr.ac6.mcu.externaltools.arm-none.win32_1.17.0.201812190825/tools/compiler/bin/../lib/gcc/arm-none-eabi/7.3.1/thumb/v7-m/crtend.o
LOAD c:/ac6/systemworkbench/plugins/fr.ac6.mcu.externaltools.arm-none.win32_1.17.0.201812190825/tools/compiler/bin/../lib/gcc/arm-none-eabi/7.3.1/thumb/v7-m/crtn.o
                0x20005000                _estack = 0x20005000
                0x00000000                _Min_Heap_Size = 0x0
                0x00000400                _Min_Stack_Size = 0x400

.isr_vector     0x08000000      0x130
                0x08000000                . = ALIGN (0x4)
 *(.isr_vector)
 .isr_vector    0x08000000      0x130 startup/startup_stm32.o
                0x08000000                g_pfnVectors
                0x08000130                . = ALIGN (0x4)

.text           0x08000130      0x9ec
                0x08000130                . = ALIGN (0x4)
 *(.text)
 .text          0x08000130       0x40 c:/ac6/systemworkbench/plugins/fr.ac6.mcu.externaltools.arm-none.win32_1.17.0.201812190825/tools/compiler/bin/../lib/gcc/arm-none-eabi/7.3.1/thumb/v7-m/crtbegin.o
 *(.text*)
 .text.main     0x08000170       0x16 src/main.o
                0x08000170                main
 *fill*         0x08000186        0x2 
 .text.EXTI0_IRQHandler
                0x08000188       0x60 src/main.o
                0x08000188                EXTI0_IRQHandler
 .text.RCC_Configuration
                0x080001e8       0x20 src/main.o
                0x080001e8                RCC_Configuration
 .text.GPIO_Configuration
                0x08000208       0x40 src/main.o
                0x08000208                GPIO_Configuration
 .text.NVIC_Configuration
                0x08000248       0x34 src/main.o
                0x08000248                NVIC_Configuration
 .text.EXTI_Configuration
                0x0800027c       0x2e src/main.o
                0x0800027c                EXTI_Configuration
 *fill*         0x080002aa        0x2 
 .text.toggle_led
                0x080002ac       0x38 src/main.o
                0x080002ac                toggle_led
 .text.NVIC_Init
                0x080002e4       0xc4 src/misc.o
                0x080002e4                NVIC_Init
 .text.EXTI_Init
                0x080003a8       0xe4 src/stm32f10x_exti.o
                0x080003a8                EXTI_Init
 .text.EXTI_ClearFlag
                0x0800048c       0x1c src/stm32f10x_exti.o
                0x0800048c                EXTI_ClearFlag
 .text.EXTI_ClearITPendingBit
                0x080004a8       0x1c src/stm32f10x_exti.o
                0x080004a8                EXTI_ClearITPendingBit
 .text.GPIO_Init
                0x080004c4      0x178 src/stm32f10x_gpio.o
                0x080004c4                GPIO_Init
 .text.GPIO_SetBits
                0x0800063c       0x1c src/stm32f10x_gpio.o
                0x0800063c                GPIO_SetBits
 .text.GPIO_ResetBits
                0x08000658       0x1c src/stm32f10x_gpio.o
                0x08000658                GPIO_ResetBits
 .text.GPIO_EXTILineConfig
                0x08000674       0x80 src/stm32f10x_gpio.o
                0x08000674                GPIO_EXTILineConfig
 .text.NMI_Handler
                0x080006f4        0xc src/stm32f10x_it.o
                0x080006f4                NMI_Handler
 .text.HardFault_Handler
                0x08000700        0x6 src/stm32f10x_it.o
                0x08000700                HardFault_Handler
 .text.MemManage_Handler
                0x08000706        0x6 src/stm32f10x_it.o
                0x08000706                MemManage_Handler
 .text.BusFault_Handler
                0x0800070c        0x6 src/stm32f10x_it.o
                0x0800070c                BusFault_Handler
 .text.UsageFault_Handler
                0x08000712        0x6 src/stm32f10x_it.o
                0x08000712                UsageFault_Handler
 .text.SVC_Handler
                0x08000718        0xc src/stm32f10x_it.o
                0x08000718                SVC_Handler
 .text.DebugMon_Handler
                0x08000724        0xc src/stm32f10x_it.o
                0x08000724                DebugMon_Handler
 .text.PendSV_Handler
                0x08000730        0xc src/stm32f10x_it.o
                0x08000730                PendSV_Handler
 .text.SysTick_Handler
                0x0800073c        0xc src/stm32f10x_it.o
                0x0800073c                SysTick_Handler
 .text.RCC_APB2PeriphClockCmd
                0x08000748       0x3c src/stm32f10x_rcc.o
                0x08000748                RCC_APB2PeriphClockCmd
 .text.SPI_I2S_SendData
                0x08000784       0x1c src/stm32f10x_spi.o
                0x08000784                SPI_I2S_SendData
 .text.SPI_I2S_GetFlagStatus
                0x080007a0       0x36 src/stm32f10x_spi.o
                0x080007a0                SPI_I2S_GetFlagStatus
 *fill*         0x080007d6        0x2 
 .text.SystemInit
                0x080007d8       0x68 src/system_stm32f10x.o
                0x080007d8                SystemInit
 .text.SetSysClock
                0x08000840        0xc src/system_stm32f10x.o
 .text.SetSysClockTo72
                0x0800084c      0x100 src/system_stm32f10x.o
 .text.Reset_Handler
                0x0800094c       0x50 startup/startup_stm32.o
                0x0800094c                Reset_Handler
 .text.Default_Handler
                0x0800099c        0x2 startup/startup_stm32.o
                0x0800099c                EXTI2_IRQHandler
                0x0800099c                TIM8_TRG_COM_IRQHandler
                0x0800099c                TIM8_CC_IRQHandler
                0x0800099c                TIM1_CC_IRQHandler
                0x0800099c                TIM6_IRQHandler
                0x0800099c                PVD_IRQHandler
                0x0800099c                SDIO_IRQHandler
                0x0800099c                EXTI3_IRQHandler
                0x0800099c                USB_HP_CAN_TX_IRQHandler
                0x0800099c                I2C2_EV_IRQHandler
                0x0800099c                ADC1_2_IRQHandler
                0x0800099c                SPI1_IRQHandler
                0x0800099c                CAN_SCE_IRQHandler
                0x0800099c                TAMPER_IRQHandler
                0x0800099c                TIM8_UP_IRQHandler
                0x0800099c                DMA2_Channel2_IRQHandler
                0x0800099c                DMA1_Channel4_IRQHandler
                0x0800099c                USART3_IRQHandler
                0x0800099c                RTC_IRQHandler
                0x0800099c                DMA1_Channel7_IRQHandler
                0x0800099c                UART5_IRQHandler
                0x0800099c                ADC3_IRQHandler
                0x0800099c                TIM4_IRQHandler
                0x0800099c                CAN_RX1_IRQHandler
                0x0800099c                DMA2_Channel1_IRQHandler
                0x0800099c                I2C1_EV_IRQHandler
                0x0800099c                DMA1_Channel6_IRQHandler
                0x0800099c                UART4_IRQHandler
                0x0800099c                TIM3_IRQHandler
                0x0800099c                RCC_IRQHandler
                0x0800099c                TIM1_TRG_COM_IRQHandler
                0x0800099c                DMA1_Channel1_IRQHandler
                0x0800099c                Default_Handler
                0x0800099c                EXTI15_10_IRQHandler
                0x0800099c                TIM7_IRQHandler
                0x0800099c                TIM5_IRQHandler
                0x0800099c                EXTI9_5_IRQHandler
                0x0800099c                SPI2_IRQHandler
                0x0800099c                USB_LP_CAN_RX0_IRQHandler
                0x0800099c                DMA1_Channel5_IRQHandler
                0x0800099c                EXTI4_IRQHandler
                0x0800099c                DMA1_Channel3_IRQHandler
                0x0800099c                FSMC_IRQHandler
                0x0800099c                TIM1_UP_IRQHandler
                0x0800099c                WWDG_IRQHandler
                0x0800099c                TIM2_IRQHandler
                0x0800099c                TIM1_BRK_IRQHandler
                0x0800099c                EXTI1_IRQHandler
                0x0800099c                RTCAlarm_IRQHandler
                0x0800099c                DMA2_Channel4_5_IRQHandler
                0x0800099c                USART2_IRQHandler
                0x0800099c                I2C2_ER_IRQHandler
                0x0800099c                DMA1_Channel2_IRQHandler
                0x0800099c                TIM8_BRK_IRQHandler
                0x0800099c                FLASH_IRQHandler
                0x0800099c                USART1_IRQHandler
                0x0800099c                SPI3_IRQHandler
                0x0800099c                I2C1_ER_IRQHandler
                0x0800099c                DMA2_Channel3_IRQHandler
 *fill*         0x0800099e        0x2 
 .text.__libc_init_array
                0x080009a0       0x48 c:/ac6/systemworkbench/plugins/fr.ac6.mcu.externaltools.arm-none.win32_1.17.0.201812190825/tools/compiler/bin/../lib/gcc/arm-none-eabi/7.3.1/../../../../arm-none-eabi/lib/thumb/v7-m\libc.a(lib_a-init.o)
                0x080009a0                __libc_init_array
 .text.startup.register_fini
                0x080009e8       0x14 c:/ac6/systemworkbench/plugins/fr.ac6.mcu.externaltools.arm-none.win32_1.17.0.201812190825/tools/compiler/bin/../lib/gcc/arm-none-eabi/7.3.1/../../../../arm-none-eabi/lib/thumb/v7-m\libc.a(lib_a-__call_atexit.o)
 .text.atexit   0x080009fc        0xc c:/ac6/systemworkbench/plugins/fr.ac6.mcu.externaltools.arm-none.win32_1.17.0.201812190825/tools/compiler/bin/../lib/gcc/arm-none-eabi/7.3.1/../../../../arm-none-eabi/lib/thumb/v7-m\libc.a(lib_a-atexit.o)
                0x080009fc                atexit
 .text.__libc_fini_array
                0x08000a08       0x34 c:/ac6/systemworkbench/plugins/fr.ac6.mcu.externaltools.arm-none.win32_1.17.0.201812190825/tools/compiler/bin/../lib/gcc/arm-none-eabi/7.3.1/../../../../arm-none-eabi/lib/thumb/v7-m\libc.a(lib_a-fini.o)
                0x08000a08                __libc_fini_array
 .text.__retarget_lock_acquire_recursive
                0x08000a3c        0x4 c:/ac6/systemworkbench/plugins/fr.ac6.mcu.externaltools.arm-none.win32_1.17.0.201812190825/tools/compiler/bin/../lib/gcc/arm-none-eabi/7.3.1/../../../../arm-none-eabi/lib/thumb/v7-m\libc.a(lib_a-lock.o)
                0x08000a3c                __retarget_lock_acquire_recursive
 .text.__retarget_lock_release_recursive
                0x08000a40        0x4 c:/ac6/systemworkbench/plugins/fr.ac6.mcu.externaltools.arm-none.win32_1.17.0.201812190825/tools/compiler/bin/../lib/gcc/arm-none-eabi/7.3.1/../../../../arm-none-eabi/lib/thumb/v7-m\libc.a(lib_a-lock.o)
                0x08000a40                __retarget_lock_release_recursive
 .text.__register_exitproc
                0x08000a44       0xc0 c:/ac6/systemworkbench/plugins/fr.ac6.mcu.externaltools.arm-none.win32_1.17.0.201812190825/tools/compiler/bin/../lib/gcc/arm-none-eabi/7.3.1/../../../../arm-none-eabi/lib/thumb/v7-m\libc.a(lib_a-__atexit.o)
                0x08000a44                __register_exitproc
 *(.glue_7)
 .glue_7        0x08000b04        0x0 linker stubs
 *(.glue_7t)
 .glue_7t       0x08000b04        0x0 linker stubs
 *(.eh_frame)
 .eh_frame      0x08000b04        0x0 c:/ac6/systemworkbench/plugins/fr.ac6.mcu.externaltools.arm-none.win32_1.17.0.201812190825/tools/compiler/bin/../lib/gcc/arm-none-eabi/7.3.1/thumb/v7-m/crtbegin.o
 *(.init)
 .init          0x08000b04        0x4 c:/ac6/systemworkbench/plugins/fr.ac6.mcu.externaltools.arm-none.win32_1.17.0.201812190825/tools/compiler/bin/../lib/gcc/arm-none-eabi/7.3.1/thumb/v7-m/crti.o
                0x08000b04                _init
 .init          0x08000b08        0x8 c:/ac6/systemworkbench/plugins/fr.ac6.mcu.externaltools.arm-none.win32_1.17.0.201812190825/tools/compiler/bin/../lib/gcc/arm-none-eabi/7.3.1/thumb/v7-m/crtn.o
 *(.fini)
 .fini          0x08000b10        0x4 c:/ac6/systemworkbench/plugins/fr.ac6.mcu.externaltools.arm-none.win32_1.17.0.201812190825/tools/compiler/bin/../lib/gcc/arm-none-eabi/7.3.1/thumb/v7-m/crti.o
                0x08000b10                _fini
 .fini          0x08000b14        0x8 c:/ac6/systemworkbench/plugins/fr.ac6.mcu.externaltools.arm-none.win32_1.17.0.201812190825/tools/compiler/bin/../lib/gcc/arm-none-eabi/7.3.1/thumb/v7-m/crtn.o
                0x08000b1c                . = ALIGN (0x4)
                0x08000b1c                _etext = .

.vfp11_veneer   0x08000b1c        0x0
 .vfp11_veneer  0x08000b1c        0x0 linker stubs

.v4_bx          0x08000b1c        0x0
 .v4_bx         0x08000b1c        0x0 linker stubs

.iplt           0x08000b1c        0x0
 .iplt          0x08000b1c        0x0 c:/ac6/systemworkbench/plugins/fr.ac6.mcu.externaltools.arm-none.win32_1.17.0.201812190825/tools/compiler/bin/../lib/gcc/arm-none-eabi/7.3.1/thumb/v7-m/crtbegin.o

.rodata         0x08000b1c        0x4
                0x08000b1c                . = ALIGN (0x4)
 *(.rodata)
 *(.rodata*)
 .rodata._global_impure_ptr
                0x08000b1c        0x4 c:/ac6/systemworkbench/plugins/fr.ac6.mcu.externaltools.arm-none.win32_1.17.0.201812190825/tools/compiler/bin/../lib/gcc/arm-none-eabi/7.3.1/../../../../arm-none-eabi/lib/thumb/v7-m\libc.a(lib_a-impure.o)
                0x08000b1c                _global_impure_ptr
                0x08000b20                . = ALIGN (0x4)

.rel.dyn        0x08000b20        0x0
 .rel.iplt      0x08000b20        0x0 c:/ac6/systemworkbench/plugins/fr.ac6.mcu.externaltools.arm-none.win32_1.17.0.201812190825/tools/compiler/bin/../lib/gcc/arm-none-eabi/7.3.1/thumb/v7-m/crtbegin.o

.ARM.extab      0x08000b20        0x0
                0x08000b20                . = ALIGN (0x4)
 *(.ARM.extab* .gnu.linkonce.armextab.*)
                0x08000b20                . = ALIGN (0x4)

.ARM            0x08000b20        0x0
                0x08000b20                . = ALIGN (0x4)
                0x08000b20                __exidx_start = .
 *(.ARM.exidx*)
                0x08000b20                __exidx_end = .
                0x08000b20                . = ALIGN (0x4)

.preinit_array  0x08000b20        0x0
                0x08000b20                . = ALIGN (0x4)
                0x08000b20                PROVIDE (__preinit_array_start = .)
 *(.preinit_array*)
                0x08000b20                PROVIDE (__preinit_array_end = .)
                0x08000b20                . = ALIGN (0x4)

.init_array     0x08000b20        0x8
                0x08000b20                . = ALIGN (0x4)
                0x08000b20                PROVIDE (__init_array_start = .)
 *(SORT_BY_NAME(.init_array.*))
 .init_array.00000
                0x08000b20        0x4 c:/ac6/systemworkbench/plugins/fr.ac6.mcu.externaltools.arm-none.win32_1.17.0.201812190825/tools/compiler/bin/../lib/gcc/arm-none-eabi/7.3.1/../../../../arm-none-eabi/lib/thumb/v7-m\libc.a(lib_a-__call_atexit.o)
 *(.init_array*)
 .init_array    0x08000b24        0x4 c:/ac6/systemworkbench/plugins/fr.ac6.mcu.externaltools.arm-none.win32_1.17.0.201812190825/tools/compiler/bin/../lib/gcc/arm-none-eabi/7.3.1/thumb/v7-m/crtbegin.o
                0x08000b28                PROVIDE (__init_array_end = .)
                0x08000b28                . = ALIGN (0x4)

.fini_array     0x08000b28        0x4
                0x08000b28                . = ALIGN (0x4)
                0x08000b28                PROVIDE (__fini_array_start = .)
 *(SORT_BY_NAME(.fini_array.*))
 *(.fini_array*)
 .fini_array    0x08000b28        0x4 c:/ac6/systemworkbench/plugins/fr.ac6.mcu.externaltools.arm-none.win32_1.17.0.201812190825/tools/compiler/bin/../lib/gcc/arm-none-eabi/7.3.1/thumb/v7-m/crtbegin.o
                0x08000b2c                PROVIDE (__fini_array_end = .)
                0x08000b2c                . = ALIGN (0x4)
                0x08000b2c                _sidata = LOADADDR (.data)

.data           0x20000000      0x434 load address 0x08000b2c
                0x20000000                . = ALIGN (0x4)
                0x20000000                _sdata = .
 *(.data)
 .data          0x20000000        0x6 src/main.o
                0x20000000                a
                0x20000004                buff_tx
 *(.data*)
 *fill*         0x20000006        0x2 
 .data.impure_data
                0x20000008      0x428 c:/ac6/systemworkbench/plugins/fr.ac6.mcu.externaltools.arm-none.win32_1.17.0.201812190825/tools/compiler/bin/../lib/gcc/arm-none-eabi/7.3.1/../../../../arm-none-eabi/lib/thumb/v7-m\libc.a(lib_a-impure.o)
 .data.__atexit_recursive_mutex
                0x20000430        0x4 c:/ac6/systemworkbench/plugins/fr.ac6.mcu.externaltools.arm-none.win32_1.17.0.201812190825/tools/compiler/bin/../lib/gcc/arm-none-eabi/7.3.1/../../../../arm-none-eabi/lib/thumb/v7-m\libc.a(lib_a-__call_atexit.o)
                0x20000430                __atexit_recursive_mutex
                0x20000434                . = ALIGN (0x4)
                0x20000434                _edata = .

.igot.plt       0x20000434        0x0 load address 0x08000f60
 .igot.plt      0x20000434        0x0 c:/ac6/systemworkbench/plugins/fr.ac6.mcu.externaltools.arm-none.win32_1.17.0.201812190825/tools/compiler/bin/../lib/gcc/arm-none-eabi/7.3.1/thumb/v7-m/crtbegin.o
                0x20000434                . = ALIGN (0x4)

.bss            0x20000434       0x40 load address 0x08000f60
                0x20000434                _sbss = .
                0x20000434                __bss_start__ = _sbss
 *(.bss)
 .bss           0x20000434       0x1c c:/ac6/systemworkbench/plugins/fr.ac6.mcu.externaltools.arm-none.win32_1.17.0.201812190825/tools/compiler/bin/../lib/gcc/arm-none-eabi/7.3.1/thumb/v7-m/crtbegin.o
 *(.bss*)
 *(COMMON)
 COMMON         0x20000450       0x21 c:/ac6/systemworkbench/plugins/fr.ac6.mcu.externaltools.arm-none.win32_1.17.0.201812190825/tools/compiler/bin/../lib/gcc/arm-none-eabi/7.3.1/../../../../arm-none-eabi/lib/thumb/v7-m\libc.a(lib_a-lock.o)
                0x20000450                __lock___atexit_recursive_mutex
                0x20000454                __lock___arc4random_mutex
                0x20000458                __lock___env_recursive_mutex
                0x2000045c                __lock___sinit_recursive_mutex
                0x20000460                __lock___malloc_recursive_mutex
                0x20000464                __lock___at_quick_exit_mutex
                0x20000468                __lock___dd_hash_mutex
                0x2000046c                __lock___tz_mutex
                0x20000470                __lock___sfp_recursive_mutex
                0x20000474                . = ALIGN (0x4)
 *fill*         0x20000471        0x3 
                0x20000474                _ebss = .
                0x20000474                __bss_end__ = _ebss

._user_heap_stack
                0x20000474      0x404 load address 0x08000f60
                0x20000478                . = ALIGN (0x8)
 *fill*         0x20000474        0x4 
                0x20000478                PROVIDE (end = .)
                [!provide]                PROVIDE (_end = .)
                0x20000478                . = (. + _Min_Heap_Size)
                0x20000878                . = (. + _Min_Stack_Size)
 *fill*         0x20000478      0x400 
                0x20000878                . = ALIGN (0x8)

/DISCARD/
 libc.a(*)
 libm.a(*)
 libgcc.a(*)

.ARM.attributes
                0x00000000       0x29
 *(.ARM.attributes)
 .ARM.attributes
                0x00000000       0x1d c:/ac6/systemworkbench/plugins/fr.ac6.mcu.externaltools.arm-none.win32_1.17.0.201812190825/tools/compiler/bin/../lib/gcc/arm-none-eabi/7.3.1/thumb/v7-m/crti.o
 .ARM.attributes
                0x0000001d       0x2d c:/ac6/systemworkbench/plugins/fr.ac6.mcu.externaltools.arm-none.win32_1.17.0.201812190825/tools/compiler/bin/../lib/gcc/arm-none-eabi/7.3.1/thumb/v7-m/crtbegin.o
 .ARM.attributes
                0x0000004a       0x33 src/main.o
 .ARM.attributes
                0x0000007d       0x33 src/misc.o
 .ARM.attributes
                0x000000b0       0x33 src/stm32f10x_exti.o
 .ARM.attributes
                0x000000e3       0x33 src/stm32f10x_gpio.o
 .ARM.attributes
                0x00000116       0x33 src/stm32f10x_it.o
 .ARM.attributes
                0x00000149       0x33 src/stm32f10x_rcc.o
 .ARM.attributes
                0x0000017c       0x33 src/stm32f10x_spi.o
 .ARM.attributes
                0x000001af       0x33 src/system_stm32f10x.o
 .ARM.attributes
                0x000001e2       0x21 startup/startup_stm32.o
 .ARM.attributes
                0x00000203       0x2d c:/ac6/systemworkbench/plugins/fr.ac6.mcu.externaltools.arm-none.win32_1.17.0.201812190825/tools/compiler/bin/../lib/gcc/arm-none-eabi/7.3.1/../../../../arm-none-eabi/lib/thumb/v7-m\libc.a(lib_a-impure.o)
 .ARM.attributes
                0x00000230       0x2d c:/ac6/systemworkbench/plugins/fr.ac6.mcu.externaltools.arm-none.win32_1.17.0.201812190825/tools/compiler/bin/../lib/gcc/arm-none-eabi/7.3.1/../../../../arm-none-eabi/lib/thumb/v7-m\libc.a(lib_a-init.o)
 .ARM.attributes
                0x0000025d       0x2d c:/ac6/systemworkbench/plugins/fr.ac6.mcu.externaltools.arm-none.win32_1.17.0.201812190825/tools/compiler/bin/../lib/gcc/arm-none-eabi/7.3.1/../../../../arm-none-eabi/lib/thumb/v7-m\libc.a(lib_a-__call_atexit.o)
 .ARM.attributes
                0x0000028a       0x2d c:/ac6/systemworkbench/plugins/fr.ac6.mcu.externaltools.arm-none.win32_1.17.0.201812190825/tools/compiler/bin/../lib/gcc/arm-none-eabi/7.3.1/../../../../arm-none-eabi/lib/thumb/v7-m\libc.a(lib_a-atexit.o)
 .ARM.attributes
                0x000002b7       0x2d c:/ac6/systemworkbench/plugins/fr.ac6.mcu.externaltools.arm-none.win32_1.17.0.201812190825/tools/compiler/bin/../lib/gcc/arm-none-eabi/7.3.1/../../../../arm-none-eabi/lib/thumb/v7-m\libc.a(lib_a-fini.o)
 .ARM.attributes
                0x000002e4       0x2d c:/ac6/systemworkbench/plugins/fr.ac6.mcu.externaltools.arm-none.win32_1.17.0.201812190825/tools/compiler/bin/../lib/gcc/arm-none-eabi/7.3.1/../../../../arm-none-eabi/lib/thumb/v7-m\libc.a(lib_a-lock.o)
 .ARM.attributes
                0x00000311       0x2d c:/ac6/systemworkbench/plugins/fr.ac6.mcu.externaltools.arm-none.win32_1.17.0.201812190825/tools/compiler/bin/../lib/gcc/arm-none-eabi/7.3.1/../../../../arm-none-eabi/lib/thumb/v7-m\libc.a(lib_a-__atexit.o)
 .ARM.attributes
                0x0000033e       0x1d c:/ac6/systemworkbench/plugins/fr.ac6.mcu.externaltools.arm-none.win32_1.17.0.201812190825/tools/compiler/bin/../lib/gcc/arm-none-eabi/7.3.1/thumb/v7-m/crtn.o
OUTPUT(spi_gpio_int.elf elf32-littlearm)

.debug_info     0x00000000     0x2d64
 .debug_info    0x00000000      0x70e src/main.o
 .debug_info    0x0000070e      0x4e7 src/misc.o
 .debug_info    0x00000bf5      0x34b src/stm32f10x_exti.o
 .debug_info    0x00000f40      0x6ec src/stm32f10x_gpio.o
 .debug_info    0x0000162c      0x13b src/stm32f10x_it.o
 .debug_info    0x00001767      0x89c src/stm32f10x_rcc.o
 .debug_info    0x00002003      0x8ef src/stm32f10x_spi.o
 .debug_info    0x000028f2      0x450 src/system_stm32f10x.o
 .debug_info    0x00002d42       0x22 startup/startup_stm32.o

.debug_abbrev   0x00000000      0xc36
 .debug_abbrev  0x00000000      0x1ae src/main.o
 .debug_abbrev  0x000001ae      0x186 src/misc.o
 .debug_abbrev  0x00000334      0x16f src/stm32f10x_exti.o
 .debug_abbrev  0x000004a3      0x1e4 src/stm32f10x_gpio.o
 .debug_abbrev  0x00000687       0x7b src/stm32f10x_it.o
 .debug_abbrev  0x00000702      0x1d4 src/stm32f10x_rcc.o
 .debug_abbrev  0x000008d6      0x1b0 src/stm32f10x_spi.o
 .debug_abbrev  0x00000a86      0x19e src/system_stm32f10x.o
 .debug_abbrev  0x00000c24       0x12 startup/startup_stm32.o

.debug_aranges  0x00000000      0x440
 .debug_aranges
                0x00000000       0x58 src/main.o
 .debug_aranges
                0x00000058       0x40 src/misc.o
 .debug_aranges
                0x00000098       0x58 src/stm32f10x_exti.o
 .debug_aranges
                0x000000f0       0xa8 src/stm32f10x_gpio.o
 .debug_aranges
                0x00000198       0x60 src/stm32f10x_it.o
 .debug_aranges
                0x000001f8      0x118 src/stm32f10x_rcc.o
 .debug_aranges
                0x00000310       0xd0 src/stm32f10x_spi.o
 .debug_aranges
                0x000003e0       0x38 src/system_stm32f10x.o
 .debug_aranges
                0x00000418       0x28 startup/startup_stm32.o

.debug_ranges   0x00000000      0x3b8
 .debug_ranges  0x00000000       0x48 src/main.o
 .debug_ranges  0x00000048       0x30 src/misc.o
 .debug_ranges  0x00000078       0x48 src/stm32f10x_exti.o
 .debug_ranges  0x000000c0       0x98 src/stm32f10x_gpio.o
 .debug_ranges  0x00000158       0x50 src/stm32f10x_it.o
 .debug_ranges  0x000001a8      0x108 src/stm32f10x_rcc.o
 .debug_ranges  0x000002b0       0xc0 src/stm32f10x_spi.o
 .debug_ranges  0x00000370       0x28 src/system_stm32f10x.o
 .debug_ranges  0x00000398       0x20 startup/startup_stm32.o

.debug_macro    0x00000000     0xcc4f
 .debug_macro   0x00000000      0x17b src/main.o
 .debug_macro   0x0000017b       0x5c src/main.o
 .debug_macro   0x000001d7       0x22 src/main.o
 .debug_macro   0x000001f9      0x69f src/main.o
 .debug_macro   0x00000898     0x7dbe src/main.o
 .debug_macro   0x00008656       0x35 src/main.o
 .debug_macro   0x0000868b      0x2df src/main.o
 .debug_macro   0x0000896a      0x144 src/main.o
 .debug_macro   0x00008aae      0x3cf src/main.o
 .debug_macro   0x00008e7d       0xc8 src/main.o
 .debug_macro   0x00008f45      0x17a src/main.o
 .debug_macro   0x000090bf       0xac src/main.o
 .debug_macro   0x0000916b      0x3ad src/main.o
 .debug_macro   0x00009518       0x9a src/main.o
 .debug_macro   0x000095b2      0x2cf src/main.o
 .debug_macro   0x00009881      0x279 src/main.o
 .debug_macro   0x00009afa      0x2ac src/main.o
 .debug_macro   0x00009da6      0x2b1 src/main.o
 .debug_macro   0x0000a057       0x64 src/main.o
 .debug_macro   0x0000a0bb       0x82 src/main.o
 .debug_macro   0x0000a13d      0x3e2 src/main.o
 .debug_macro   0x0000a51f       0x58 src/main.o
 .debug_macro   0x0000a577      0x341 src/main.o
 .debug_macro   0x0000a8b8      0x2c4 src/main.o
 .debug_macro   0x0000ab7c      0x711 src/main.o
 .debug_macro   0x0000b28d      0x220 src/main.o
 .debug_macro   0x0000b4ad       0x34 src/main.o
 .debug_macro   0x0000b4e1       0x8b src/main.o
 .debug_macro   0x0000b56c      0x18b src/misc.o
 .debug_macro   0x0000b6f7       0x85 src/misc.o
 .debug_macro   0x0000b77c      0x18b src/stm32f10x_exti.o
 .debug_macro   0x0000b907       0x94 src/stm32f10x_exti.o
 .debug_macro   0x0000b99b      0x1d7 src/stm32f10x_gpio.o
 .debug_macro   0x0000bb72      0x2a6 src/stm32f10x_gpio.o
 .debug_macro   0x0000be18      0x185 src/stm32f10x_it.o
 .debug_macro   0x0000bf9d      0x2a1 src/stm32f10x_rcc.o
 .debug_macro   0x0000c23e      0x3dc src/stm32f10x_rcc.o
 .debug_macro   0x0000c61a      0x1ef src/stm32f10x_spi.o
 .debug_macro   0x0000c809      0x2be src/stm32f10x_spi.o
 .debug_macro   0x0000cac7      0x188 src/system_stm32f10x.o

.debug_line     0x00000000     0x3232
 .debug_line    0x00000000      0x5a6 src/main.o
 .debug_line    0x000005a6      0x556 src/misc.o
 .debug_line    0x00000afc      0x5ad src/stm32f10x_exti.o
 .debug_line    0x000010a9      0x6d7 src/stm32f10x_gpio.o
 .debug_line    0x00001780      0x5a4 src/stm32f10x_it.o
 .debug_line    0x00001d24      0x7d3 src/stm32f10x_rcc.o
 .debug_line    0x000024f7      0x722 src/stm32f10x_spi.o
 .debug_line    0x00002c19      0x59d src/system_stm32f10x.o
 .debug_line    0x000031b6       0x7c startup/startup_stm32.o

.debug_str      0x00000000    0x4f049
 .debug_str     0x00000000    0x4d784 src/main.o
                              0x4d904 (size before relaxing)
 .debug_str     0x0004d784      0x1a0 src/misc.o
                              0x4d42b (size before relaxing)
 .debug_str     0x0004d924       0xf7 src/stm32f10x_exti.o
                              0x4d3b4 (size before relaxing)
 .debug_str     0x0004da1b      0x477 src/stm32f10x_gpio.o
                              0x4d7a3 (size before relaxing)
 .debug_str     0x0004de92       0xb8 src/stm32f10x_it.o
                              0x4d25f (size before relaxing)
 .debug_str     0x0004df4a      0xb43 src/stm32f10x_rcc.o
                              0x4dd89 (size before relaxing)
 .debug_str     0x0004ea8d      0x4e9 src/stm32f10x_spi.o
                              0x4d8a3 (size before relaxing)
 .debug_str     0x0004ef76       0xaa src/system_stm32f10x.o
                              0x4d348 (size before relaxing)
 .debug_str     0x0004f020       0x29 startup/startup_stm32.o
                                 0x5d (size before relaxing)

.comment        0x00000000       0x7f
 .comment       0x00000000       0x7f src/main.o
                                 0x80 (size before relaxing)
 .comment       0x0000007f       0x80 src/misc.o
 .comment       0x0000007f       0x80 src/stm32f10x_exti.o
 .comment       0x0000007f       0x80 src/stm32f10x_gpio.o
 .comment       0x0000007f       0x80 src/stm32f10x_it.o
 .comment       0x0000007f       0x80 src/stm32f10x_rcc.o
 .comment       0x0000007f       0x80 src/stm32f10x_spi.o
 .comment       0x0000007f       0x80 src/system_stm32f10x.o

.debug_frame    0x00000000     0x1204
 .debug_frame   0x00000000      0x118 src/main.o
 .debug_frame   0x00000118       0xd8 src/misc.o
 .debug_frame   0x000001f0      0x148 src/stm32f10x_exti.o
 .debug_frame   0x00000338      0x2d0 src/stm32f10x_gpio.o
 .debug_frame   0x00000608      0x110 src/stm32f10x_it.o
 .debug_frame   0x00000718      0x4f4 src/stm32f10x_rcc.o
 .debug_frame   0x00000c0c      0x3a0 src/stm32f10x_spi.o
 .debug_frame   0x00000fac       0x98 src/system_stm32f10x.o
 .debug_frame   0x00001044       0x2c c:/ac6/systemworkbench/plugins/fr.ac6.mcu.externaltools.arm-none.win32_1.17.0.201812190825/tools/compiler/bin/../lib/gcc/arm-none-eabi/7.3.1/../../../../arm-none-eabi/lib/thumb/v7-m\libc.a(lib_a-init.o)
 .debug_frame   0x00001070       0x5c c:/ac6/systemworkbench/plugins/fr.ac6.mcu.externaltools.arm-none.win32_1.17.0.201812190825/tools/compiler/bin/../lib/gcc/arm-none-eabi/7.3.1/../../../../arm-none-eabi/lib/thumb/v7-m\libc.a(lib_a-__call_atexit.o)
 .debug_frame   0x000010cc       0x20 c:/ac6/systemworkbench/plugins/fr.ac6.mcu.externaltools.arm-none.win32_1.17.0.201812190825/tools/compiler/bin/../lib/gcc/arm-none-eabi/7.3.1/../../../../arm-none-eabi/lib/thumb/v7-m\libc.a(lib_a-atexit.o)
 .debug_frame   0x000010ec       0x34 c:/ac6/systemworkbench/plugins/fr.ac6.mcu.externaltools.arm-none.win32_1.17.0.201812190825/tools/compiler/bin/../lib/gcc/arm-none-eabi/7.3.1/../../../../arm-none-eabi/lib/thumb/v7-m\libc.a(lib_a-fini.o)
 .debug_frame   0x00001120       0xb0 c:/ac6/systemworkbench/plugins/fr.ac6.mcu.externaltools.arm-none.win32_1.17.0.201812190825/tools/compiler/bin/../lib/gcc/arm-none-eabi/7.3.1/../../../../arm-none-eabi/lib/thumb/v7-m\libc.a(lib_a-lock.o)
 .debug_frame   0x000011d0       0x34 c:/ac6/systemworkbench/plugins/fr.ac6.mcu.externaltools.arm-none.win32_1.17.0.201812190825/tools/compiler/bin/../lib/gcc/arm-none-eabi/7.3.1/../../../../arm-none-eabi/lib/thumb/v7-m\libc.a(lib_a-__atexit.o)
