Archive member included to satisfy reference by file (symbol)

c:/ac6/systemworkbench/plugins/fr.ac6.mcu.externaltools.arm-none.win32_1.17.0.201812190825/tools/compiler/bin/../lib/gcc/arm-none-eabi/7.3.1/../../../../arm-none-eabi/lib/thumb/v7-m\libc.a(lib_a-errno.o)
                              startup/sysmem.o (__errno)
c:/ac6/systemworkbench/plugins/fr.ac6.mcu.externaltools.arm-none.win32_1.17.0.201812190825/tools/compiler/bin/../lib/gcc/arm-none-eabi/7.3.1/../../../../arm-none-eabi/lib/thumb/v7-m\libc.a(lib_a-exit.o)
                              c:/ac6/systemworkbench/plugins/fr.ac6.mcu.externaltools.arm-none.win32_1.17.0.201812190825/tools/compiler/bin/../lib/gcc/arm-none-eabi/7.3.1/../../../../arm-none-eabi/lib/thumb/v7-m/crt0.o (exit)
c:/ac6/systemworkbench/plugins/fr.ac6.mcu.externaltools.arm-none.win32_1.17.0.201812190825/tools/compiler/bin/../lib/gcc/arm-none-eabi/7.3.1/../../../../arm-none-eabi/lib/thumb/v7-m\libc.a(lib_a-impure.o)
                              c:/ac6/systemworkbench/plugins/fr.ac6.mcu.externaltools.arm-none.win32_1.17.0.201812190825/tools/compiler/bin/../lib/gcc/arm-none-eabi/7.3.1/../../../../arm-none-eabi/lib/thumb/v7-m\libc.a(lib_a-exit.o) (_global_impure_ptr)
c:/ac6/systemworkbench/plugins/fr.ac6.mcu.externaltools.arm-none.win32_1.17.0.201812190825/tools/compiler/bin/../lib/gcc/arm-none-eabi/7.3.1/../../../../arm-none-eabi/lib/thumb/v7-m\libc.a(lib_a-init.o)
                              c:/ac6/systemworkbench/plugins/fr.ac6.mcu.externaltools.arm-none.win32_1.17.0.201812190825/tools/compiler/bin/../lib/gcc/arm-none-eabi/7.3.1/../../../../arm-none-eabi/lib/thumb/v7-m/crt0.o (__libc_init_array)
c:/ac6/systemworkbench/plugins/fr.ac6.mcu.externaltools.arm-none.win32_1.17.0.201812190825/tools/compiler/bin/../lib/gcc/arm-none-eabi/7.3.1/../../../../arm-none-eabi/lib/thumb/v7-m\libc.a(lib_a-memset.o)
                              c:/ac6/systemworkbench/plugins/fr.ac6.mcu.externaltools.arm-none.win32_1.17.0.201812190825/tools/compiler/bin/../lib/gcc/arm-none-eabi/7.3.1/../../../../arm-none-eabi/lib/thumb/v7-m/crt0.o (memset)
c:/ac6/systemworkbench/plugins/fr.ac6.mcu.externaltools.arm-none.win32_1.17.0.201812190825/tools/compiler/bin/../lib/gcc/arm-none-eabi/7.3.1/../../../../arm-none-eabi/lib/thumb/v7-m\libc.a(lib_a-__call_atexit.o)
                              c:/ac6/systemworkbench/plugins/fr.ac6.mcu.externaltools.arm-none.win32_1.17.0.201812190825/tools/compiler/bin/../lib/gcc/arm-none-eabi/7.3.1/../../../../arm-none-eabi/lib/thumb/v7-m\libc.a(lib_a-exit.o) (__call_exitprocs)
c:/ac6/systemworkbench/plugins/fr.ac6.mcu.externaltools.arm-none.win32_1.17.0.201812190825/tools/compiler/bin/../lib/gcc/arm-none-eabi/7.3.1/../../../../arm-none-eabi/lib/thumb/v7-m\libc.a(lib_a-atexit.o)
                              c:/ac6/systemworkbench/plugins/fr.ac6.mcu.externaltools.arm-none.win32_1.17.0.201812190825/tools/compiler/bin/../lib/gcc/arm-none-eabi/7.3.1/../../../../arm-none-eabi/lib/thumb/v7-m\libc.a(lib_a-__call_atexit.o) (atexit)
c:/ac6/systemworkbench/plugins/fr.ac6.mcu.externaltools.arm-none.win32_1.17.0.201812190825/tools/compiler/bin/../lib/gcc/arm-none-eabi/7.3.1/../../../../arm-none-eabi/lib/thumb/v7-m\libc.a(lib_a-fini.o)
                              c:/ac6/systemworkbench/plugins/fr.ac6.mcu.externaltools.arm-none.win32_1.17.0.201812190825/tools/compiler/bin/../lib/gcc/arm-none-eabi/7.3.1/../../../../arm-none-eabi/lib/thumb/v7-m\libc.a(lib_a-__call_atexit.o) (__libc_fini_array)
c:/ac6/systemworkbench/plugins/fr.ac6.mcu.externaltools.arm-none.win32_1.17.0.201812190825/tools/compiler/bin/../lib/gcc/arm-none-eabi/7.3.1/../../../../arm-none-eabi/lib/thumb/v7-m\libc.a(lib_a-lock.o)
                              c:/ac6/systemworkbench/plugins/fr.ac6.mcu.externaltools.arm-none.win32_1.17.0.201812190825/tools/compiler/bin/../lib/gcc/arm-none-eabi/7.3.1/../../../../arm-none-eabi/lib/thumb/v7-m\libc.a(lib_a-__call_atexit.o) (__retarget_lock_acquire_recursive)
c:/ac6/systemworkbench/plugins/fr.ac6.mcu.externaltools.arm-none.win32_1.17.0.201812190825/tools/compiler/bin/../lib/gcc/arm-none-eabi/7.3.1/../../../../arm-none-eabi/lib/thumb/v7-m\libc.a(lib_a-__atexit.o)
                              c:/ac6/systemworkbench/plugins/fr.ac6.mcu.externaltools.arm-none.win32_1.17.0.201812190825/tools/compiler/bin/../lib/gcc/arm-none-eabi/7.3.1/../../../../arm-none-eabi/lib/thumb/v7-m\libc.a(lib_a-atexit.o) (__register_exitproc)

Allocating common symbols
Common symbol       size              file

__lock___atexit_recursive_mutex
                    0x1               c:/ac6/systemworkbench/plugins/fr.ac6.mcu.externaltools.arm-none.win32_1.17.0.201812190825/tools/compiler/bin/../lib/gcc/arm-none-eabi/7.3.1/../../../../arm-none-eabi/lib/thumb/v7-m\libc.a(lib_a-lock.o)
__lock___arc4random_mutex
[...]
Memory Configuration

Name             Origin             Length             Attributes
RAM              0x20000000         0x00005000         xrw
ROM              0x08000000         0x00010000         xr
*default*        0x00000000         0xffffffff

Linker script and memory map

LOAD c:/ac6/systemworkbench/plugins/fr.ac6.mcu.externaltools.arm-none.win32_1.17.0.201812190825/tools/compiler/bin/../lib/gcc/arm-none-eabi/7.3.1/thumb/v7-m/crti.o
LOAD c:/ac6/systemworkbench/plugins/fr.ac6.mcu.externaltools.arm-none.win32_1.17.0.201812190825/tools/compiler/bin/../lib/gcc/arm-none-eabi/7.3.1/thumb/v7-m/crtbegin.o
LOAD c:/ac6/systemworkbench/plugins/fr.ac6.mcu.externaltools.arm-none.win32_1.17.0.201812190825/tools/compiler/bin/../lib/gcc/arm-none-eabi/7.3.1/../../../../arm-none-eabi/lib/thumb/v7-m/crt0.o
LOAD src/core_cm3.o
LOAD src/main.o
LOAD src/misc.o
LOAD src/stm32f10x_adc.o
LOAD src/stm32f10x_bkp.o
LOAD src/stm32f10x_can.o
LOAD src/stm32f10x_cec.o
LOAD src/stm32f10x_crc.o
LOAD src/stm32f10x_dac.o
LOAD src/stm32f10x_dbgmcu.o
LOAD src/stm32f10x_dma.o
LOAD src/stm32f10x_exti.o
LOAD src/stm32f10x_flash.o
LOAD src/stm32f10x_fsmc.o
LOAD src/stm32f10x_gpio.o
LOAD src/stm32f10x_i2c.o
LOAD src/stm32f10x_it.o
LOAD src/stm32f10x_iwdg.o
LOAD src/stm32f10x_pwr.o
LOAD src/stm32f10x_rcc.o
LOAD src/stm32f10x_rtc.o
LOAD src/stm32f10x_sdio.o
LOAD src/stm32f10x_spi.o
LOAD src/stm32f10x_tim.o
LOAD src/stm32f10x_usart.o
LOAD src/stm32f10x_wwdg.o
LOAD src/system_stm32f10x.o
LOAD startup/startup_stm32.o
LOAD startup/sysmem.o
LOAD c:/ac6/systemworkbench/plugins/fr.ac6.mcu.externaltools.arm-none.win32_1.17.0.201812190825/tools/compiler/bin/../lib/gcc/arm-none-eabi/7.3.1/../../../../arm-none-eabi/lib/thumb/v7-m\libm.a
START GROUP
LOAD c:/ac6/systemworkbench/plugins/fr.ac6.mcu.externaltools.arm-none.win32_1.17.0.201812190825/tools/compiler/bin/../lib/gcc/arm-none-eabi/7.3.1/thumb/v7-m\libgcc.a
LOAD c:/ac6/systemworkbench/plugins/fr.ac6.mcu.externaltools.arm-none.win32_1.17.0.201812190825/tools/compiler/bin/../lib/gcc/arm-none-eabi/7.3.1/../../../../arm-none-eabi/lib/thumb/v7-m\libc.a
END GROUP
LOAD c:/ac6/systemworkbench/plugins/fr.ac6.mcu.externaltools.arm-none.win32_1.17.0.201812190825/tools/compiler/bin/../lib/gcc/arm-none-eabi/7.3.1/thumb/v7-m/crtend.o
LOAD c:/ac6/systemworkbench/plugins/fr.ac6.mcu.externaltools.arm-none.win32_1.17.0.201812190825/tools/compiler/bin/../lib/gcc/arm-none-eabi/7.3.1/thumb/v7-m/crtn.o
                0x20005000                _estack = 0x20005000
                0x00000000                _Min_Heap_Size = 0x0
                0x00000400                _Min_Stack_Size = 0x400

.isr_vector     0x08000000      0x130
                0x08000000                . = ALIGN (0x4)
 *(.isr_vector)
 .isr_vector    0x08000000      0x130 startup/startup_stm32.o
                0x08000000                g_pfnVectors
                0x08000130                . = ALIGN (0x4)

.text           0x08000130      0x3e8
                0x08000130                . = ALIGN (0x4)
 *(.text)
 .text          0x08000130       0x40 c:/ac6/systemworkbench/plugins/fr.ac6.mcu.externaltools.arm-none.win32_1.17.0.201812190825/tools/compiler/bin/../lib/gcc/arm-none-eabi/7.3.1/thumb/v7-m/crtbegin.o
 *(.text*)
 .text.main     0x08000170        0xe src/main.o
                0x08000170                main
 .text.NMI_Handler
                0x0800017e        0xc src/stm32f10x_it.o
                0x0800017e                NMI_Handler
 .text.HardFault_Handler
                0x0800018a        0x6 src/stm32f10x_it.o
                0x0800018a                HardFault_Handler
 .text.MemManage_Handler
                0x08000190        0x6 src/stm32f10x_it.o
                0x08000190                MemManage_Handler
 .text.BusFault_Handler
                0x08000196        0x6 src/stm32f10x_it.o
                0x08000196                BusFault_Handler
 .text.UsageFault_Handler
                0x0800019c        0x6 src/stm32f10x_it.o
                0x0800019c                UsageFault_Handler
 .text.SVC_Handler
                0x080001a2        0xc src/stm32f10x_it.o
                0x080001a2                SVC_Handler
 .text.DebugMon_Handler
                0x080001ae        0xc src/stm32f10x_it.o
                0x080001ae                DebugMon_Handler
 .text.PendSV_Handler
                0x080001ba        0xc src/stm32f10x_it.o
                0x080001ba                PendSV_Handler
 .text.SysTick_Handler
                0x080001c6        0xc src/stm32f10x_it.o
                0x080001c6                SysTick_Handler
 *fill*         0x080001d2        0x2 
 .text.SystemInit
                0x080001d4       0x68 src/system_stm32f10x.o
                0x080001d4                SystemInit
 .text.SetSysClock
                0x0800023c        0xc src/system_stm32f10x.o
 .text.SetSysClockTo72
                0x08000248      0x100 src/system_stm32f10x.o
 .text.Reset_Handler
                0x08000348       0x50 startup/startup_stm32.o
                0x08000348                Reset_Handler
 .text.Default_Handler
                0x08000398        0x2 startup/startup_stm32.o
                0x08000398                EXTI2_IRQHandler
                0x08000398                TIM8_TRG_COM_IRQHandler
                0x08000398                TIM8_CC_IRQHandler
                0x08000398                TIM1_CC_IRQHandler
                0x08000398                TIM6_IRQHandler
                0x08000398                PVD_IRQHandler
                0x08000398                SDIO_IRQHandler
                0x08000398                EXTI3_IRQHandler
                0x08000398                USB_HP_CAN_TX_IRQHandler
                0x08000398                EXTI0_IRQHandler
                0x08000398                I2C2_EV_IRQHandler
                0x08000398                ADC1_2_IRQHandler
                0x08000398                SPI1_IRQHandler
                0x08000398                CAN_SCE_IRQHandler
                0x08000398                TAMPER_IRQHandler
                0x08000398                TIM8_UP_IRQHandler
                0x08000398                DMA2_Channel2_IRQHandler
                0x08000398                DMA1_Channel4_IRQHandler
                0x08000398                USART3_IRQHandler
                0x08000398                RTC_IRQHandler
                0x08000398                DMA1_Channel7_IRQHandler
                0x08000398                UART5_IRQHandler
                0x08000398                ADC3_IRQHandler
                0x08000398                TIM4_IRQHandler
                0x08000398                CAN_RX1_IRQHandler
                0x08000398                DMA2_Channel1_IRQHandler
                0x08000398                I2C1_EV_IRQHandler
                0x08000398                DMA1_Channel6_IRQHandler
                0x08000398                UART4_IRQHandler
                0x08000398                TIM3_IRQHandler
                0x08000398                RCC_IRQHandler
                0x08000398                TIM1_TRG_COM_IRQHandler
                0x08000398                DMA1_Channel1_IRQHandler
                0x08000398                Default_Handler
                0x08000398                EXTI15_10_IRQHandler
                0x08000398                TIM7_IRQHandler
                0x08000398                TIM5_IRQHandler
                0x08000398                EXTI9_5_IRQHandler
                0x08000398                SPI2_IRQHandler
                0x08000398                USB_LP_CAN_RX0_IRQHandler
                0x08000398                DMA1_Channel5_IRQHandler
                0x08000398                EXTI4_IRQHandler
                0x08000398                DMA1_Channel3_IRQHandler
                0x08000398                FSMC_IRQHandler
                0x08000398                TIM1_UP_IRQHandler
                0x08000398                WWDG_IRQHandler
                0x08000398                TIM2_IRQHandler
                0x08000398                TIM1_BRK_IRQHandler
                0x08000398                EXTI1_IRQHandler
                0x08000398                RTCAlarm_IRQHandler
                0x08000398                DMA2_Channel4_5_IRQHandler
                0x08000398                USART2_IRQHandler
                0x08000398                I2C2_ER_IRQHandler
                0x08000398                DMA1_Channel2_IRQHandler
                0x08000398                TIM8_BRK_IRQHandler
                0x08000398                FLASH_IRQHandler
                0x08000398                USART1_IRQHandler
                0x08000398                SPI3_IRQHandler
                0x08000398                I2C1_ER_IRQHandler
                0x08000398                DMA2_Channel3_IRQHandler
 *fill*         0x0800039a        0x2 
 .text.__libc_init_array
                0x0800039c       0x48 c:/ac6/systemworkbench/plugins/fr.ac6.mcu.externaltools.arm-none.win32_1.17.0.201812190825/tools/compiler/bin/../lib/gcc/arm-none-eabi/7.3.1/../../../../arm-none-eabi/lib/thumb/v7-m\libc.a(lib_a-init.o)
                0x0800039c                __libc_init_array
 .text.startup.register_fini
                0x080003e4       0x14 c:/ac6/systemworkbench/plugins/fr.ac6.mcu.externaltools.arm-none.win32_1.17.0.201812190825/tools/compiler/bin/../lib/gcc/arm-none-eabi/7.3.1/../../../../arm-none-eabi/lib/thumb/v7-m\libc.a(lib_a-__call_atexit.o)
 .text.atexit   0x080003f8        0xc c:/ac6/systemworkbench/plugins/fr.ac6.mcu.externaltools.arm-none.win32_1.17.0.201812190825/tools/compiler/bin/../lib/gcc/arm-none-eabi/7.3.1/../../../../arm-none-eabi/lib/thumb/v7-m\libc.a(lib_a-atexit.o)
                0x080003f8                atexit
 .text.__libc_fini_array
                0x08000404       0x34 c:/ac6/systemworkbench/plugins/fr.ac6.mcu.externaltools.arm-none.win32_1.17.0.201812190825/tools/compiler/bin/../lib/gcc/arm-none-eabi/7.3.1/../../../../arm-none-eabi/lib/thumb/v7-m\libc.a(lib_a-fini.o)
                0x08000404                __libc_fini_array
 .text.__retarget_lock_acquire_recursive
                0x08000438        0x4 c:/ac6/systemworkbench/plugins/fr.ac6.mcu.externaltools.arm-none.win32_1.17.0.201812190825/tools/compiler/bin/../lib/gcc/arm-none-eabi/7.3.1/../../../../arm-none-eabi/lib/thumb/v7-m\libc.a(lib_a-lock.o)
                0x08000438                __retarget_lock_acquire_recursive
 .text.__retarget_lock_release_recursive
                0x0800043c        0x4 c:/ac6/systemworkbench/plugins/fr.ac6.mcu.externaltools.arm-none.win32_1.17.0.201812190825/tools/compiler/bin/../lib/gcc/arm-none-eabi/7.3.1/../../../../arm-none-eabi/lib/thumb/v7-m\libc.a(lib_a-lock.o)
                0x0800043c                __retarget_lock_release_recursive
 .text.__register_exitproc
                0x08000440       0xc0 c:/ac6/systemworkbench/plugins/fr.ac6.mcu.externaltools.arm-none.win32_1.17.0.201812190825/tools/compiler/bin/../lib/gcc/arm-none-eabi/7.3.1/../../../../arm-none-eabi/lib/thumb/v7-m\libc.a(lib_a-__atexit.o)
                0x08000440                __register_exitproc
 *(.glue_7)
 .glue_7        0x08000500        0x0 linker stubs
 *(.glue_7t)
 .glue_7t       0x08000500        0x0 linker stubs
 *(.eh_frame)
 .eh_frame      0x08000500        0x0 c:/ac6/systemworkbench/plugins/fr.ac6.mcu.externaltools.arm-none.win32_1.17.0.201812190825/tools/compiler/bin/../lib/gcc/arm-none-eabi/7.3.1/thumb/v7-m/crtbegin.o
 *(.init)
 .init          0x08000500        0x4 c:/ac6/systemworkbench/plugins/fr.ac6.mcu.externaltools.arm-none.win32_1.17.0.201812190825/tools/compiler/bin/../lib/gcc/arm-none-eabi/7.3.1/thumb/v7-m/crti.o
                0x08000500                _init
 .init          0x08000504        0x8 c:/ac6/systemworkbench/plugins/fr.ac6.mcu.externaltools.arm-none.win32_1.17.0.201812190825/tools/compiler/bin/../lib/gcc/arm-none-eabi/7.3.1/thumb/v7-m/crtn.o
 *(.fini)
 .fini          0x0800050c        0x4 c:/ac6/systemworkbench/plugins/fr.ac6.mcu.externaltools.arm-none.win32_1.17.0.201812190825/tools/compiler/bin/../lib/gcc/arm-none-eabi/7.3.1/thumb/v7-m/crti.o
                0x0800050c                _fini
 .fini          0x08000510        0x8 c:/ac6/systemworkbench/plugins/fr.ac6.mcu.externaltools.arm-none.win32_1.17.0.201812190825/tools/compiler/bin/../lib/gcc/arm-none-eabi/7.3.1/thumb/v7-m/crtn.o
                0x08000518                . = ALIGN (0x4)
                0x08000518                _etext = .

.vfp11_veneer   0x08000518        0x0
 .vfp11_veneer  0x08000518        0x0 linker stubs

.v4_bx          0x08000518        0x0
 .v4_bx         0x08000518        0x0 linker stubs

.iplt           0x08000518        0x0
 .iplt          0x08000518        0x0 c:/ac6/systemworkbench/plugins/fr.ac6.mcu.externaltools.arm-none.win32_1.17.0.201812190825/tools/compiler/bin/../lib/gcc/arm-none-eabi/7.3.1/thumb/v7-m/crtbegin.o

.rodata         0x08000518        0x4
                0x08000518                . = ALIGN (0x4)
 *(.rodata)
 *(.rodata*)
 .rodata._global_impure_ptr
                0x08000518        0x4 c:/ac6/systemworkbench/plugins/fr.ac6.mcu.externaltools.arm-none.win32_1.17.0.201812190825/tools/compiler/bin/../lib/gcc/arm-none-eabi/7.3.1/../../../../arm-none-eabi/lib/thumb/v7-m\libc.a(lib_a-impure.o)
                0x08000518                _global_impure_ptr
                0x0800051c                . = ALIGN (0x4)

.rel.dyn        0x0800051c        0x0
 .rel.iplt      0x0800051c        0x0 c:/ac6/systemworkbench/plugins/fr.ac6.mcu.externaltools.arm-none.win32_1.17.0.201812190825/tools/compiler/bin/../lib/gcc/arm-none-eabi/7.3.1/thumb/v7-m/crtbegin.o

.ARM.extab      0x0800051c        0x0
                0x0800051c                . = ALIGN (0x4)
 *(.ARM.extab* .gnu.linkonce.armextab.*)
                0x0800051c                . = ALIGN (0x4)

.ARM            0x0800051c        0x0
                0x0800051c                . = ALIGN (0x4)
                0x0800051c                __exidx_start = .
 *(.ARM.exidx*)
                0x0800051c                __exidx_end = .
                0x0800051c                . = ALIGN (0x4)

.preinit_array  0x0800051c        0x0
                0x0800051c                . = ALIGN (0x4)
                0x0800051c                PROVIDE (__preinit_array_start = .)
 *(.preinit_array*)
                0x0800051c                PROVIDE (__preinit_array_end = .)
                0x0800051c                . = ALIGN (0x4)

.init_array     0x0800051c        0x8
                0x0800051c                . = ALIGN (0x4)
                0x0800051c                PROVIDE (__init_array_start = .)
 *(SORT_BY_NAME(.init_array.*))
 .init_array.00000
                0x0800051c        0x4 c:/ac6/systemworkbench/plugins/fr.ac6.mcu.externaltools.arm-none.win32_1.17.0.201812190825/tools/compiler/bin/../lib/gcc/arm-none-eabi/7.3.1/../../../../arm-none-eabi/lib/thumb/v7-m\libc.a(lib_a-__call_atexit.o)
 *(.init_array*)
 .init_array    0x08000520        0x4 c:/ac6/systemworkbench/plugins/fr.ac6.mcu.externaltools.arm-none.win32_1.17.0.201812190825/tools/compiler/bin/../lib/gcc/arm-none-eabi/7.3.1/thumb/v7-m/crtbegin.o
                0x08000524                PROVIDE (__init_array_end = .)
                0x08000524                . = ALIGN (0x4)

.fini_array     0x08000524        0x4
                0x08000524                . = ALIGN (0x4)
                0x08000524                PROVIDE (__fini_array_start = .)
 *(SORT_BY_NAME(.fini_array.*))
 *(.fini_array*)
 .fini_array    0x08000524        0x4 c:/ac6/systemworkbench/plugins/fr.ac6.mcu.externaltools.arm-none.win32_1.17.0.201812190825/tools/compiler/bin/../lib/gcc/arm-none-eabi/7.3.1/thumb/v7-m/crtbegin.o
                0x08000528                PROVIDE (__fini_array_end = .)
                0x08000528                . = ALIGN (0x4)
                0x08000528                _sidata = LOADADDR (.data)

.data           0x20000000      0x42c load address 0x08000528
                0x20000000                . = ALIGN (0x4)
                0x20000000                _sdata = .
 *(.data)
 *(.data*)
 .data.impure_data
                0x20000000      0x428 c:/ac6/systemworkbench/plugins/fr.ac6.mcu.externaltools.arm-none.win32_1.17.0.201812190825/tools/compiler/bin/../lib/gcc/arm-none-eabi/7.3.1/../../../../arm-none-eabi/lib/thumb/v7-m\libc.a(lib_a-impure.o)
 .data.__atexit_recursive_mutex
                0x20000428        0x4 c:/ac6/systemworkbench/plugins/fr.ac6.mcu.externaltools.arm-none.win32_1.17.0.201812190825/tools/compiler/bin/../lib/gcc/arm-none-eabi/7.3.1/../../../../arm-none-eabi/lib/thumb/v7-m\libc.a(lib_a-__call_atexit.o)
                0x20000428                __atexit_recursive_mutex
                0x2000042c                . = ALIGN (0x4)
                0x2000042c                _edata = .

.igot.plt       0x2000042c        0x0 load address 0x08000954
 .igot.plt      0x2000042c        0x0 c:/ac6/systemworkbench/plugins/fr.ac6.mcu.externaltools.arm-none.win32_1.17.0.201812190825/tools/compiler/bin/../lib/gcc/arm-none-eabi/7.3.1/thumb/v7-m/crtbegin.o
                0x2000042c                . = ALIGN (0x4)

.bss            0x2000042c       0x40 load address 0x08000954
                0x2000042c                _sbss = .
                0x2000042c                __bss_start__ = _sbss
 *(.bss)
 .bss           0x2000042c       0x1c c:/ac6/systemworkbench/plugins/fr.ac6.mcu.externaltools.arm-none.win32_1.17.0.201812190825/tools/compiler/bin/../lib/gcc/arm-none-eabi/7.3.1/thumb/v7-m/crtbegin.o
 *(.bss*)
 *(COMMON)
 COMMON         0x20000448       0x21 c:/ac6/systemworkbench/plugins/fr.ac6.mcu.externaltools.arm-none.win32_1.17.0.201812190825/tools/compiler/bin/../lib/gcc/arm-none-eabi/7.3.1/../../../../arm-none-eabi/lib/thumb/v7-m\libc.a(lib_a-lock.o)
                0x20000448                __lock___atexit_recursive_mutex
                0x2000044c                __lock___arc4random_mutex
                0x20000450                __lock___env_recursive_mutex
                0x20000454                __lock___sinit_recursive_mutex
                0x20000458                __lock___malloc_recursive_mutex
                0x2000045c                __lock___at_quick_exit_mutex
                0x20000460                __lock___dd_hash_mutex
                0x20000464                __lock___tz_mutex
                0x20000468                __lock___sfp_recursive_mutex
                0x2000046c                . = ALIGN (0x4)
 *fill*         0x20000469        0x3 
                0x2000046c                _ebss = .
                0x2000046c                __bss_end__ = _ebss

._user_heap_stack
                0x2000046c      0x404 load address 0x08000954
                0x20000470                . = ALIGN (0x8)
 *fill*         0x2000046c        0x4 
                0x20000470                PROVIDE (end = .)
                [!provide]                PROVIDE (_end = .)
                0x20000470                . = (. + _Min_Heap_Size)
                0x20000870                . = (. + _Min_Stack_Size)
 *fill*         0x20000470      0x400 
                0x20000870                . = ALIGN (0x8)

/DISCARD/
 libc.a(*)
 libm.a(*)
 libgcc.a(*)

.ARM.attributes
                0x00000000       0x29
 *(.ARM.attributes)
 .ARM.attributes
                0x00000000       0x1d c:/ac6/systemworkbench/plugins/fr.ac6.mcu.externaltools.arm-none.win32_1.17.0.201812190825/tools/compiler/bin/../lib/gcc/arm-none-eabi/7.3.1/thumb/v7-m/crti.o
 .ARM.attributes
                0x0000001d       0x2d c:/ac6/systemworkbench/plugins/fr.ac6.mcu.externaltools.arm-none.win32_1.17.0.201812190825/tools/compiler/bin/../lib/gcc/arm-none-eabi/7.3.1/thumb/v7-m/crtbegin.o
 .ARM.attributes
                0x0000004a       0x33 src/main.o
 .ARM.attributes
                0x0000007d       0x33 src/stm32f10x_it.o
 .ARM.attributes
                0x000000b0       0x33 src/system_stm32f10x.o
 .ARM.attributes
                0x000000e3       0x21 startup/startup_stm32.o
 .ARM.attributes
                0x00000104       0x2d c:/ac6/systemworkbench/plugins/fr.ac6.mcu.externaltools.arm-none.win32_1.17.0.201812190825/tools/compiler/bin/../lib/gcc/arm-none-eabi/7.3.1/../../../../arm-none-eabi/lib/thumb/v7-m\libc.a(lib_a-impure.o)
 .ARM.attributes
                0x00000131       0x2d c:/ac6/systemworkbench/plugins/fr.ac6.mcu.externaltools.arm-none.win32_1.17.0.201812190825/tools/compiler/bin/../lib/gcc/arm-none-eabi/7.3.1/../../../../arm-none-eabi/lib/thumb/v7-m\libc.a(lib_a-init.o)
 .ARM.attributes
                0x0000015e       0x2d c:/ac6/systemworkbench/plugins/fr.ac6.mcu.externaltools.arm-none.win32_1.17.0.201812190825/tools/compiler/bin/../lib/gcc/arm-none-eabi/7.3.1/../../../../arm-none-eabi/lib/thumb/v7-m\libc.a(lib_a-__call_atexit.o)
 .ARM.attributes
                0x0000018b       0x2d c:/ac6/systemworkbench/plugins/fr.ac6.mcu.externaltools.arm-none.win32_1.17.0.201812190825/tools/compiler/bin/../lib/gcc/arm-none-eabi/7.3.1/../../../../arm-none-eabi/lib/thumb/v7-m\libc.a(lib_a-atexit.o)
 .ARM.attributes
                0x000001b8       0x2d c:/ac6/systemworkbench/plugins/fr.ac6.mcu.externaltools.arm-none.win32_1.17.0.201812190825/tools/compiler/bin/../lib/gcc/arm-none-eabi/7.3.1/../../../../arm-none-eabi/lib/thumb/v7-m\libc.a(lib_a-fini.o)
 .ARM.attributes
                0x000001e5       0x2d c:/ac6/systemworkbench/plugins/fr.ac6.mcu.externaltools.arm-none.win32_1.17.0.201812190825/tools/compiler/bin/../lib/gcc/arm-none-eabi/7.3.1/../../../../arm-none-eabi/lib/thumb/v7-m\libc.a(lib_a-lock.o)
 .ARM.attributes
                0x00000212       0x2d c:/ac6/systemworkbench/plugins/fr.ac6.mcu.externaltools.arm-none.win32_1.17.0.201812190825/tools/compiler/bin/../lib/gcc/arm-none-eabi/7.3.1/../../../../arm-none-eabi/lib/thumb/v7-m\libc.a(lib_a-__atexit.o)
 .ARM.attributes
                0x0000023f       0x1d c:/ac6/systemworkbench/plugins/fr.ac6.mcu.externaltools.arm-none.win32_1.17.0.201812190825/tools/compiler/bin/../lib/gcc/arm-none-eabi/7.3.1/thumb/v7-m/crtn.o
OUTPUT(spi_gpio_int.elf elf32-littlearm)

.debug_info     0x00000000      0x664
 .debug_info    0x00000000       0xb7 src/main.o
 .debug_info    0x000000b7      0x13b src/stm32f10x_it.o
 .debug_info    0x000001f2      0x450 src/system_stm32f10x.o
 .debug_info    0x00000642       0x22 startup/startup_stm32.o

.debug_abbrev   0x00000000      0x2a8
 .debug_abbrev  0x00000000       0x7d src/main.o
 .debug_abbrev  0x0000007d       0x7b src/stm32f10x_it.o
 .debug_abbrev  0x000000f8      0x19e src/system_stm32f10x.o
 .debug_abbrev  0x00000296       0x12 startup/startup_stm32.o

.debug_aranges  0x00000000       0xe0
 .debug_aranges
                0x00000000       0x20 src/main.o
 .debug_aranges
                0x00000020       0x60 src/stm32f10x_it.o
 .debug_aranges
                0x00000080       0x38 src/system_stm32f10x.o
 .debug_aranges
                0x000000b8       0x28 startup/startup_stm32.o

.debug_ranges   0x00000000       0xa8
 .debug_ranges  0x00000000       0x10 src/main.o
 .debug_ranges  0x00000010       0x50 src/stm32f10x_it.o
 .debug_ranges  0x00000060       0x28 src/system_stm32f10x.o
 .debug_ranges  0x00000088       0x20 startup/startup_stm32.o

.debug_macro    0x00000000     0xb68b
 .debug_macro   0x00000000      0x171 src/main.o
 .debug_macro   0x00000171       0x5c src/main.o
 .debug_macro   0x000001cd       0x22 src/main.o
 .debug_macro   0x000001ef      0x69f src/main.o
 .debug_macro   0x0000088e     0x7def src/main.o
 .debug_macro   0x0000867d      0x2df src/main.o
 .debug_macro   0x0000895c      0x144 src/main.o
 .debug_macro   0x00008aa0      0x3cf src/main.o
 .debug_macro   0x00008e6f       0xc8 src/main.o
 .debug_macro   0x00008f37      0x17a src/main.o
 .debug_macro   0x000090b1       0xac src/main.o
 .debug_macro   0x0000915d      0x3ad src/main.o
 .debug_macro   0x0000950a       0x9a src/main.o
 .debug_macro   0x000095a4      0x2cf src/main.o
 .debug_macro   0x00009873      0x279 src/main.o
 .debug_macro   0x00009aec      0x2ac src/main.o
 .debug_macro   0x00009d98      0x2b1 src/main.o
 .debug_macro   0x0000a049       0x64 src/main.o
 .debug_macro   0x0000a0ad       0x82 src/main.o
 .debug_macro   0x0000a12f      0x3e2 src/main.o
 .debug_macro   0x0000a511       0x58 src/main.o
 .debug_macro   0x0000a569      0x341 src/main.o
 .debug_macro   0x0000a8aa      0x2c4 src/main.o
 .debug_macro   0x0000ab6e      0x711 src/main.o
 .debug_macro   0x0000b27f      0x220 src/main.o
 .debug_macro   0x0000b49f       0x34 src/main.o
 .debug_macro   0x0000b4d3       0x8b src/main.o
 .debug_macro   0x0000b55e       0x95 src/stm32f10x_it.o
 .debug_macro   0x0000b5f3       0x98 src/system_stm32f10x.o

.debug_line     0x00000000      0xd17
 .debug_line    0x00000000      0x4f4 src/main.o
 .debug_line    0x000004f4      0x3d7 src/stm32f10x_it.o
 .debug_line    0x000008cb      0x3d0 src/system_stm32f10x.o
 .debug_line    0x00000c9b       0x7c startup/startup_stm32.o

.debug_str      0x00000000    0x4d2ab
 .debug_str     0x00000000    0x4d03f src/main.o
                              0x4d1a3 (size before relaxing)
 .debug_str     0x0004d03f       0xb8 src/stm32f10x_it.o
                              0x31e8f (size before relaxing)
 .debug_str     0x0004d0f7      0x18b src/system_stm32f10x.o
                              0x31f78 (size before relaxing)
 .debug_str     0x0004d282       0x29 startup/startup_stm32.o
                                 0x5d (size before relaxing)

.comment        0x00000000       0x7f
 .comment       0x00000000       0x7f src/main.o
                                 0x80 (size before relaxing)
 .comment       0x0000007f       0x80 src/stm32f10x_it.o
 .comment       0x0000007f       0x80 src/system_stm32f10x.o

.debug_frame    0x00000000      0x398
 .debug_frame   0x00000000       0x30 src/main.o
 .debug_frame   0x00000030      0x110 src/stm32f10x_it.o
 .debug_frame   0x00000140       0x98 src/system_stm32f10x.o
 .debug_frame   0x000001d8       0x2c c:/ac6/systemworkbench/plugins/fr.ac6.mcu.externaltools.arm-none.win32_1.17.0.201812190825/tools/compiler/bin/../lib/gcc/arm-none-eabi/7.3.1/../../../../arm-none-eabi/lib/thumb/v7-m\libc.a(lib_a-init.o)
 .debug_frame   0x00000204       0x5c c:/ac6/systemworkbench/plugins/fr.ac6.mcu.externaltools.arm-none.win32_1.17.0.201812190825/tools/compiler/bin/../lib/gcc/arm-none-eabi/7.3.1/../../../../arm-none-eabi/lib/thumb/v7-m\libc.a(lib_a-__call_atexit.o)
 .debug_frame   0x00000260       0x20 c:/ac6/systemworkbench/plugins/fr.ac6.mcu.externaltools.arm-none.win32_1.17.0.201812190825/tools/compiler/bin/../lib/gcc/arm-none-eabi/7.3.1/../../../../arm-none-eabi/lib/thumb/v7-m\libc.a(lib_a-atexit.o)
 .debug_frame   0x00000280       0x34 c:/ac6/systemworkbench/plugins/fr.ac6.mcu.externaltools.arm-none.win32_1.17.0.201812190825/tools/compiler/bin/../lib/gcc/arm-none-eabi/7.3.1/../../../../arm-none-eabi/lib/thumb/v7-m\libc.a(lib_a-fini.o)
 .debug_frame   0x000002b4       0xb0 c:/ac6/systemworkbench/plugins/fr.ac6.mcu.externaltools.arm-none.win32_1.17.0.201812190825/tools/compiler/bin/../lib/gcc/arm-none-eabi/7.3.1/../../../../arm-none-eabi/lib/thumb/v7-m\libc.a(lib_a-lock.o)
 .debug_frame   0x00000364       0x34 c:/ac6/systemworkbench/plugins/fr.ac6.mcu.externaltools.arm-none.win32_1.17.0.201812190825/tools/compiler/bin/../lib/gcc/arm-none-eabi/7.3.1/../../../../arm-none-eabi/lib/thumb/v7-m\libc.a(lib_a-__atexit.o)
