Archive member included to satisfy reference by file (symbol)

c:/ac6/systemworkbench/plugins/fr.ac6.mcu.externaltools.arm-none.win32_1.17.0.201812190825/tools/compiler/bin/../lib/gcc/arm-none-eabi/7.3.1/../../../../arm-none-eabi/lib/thumb/v7-m\libc.a(lib_a-errno.o)
                              startup/sysmem.o (__errno)
c:/ac6/systemworkbench/plugins/fr.ac6.mcu.externaltools.arm-none.win32_1.17.0.201812190825/tools/compiler/bin/../lib/gcc/arm-none-eabi/7.3.1/../../../../arm-none-eabi/lib/thumb/v7-m\libc.a(lib_a-exit.o)
                              c:/ac6/systemworkbench/plugins/fr.ac6.mcu.externaltools.arm-none.win32_1.17.0.201812190825/tools/compiler/bin/../lib/gcc/arm-none-eabi/7.3.1/../../../../arm-none-eabi/lib/thumb/v7-m/crt0.o (exit)
c:/ac6/systemworkbench/plugins/fr.ac6.mcu.externaltools.arm-none.win32_1.17.0.201812190825/tools/compiler/bin/../lib/gcc/arm-none-eabi/7.3.1/../../../../arm-none-eabi/lib/thumb/v7-m\libc.a(lib_a-impure.o)
                              c:/ac6/systemworkbench/plugins/fr.ac6.mcu.externaltools.arm-none.win32_1.17.0.201812190825/tools/compiler/bin/../lib/gcc/arm-none-eabi/7.3.1/../../../../arm-none-eabi/lib/thumb/v7-m\libc.a(lib_a-exit.o) (_global_impure_ptr)
c:/ac6/systemworkbench/plugins/fr.ac6.mcu.externaltools.arm-none.win32_1.17.0.201812190825/tools/compiler/bin/../lib/gcc/arm-none-eabi/7.3.1/../../../../arm-none-eabi/lib/thumb/v7-m\libc.a(lib_a-init.o)
                              c:/ac6/systemworkbench/plugins/fr.ac6.mcu.externaltools.arm-none.win32_1.17.0.201812190825/tools/compiler/bin/../lib/gcc/arm-none-eabi/7.3.1/../../../../arm-none-eabi/lib/thumb/v7-m/crt0.o (__libc_init_array)
c:/ac6/systemworkbench/plugins/fr.ac6.mcu.externaltools.arm-none.win32_1.17.0.201812190825/tools/compiler/bin/../lib/gcc/arm-none-eabi/7.3.1/../../../../arm-none-eabi/lib/thumb/v7-m\libc.a(lib_a-memset.o)
                              c:/ac6/systemworkbench/plugins/fr.ac6.mcu.externaltools.arm-none.win32_1.17.0.201812190825/tools/compiler/bin/../lib/gcc/arm-none-eabi/7.3.1/../../../../arm-none-eabi/lib/thumb/v7-m/crt0.o (memset)
c:/ac6/systemworkbench/plugins/fr.ac6.mcu.externaltools.arm-none.win32_1.17.0.201812190825/tools/compiler/bin/../lib/gcc/arm-none-eabi/7.3.1/../../../../arm-none-eabi/lib/thumb/v7-m\libc.a(lib_a-__call_atexit.o)
                              c:/ac6/systemworkbench/plugins/fr.ac6.mcu.externaltools.arm-none.win32_1.17.0.201812190825/tools/compiler/bin/../lib/gcc/arm-none-eabi/7.3.1/../../../../arm-none-eabi/lib/thumb/v7-m\libc.a(lib_a-exit.o) (__call_exitprocs)
c:/ac6/systemworkbench/plugins/fr.ac6.mcu.externaltools.arm-none.win32_1.17.0.201812190825/tools/compiler/bin/../lib/gcc/arm-none-eabi/7.3.1/../../../../arm-none-eabi/lib/thumb/v7-m\libc.a(lib_a-atexit.o)
                              c:/ac6/systemworkbench/plugins/fr.ac6.mcu.externaltools.arm-none.win32_1.17.0.201812190825/tools/compiler/bin/../lib/gcc/arm-none-eabi/7.3.1/../../../../arm-none-eabi/lib/thumb/v7-m\libc.a(lib_a-__call_atexit.o) (atexit)
c:/ac6/systemworkbench/plugins/fr.ac6.mcu.externaltools.arm-none.win32_1.17.0.201812190825/tools/compiler/bin/../lib/gcc/arm-none-eabi/7.3.1/../../../../arm-none-eabi/lib/thumb/v7-m\libc.a(lib_a-fini.o)
                              c:/ac6/systemworkbench/plugins/fr.ac6.mcu.externaltools.arm-none.win32_1.17.0.201812190825/tools/compiler/bin/../lib/gcc/arm-none-eabi/7.3.1/../../../../arm-none-eabi/lib/thumb/v7-m\libc.a(lib_a-__call_atexit.o) (__libc_fini_array)
c:/ac6/systemworkbench/plugins/fr.ac6.mcu.externaltools.arm-none.win32_1.17.0.201812190825/tools/compiler/bin/../lib/gcc/arm-none-eabi/7.3.1/../../../../arm-none-eabi/lib/thumb/v7-m\libc.a(lib_a-lock.o)
                              c:/ac6/systemworkbench/plugins/fr.ac6.mcu.externaltools.arm-none.win32_1.17.0.201812190825/tools/compiler/bin/../lib/gcc/arm-none-eabi/7.3.1/../../../../arm-none-eabi/lib/thumb/v7-m\libc.a(lib_a-__call_atexit.o) (__retarget_lock_acquire_recursive)
c:/ac6/systemworkbench/plugins/fr.ac6.mcu.externaltools.arm-none.win32_1.17.0.201812190825/tools/compiler/bin/../lib/gcc/arm-none-eabi/7.3.1/../../../../arm-none-eabi/lib/thumb/v7-m\libc.a(lib_a-__atexit.o)
                              c:/ac6/systemworkbench/plugins/fr.ac6.mcu.externaltools.arm-none.win32_1.17.0.201812190825/tools/compiler/bin/../lib/gcc/arm-none-eabi/7.3.1/../../../../arm-none-eabi/lib/thumb/v7-m\libc.a(lib_a-atexit.o) (__register_exitproc)

Allocating common symbols
Common symbol       size              file

__lock___atexit_recursive_mutex
                    0x1               c:/ac6/systemworkbench/plugins/fr.ac6.mcu.externaltools.arm-none.win32_1.17.0.201812190825/tools/compiler/bin/../lib/gcc/arm-none-eabi/7.3.1/../../../../arm-none-eabi/lib/thumb/v7-m\libc.a(lib_a-lock.o)
__lock___arc4random_mutex
[...]
Memory Configuration

Name             Origin             Length             Attributes
RAM              0x20000000         0x00005000         xrw
ROM              0x08000000         0x00010000         xr
*default*        0x00000000         0xffffffff

Linker script and memory map

LOAD c:/ac6/systemworkbench/plugins/fr.ac6.mcu.externaltools.arm-none.win32_1.17.0.201812190825/tools/compiler/bin/../lib/gcc/arm-none-eabi/7.3.1/thumb/v7-m/crti.o
LOAD c:/ac6/systemworkbench/plugins/fr.ac6.mcu.externaltools.arm-none.win32_1.17.0.201812190825/tools/compiler/bin/../lib/gcc/arm-none-eabi/7.3.1/thumb/v7-m/crtbegin.o
LOAD c:/ac6/systemworkbench/plugins/fr.ac6.mcu.externaltools.arm-none.win32_1.17.0.201812190825/tools/compiler/bin/../lib/gcc/arm-none-eabi/7.3.1/../../../../arm-none-eabi/lib/thumb/v7-m/crt0.o
LOAD src/core_cm3.o
LOAD src/main.o
LOAD src/misc.o
LOAD src/stm32f10x_adc.o
LOAD src/stm32f10x_bkp.o
LOAD src/stm32f10x_can.o
LOAD src/stm32f10x_cec.o
LOAD src/stm32f10x_crc.o
LOAD src/stm32f10x_dac.o
LOAD src/stm32f10x_dbgmcu.o
LOAD src/stm32f10x_dma.o
LOAD src/stm32f10x_exti.o
LOAD src/stm32f10x_flash.o
LOAD src/stm32f10x_fsmc.o
LOAD src/stm32f10x_gpio.o
LOAD src/stm32f10x_i2c.o
LOAD src/stm32f10x_it.o
LOAD src/stm32f10x_iwdg.o
LOAD src/stm32f10x_pwr.o
LOAD src/stm32f10x_rcc.o
LOAD src/stm32f10x_rtc.o
LOAD src/stm32f10x_sdio.o
LOAD src/stm32f10x_spi.o
LOAD src/stm32f10x_tim.o
LOAD src/stm32f10x_usart.o
LOAD src/stm32f10x_wwdg.o
LOAD src/system_stm32f10x.o
LOAD startup/startup_stm32.o
LOAD startup/sysmem.o
LOAD c:/ac6/systemworkbench/plugins/fr.ac6.mcu.externaltools.arm-none.win32_1.17.0.201812190825/tools/compiler/bin/../lib/gcc/arm-none-eabi/7.3.1/../../../../arm-none-eabi/lib/thumb/v7-m\libstdc++.a
LOAD c:/ac6/systemworkbench/plugins/fr.ac6.mcu.externaltools.arm-none.win32_1.17.0.201812190825/tools/compiler/bin/../lib/gcc/arm-none-eabi/7.3.1/../../../../arm-none-eabi/lib/thumb/v7-m\libm.a
START GROUP
LOAD c:/ac6/systemworkbench/plugins/fr.ac6.mcu.externaltools.arm-none.win32_1.17.0.201812190825/tools/compiler/bin/../lib/gcc/arm-none-eabi/7.3.1/thumb/v7-m\libgcc.a
LOAD c:/ac6/systemworkbench/plugins/fr.ac6.mcu.externaltools.arm-none.win32_1.17.0.201812190825/tools/compiler/bin/../lib/gcc/arm-none-eabi/7.3.1/../../../../arm-none-eabi/lib/thumb/v7-m\libc.a
END GROUP
LOAD c:/ac6/systemworkbench/plugins/fr.ac6.mcu.externaltools.arm-none.win32_1.17.0.201812190825/tools/compiler/bin/../lib/gcc/arm-none-eabi/7.3.1/thumb/v7-m/crtend.o
LOAD c:/ac6/systemworkbench/plugins/fr.ac6.mcu.externaltools.arm-none.win32_1.17.0.201812190825/tools/compiler/bin/../lib/gcc/arm-none-eabi/7.3.1/thumb/v7-m/crtn.o
                0x20005000                _estack = 0x20005000
                0x00000000                _Min_Heap_Size = 0x0
                0x00000400                _Min_Stack_Size = 0x400

.isr_vector     0x08000000      0x130
                0x08000000                . = ALIGN (0x4)
 *(.isr_vector)
 .isr_vector    0x08000000      0x130 startup/startup_stm32.o
                0x08000000                g_pfnVectors
                0x08000130                . = ALIGN (0x4)

.text           0x08000130      0x974
                0x08000130                . = ALIGN (0x4)
 *(.text)
 .text          0x08000130       0x40 c:/ac6/systemworkbench/plugins/fr.ac6.mcu.externaltools.arm-none.win32_1.17.0.201812190825/tools/compiler/bin/../lib/gcc/arm-none-eabi/7.3.1/thumb/v7-m/crtbegin.o
 *(.text*)
 .text.main     0x08000170       0x16 src/main.o
                0x08000170                main
 *fill*         0x08000186        0x2 
 .text.EXTI0_IRQHandler
                0x08000188       0x3c src/main.o
                0x08000188                EXTI0_IRQHandler
 .text.RCC_Configuration
                0x080001c4       0x20 src/main.o
                0x080001c4                RCC_Configuration
 .text.GPIO_Configuration
                0x080001e4       0x40 src/main.o
                0x080001e4                GPIO_Configuration
 .text.NVIC_Configuration
                0x08000224       0x34 src/main.o
                0x08000224                NVIC_Configuration
 .text.EXTI_Configuration
                0x08000258       0x2e src/main.o
                0x08000258                EXTI_Configuration
 *fill*         0x08000286        0x2 
 .text.toggle_led
                0x08000288       0x38 src/main.o
                0x08000288                toggle_led
 .text.NVIC_Init
                0x080002c0       0xc4 src/misc.o
                0x080002c0                NVIC_Init
 .text.EXTI_Init
                0x08000384       0xe4 src/stm32f10x_exti.o
                0x08000384                EXTI_Init
 .text.EXTI_ClearFlag
                0x08000468       0x1c src/stm32f10x_exti.o
                0x08000468                EXTI_ClearFlag
 .text.EXTI_ClearITPendingBit
                0x08000484       0x1c src/stm32f10x_exti.o
                0x08000484                EXTI_ClearITPendingBit
 .text.GPIO_Init
                0x080004a0      0x178 src/stm32f10x_gpio.o
                0x080004a0                GPIO_Init
 .text.GPIO_SetBits
                0x08000618       0x1c src/stm32f10x_gpio.o
                0x08000618                GPIO_SetBits
 .text.GPIO_ResetBits
                0x08000634       0x1c src/stm32f10x_gpio.o
                0x08000634                GPIO_ResetBits
 .text.GPIO_EXTILineConfig
                0x08000650       0x80 src/stm32f10x_gpio.o
                0x08000650                GPIO_EXTILineConfig
 .text.NMI_Handler
                0x080006d0        0xc src/stm32f10x_it.o
                0x080006d0                NMI_Handler
 .text.HardFault_Handler
                0x080006dc        0x6 src/stm32f10x_it.o
                0x080006dc                HardFault_Handler
 .text.MemManage_Handler
                0x080006e2        0x6 src/stm32f10x_it.o
                0x080006e2                MemManage_Handler
 .text.BusFault_Handler
                0x080006e8        0x6 src/stm32f10x_it.o
                0x080006e8                BusFault_Handler
 .text.UsageFault_Handler
                0x080006ee        0x6 src/stm32f10x_it.o
                0x080006ee                UsageFault_Handler
 .text.SVC_Handler
                0x080006f4        0xc src/stm32f10x_it.o
                0x080006f4                SVC_Handler
 .text.DebugMon_Handler
                0x08000700        0xc src/stm32f10x_it.o
                0x08000700                DebugMon_Handler
 .text.PendSV_Handler
                0x0800070c        0xc src/stm32f10x_it.o
                0x0800070c                PendSV_Handler
 .text.SysTick_Handler
                0x08000718        0xc src/stm32f10x_it.o
                0x08000718                SysTick_Handler
 .text.RCC_APB2PeriphClockCmd
                0x08000724       0x3c src/stm32f10x_rcc.o
                0x08000724                RCC_APB2PeriphClockCmd
 .text.SystemInit
                0x08000760       0x68 src/system_stm32f10x.o
                0x08000760                SystemInit
 .text.SetSysClock
                0x080007c8        0xc src/system_stm32f10x.o
 .text.SetSysClockTo72
                0x080007d4      0x100 src/system_stm32f10x.o
 .text.Reset_Handler
                0x080008d4       0x50 startup/startup_stm32.o
                0x080008d4                Reset_Handler
 .text.Default_Handler
                0x08000924        0x2 startup/startup_stm32.o
                0x08000924                EXTI2_IRQHandler
                0x08000924                TIM8_TRG_COM_IRQHandler
                0x08000924                TIM8_CC_IRQHandler
                0x08000924                TIM1_CC_IRQHandler
                0x08000924                TIM6_IRQHandler
                0x08000924                PVD_IRQHandler
                0x08000924                SDIO_IRQHandler
                0x08000924                EXTI3_IRQHandler
                0x08000924                USB_HP_CAN_TX_IRQHandler
                0x08000924                I2C2_EV_IRQHandler
                0x08000924                ADC1_2_IRQHandler
                0x08000924                SPI1_IRQHandler
                0x08000924                CAN_SCE_IRQHandler
                0x08000924                TAMPER_IRQHandler
                0x08000924                TIM8_UP_IRQHandler
                0x08000924                DMA2_Channel2_IRQHandler
                0x08000924                DMA1_Channel4_IRQHandler
                0x08000924                USART3_IRQHandler
                0x08000924                RTC_IRQHandler
                0x08000924                DMA1_Channel7_IRQHandler
                0x08000924                UART5_IRQHandler
                0x08000924                ADC3_IRQHandler
                0x08000924                TIM4_IRQHandler
                0x08000924                CAN_RX1_IRQHandler
                0x08000924                DMA2_Channel1_IRQHandler
                0x08000924                I2C1_EV_IRQHandler
                0x08000924                DMA1_Channel6_IRQHandler
                0x08000924                UART4_IRQHandler
                0x08000924                TIM3_IRQHandler
                0x08000924                RCC_IRQHandler
                0x08000924                TIM1_TRG_COM_IRQHandler
                0x08000924                DMA1_Channel1_IRQHandler
                0x08000924                Default_Handler
                0x08000924                EXTI15_10_IRQHandler
                0x08000924                TIM7_IRQHandler
                0x08000924                TIM5_IRQHandler
                0x08000924                EXTI9_5_IRQHandler
                0x08000924                SPI2_IRQHandler
                0x08000924                USB_LP_CAN_RX0_IRQHandler
                0x08000924                DMA1_Channel5_IRQHandler
                0x08000924                EXTI4_IRQHandler
                0x08000924                DMA1_Channel3_IRQHandler
                0x08000924                FSMC_IRQHandler
                0x08000924                TIM1_UP_IRQHandler
                0x08000924                WWDG_IRQHandler
                0x08000924                TIM2_IRQHandler
                0x08000924                TIM1_BRK_IRQHandler
                0x08000924                EXTI1_IRQHandler
                0x08000924                RTCAlarm_IRQHandler
                0x08000924                DMA2_Channel4_5_IRQHandler
                0x08000924                USART2_IRQHandler
                0x08000924                I2C2_ER_IRQHandler
                0x08000924                DMA1_Channel2_IRQHandler
                0x08000924                TIM8_BRK_IRQHandler
                0x08000924                FLASH_IRQHandler
                0x08000924                USART1_IRQHandler
                0x08000924                SPI3_IRQHandler
                0x08000924                I2C1_ER_IRQHandler
                0x08000924                DMA2_Channel3_IRQHandler
 *fill*         0x08000926        0x2 
 .text.__libc_init_array
                0x08000928       0x48 c:/ac6/systemworkbench/plugins/fr.ac6.mcu.externaltools.arm-none.win32_1.17.0.201812190825/tools/compiler/bin/../lib/gcc/arm-none-eabi/7.3.1/../../../../arm-none-eabi/lib/thumb/v7-m\libc.a(lib_a-init.o)
                0x08000928                __libc_init_array
 .text.startup.register_fini
                0x08000970       0x14 c:/ac6/systemworkbench/plugins/fr.ac6.mcu.externaltools.arm-none.win32_1.17.0.201812190825/tools/compiler/bin/../lib/gcc/arm-none-eabi/7.3.1/../../../../arm-none-eabi/lib/thumb/v7-m\libc.a(lib_a-__call_atexit.o)
 .text.atexit   0x08000984        0xc c:/ac6/systemworkbench/plugins/fr.ac6.mcu.externaltools.arm-none.win32_1.17.0.201812190825/tools/compiler/bin/../lib/gcc/arm-none-eabi/7.3.1/../../../../arm-none-eabi/lib/thumb/v7-m\libc.a(lib_a-atexit.o)
                0x08000984                atexit
 .text.__libc_fini_array
                0x08000990       0x34 c:/ac6/systemworkbench/plugins/fr.ac6.mcu.externaltools.arm-none.win32_1.17.0.201812190825/tools/compiler/bin/../lib/gcc/arm-none-eabi/7.3.1/../../../../arm-none-eabi/lib/thumb/v7-m\libc.a(lib_a-fini.o)
                0x08000990                __libc_fini_array
 .text.__retarget_lock_acquire_recursive
                0x080009c4        0x4 c:/ac6/systemworkbench/plugins/fr.ac6.mcu.externaltools.arm-none.win32_1.17.0.201812190825/tools/compiler/bin/../lib/gcc/arm-none-eabi/7.3.1/../../../../arm-none-eabi/lib/thumb/v7-m\libc.a(lib_a-lock.o)
                0x080009c4                __retarget_lock_acquire_recursive
 .text.__retarget_lock_release_recursive
                0x080009c8        0x4 c:/ac6/systemworkbench/plugins/fr.ac6.mcu.externaltools.arm-none.win32_1.17.0.201812190825/tools/compiler/bin/../lib/gcc/arm-none-eabi/7.3.1/../../../../arm-none-eabi/lib/thumb/v7-m\libc.a(lib_a-lock.o)
                0x080009c8                __retarget_lock_release_recursive
 .text.__register_exitproc
                0x080009cc       0xc0 c:/ac6/systemworkbench/plugins/fr.ac6.mcu.externaltools.arm-none.win32_1.17.0.201812190825/tools/compiler/bin/../lib/gcc/arm-none-eabi/7.3.1/../../../../arm-none-eabi/lib/thumb/v7-m\libc.a(lib_a-__atexit.o)
                0x080009cc                __register_exitproc
 *(.glue_7)
 .glue_7        0x08000a8c        0x0 linker stubs
 *(.glue_7t)
 .glue_7t       0x08000a8c        0x0 linker stubs
 *(.eh_frame)
 .eh_frame      0x08000a8c        0x0 c:/ac6/systemworkbench/plugins/fr.ac6.mcu.externaltools.arm-none.win32_1.17.0.201812190825/tools/compiler/bin/../lib/gcc/arm-none-eabi/7.3.1/thumb/v7-m/crtbegin.o
 *(.init)
 .init          0x08000a8c        0x4 c:/ac6/systemworkbench/plugins/fr.ac6.mcu.externaltools.arm-none.win32_1.17.0.201812190825/tools/compiler/bin/../lib/gcc/arm-none-eabi/7.3.1/thumb/v7-m/crti.o
                0x08000a8c                _init
 .init          0x08000a90        0x8 c:/ac6/systemworkbench/plugins/fr.ac6.mcu.externaltools.arm-none.win32_1.17.0.201812190825/tools/compiler/bin/../lib/gcc/arm-none-eabi/7.3.1/thumb/v7-m/crtn.o
 *(.fini)
 .fini          0x08000a98        0x4 c:/ac6/systemworkbench/plugins/fr.ac6.mcu.externaltools.arm-none.win32_1.17.0.201812190825/tools/compiler/bin/../lib/gcc/arm-none-eabi/7.3.1/thumb/v7-m/crti.o
                0x08000a98                _fini
 .fini          0x08000a9c        0x8 c:/ac6/systemworkbench/plugins/fr.ac6.mcu.externaltools.arm-none.win32_1.17.0.201812190825/tools/compiler/bin/../lib/gcc/arm-none-eabi/7.3.1/thumb/v7-m/crtn.o
                0x08000aa4                . = ALIGN (0x4)
                0x08000aa4                _etext = .

.vfp11_veneer   0x08000aa4        0x0
 .vfp11_veneer  0x08000aa4        0x0 linker stubs

.v4_bx          0x08000aa4        0x0
 .v4_bx         0x08000aa4        0x0 linker stubs

.iplt           0x08000aa4        0x0
 .iplt          0x08000aa4        0x0 c:/ac6/systemworkbench/plugins/fr.ac6.mcu.externaltools.arm-none.win32_1.17.0.201812190825/tools/compiler/bin/../lib/gcc/arm-none-eabi/7.3.1/thumb/v7-m/crtbegin.o

.rodata         0x08000aa4        0x4
                0x08000aa4                . = ALIGN (0x4)
 *(.rodata)
 *(.rodata*)
 .rodata._global_impure_ptr
                0x08000aa4        0x4 c:/ac6/systemworkbench/plugins/fr.ac6.mcu.externaltools.arm-none.win32_1.17.0.201812190825/tools/compiler/bin/../lib/gcc/arm-none-eabi/7.3.1/../../../../arm-none-eabi/lib/thumb/v7-m\libc.a(lib_a-impure.o)
                0x08000aa4                _global_impure_ptr
                0x08000aa8                . = ALIGN (0x4)

.rel.dyn        0x08000aa8        0x0
 .rel.iplt      0x08000aa8        0x0 c:/ac6/systemworkbench/plugins/fr.ac6.mcu.externaltools.arm-none.win32_1.17.0.201812190825/tools/compiler/bin/../lib/gcc/arm-none-eabi/7.3.1/thumb/v7-m/crtbegin.o

.ARM.extab      0x08000aa8        0x0
                0x08000aa8                . = ALIGN (0x4)
 *(.ARM.extab* .gnu.linkonce.armextab.*)
                0x08000aa8                . = ALIGN (0x4)

.ARM            0x08000aa8        0x0
                0x08000aa8                . = ALIGN (0x4)
                0x08000aa8                __exidx_start = .
 *(.ARM.exidx*)
                0x08000aa8                __exidx_end = .
                0x08000aa8                . = ALIGN (0x4)

.preinit_array  0x08000aa8        0x0
                0x08000aa8                . = ALIGN (0x4)
                0x08000aa8                PROVIDE (__preinit_array_start = .)
 *(.preinit_array*)
                0x08000aa8                PROVIDE (__preinit_array_end = .)
                0x08000aa8                . = ALIGN (0x4)

.init_array     0x08000aa8        0x8
                0x08000aa8                . = ALIGN (0x4)
                0x08000aa8                PROVIDE (__init_array_start = .)
 *(SORT_BY_NAME(.init_array.*))
 .init_array.00000
                0x08000aa8        0x4 c:/ac6/systemworkbench/plugins/fr.ac6.mcu.externaltools.arm-none.win32_1.17.0.201812190825/tools/compiler/bin/../lib/gcc/arm-none-eabi/7.3.1/../../../../arm-none-eabi/lib/thumb/v7-m\libc.a(lib_a-__call_atexit.o)
 *(.init_array*)
 .init_array    0x08000aac        0x4 c:/ac6/systemworkbench/plugins/fr.ac6.mcu.externaltools.arm-none.win32_1.17.0.201812190825/tools/compiler/bin/../lib/gcc/arm-none-eabi/7.3.1/thumb/v7-m/crtbegin.o
                0x08000ab0                PROVIDE (__init_array_end = .)
                0x08000ab0                . = ALIGN (0x4)

.fini_array     0x08000ab0        0x4
                0x08000ab0                . = ALIGN (0x4)
                0x08000ab0                PROVIDE (__fini_array_start = .)
 *(SORT_BY_NAME(.fini_array.*))
 *(.fini_array*)
 .fini_array    0x08000ab0        0x4 c:/ac6/systemworkbench/plugins/fr.ac6.mcu.externaltools.arm-none.win32_1.17.0.201812190825/tools/compiler/bin/../lib/gcc/arm-none-eabi/7.3.1/thumb/v7-m/crtbegin.o
                0x08000ab4                PROVIDE (__fini_array_end = .)
                0x08000ab4                . = ALIGN (0x4)
                0x08000ab4                _sidata = LOADADDR (.data)

.data           0x20000000      0x434 load address 0x08000ab4
                0x20000000                . = ALIGN (0x4)
                0x20000000                _sdata = .
 *(.data)
 .data          0x20000000        0x1 src/main.o
                0x20000000                a
 *(.data*)
 *fill*         0x20000001        0x7 
 .data.impure_data
                0x20000008      0x428 c:/ac6/systemworkbench/plugins/fr.ac6.mcu.externaltools.arm-none.win32_1.17.0.201812190825/tools/compiler/bin/../lib/gcc/arm-none-eabi/7.3.1/../../../../arm-none-eabi/lib/thumb/v7-m\libc.a(lib_a-impure.o)
 .data.__atexit_recursive_mutex
                0x20000430        0x4 c:/ac6/systemworkbench/plugins/fr.ac6.mcu.externaltools.arm-none.win32_1.17.0.201812190825/tools/compiler/bin/../lib/gcc/arm-none-eabi/7.3.1/../../../../arm-none-eabi/lib/thumb/v7-m\libc.a(lib_a-__call_atexit.o)
                0x20000430                __atexit_recursive_mutex
                0x20000434                . = ALIGN (0x4)
                0x20000434                _edata = .

.igot.plt       0x20000434        0x0 load address 0x08000ee8
 .igot.plt      0x20000434        0x0 c:/ac6/systemworkbench/plugins/fr.ac6.mcu.externaltools.arm-none.win32_1.17.0.201812190825/tools/compiler/bin/../lib/gcc/arm-none-eabi/7.3.1/thumb/v7-m/crtbegin.o
                0x20000434                . = ALIGN (0x4)

.bss            0x20000434       0x40 load address 0x08000ee8
                0x20000434                _sbss = .
                0x20000434                __bss_start__ = _sbss
 *(.bss)
 .bss           0x20000434       0x1c c:/ac6/systemworkbench/plugins/fr.ac6.mcu.externaltools.arm-none.win32_1.17.0.201812190825/tools/compiler/bin/../lib/gcc/arm-none-eabi/7.3.1/thumb/v7-m/crtbegin.o
 *(.bss*)
 *(COMMON)
 COMMON         0x20000450       0x21 c:/ac6/systemworkbench/plugins/fr.ac6.mcu.externaltools.arm-none.win32_1.17.0.201812190825/tools/compiler/bin/../lib/gcc/arm-none-eabi/7.3.1/../../../../arm-none-eabi/lib/thumb/v7-m\libc.a(lib_a-lock.o)
                0x20000450                __lock___atexit_recursive_mutex
                0x20000454                __lock___arc4random_mutex
                0x20000458                __lock___env_recursive_mutex
                0x2000045c                __lock___sinit_recursive_mutex
                0x20000460                __lock___malloc_recursive_mutex
                0x20000464                __lock___at_quick_exit_mutex
                0x20000468                __lock___dd_hash_mutex
                0x2000046c                __lock___tz_mutex
                0x20000470                __lock___sfp_recursive_mutex
                0x20000474                . = ALIGN (0x4)
 *fill*         0x20000471        0x3 
                0x20000474                _ebss = .
                0x20000474                __bss_end__ = _ebss

._user_heap_stack
                0x20000474      0x404 load address 0x08000ee8
                0x20000478                . = ALIGN (0x8)
 *fill*         0x20000474        0x4 
                0x20000478                PROVIDE (end = .)
                [!provide]                PROVIDE (_end = .)
                0x20000478                . = (. + _Min_Heap_Size)
                0x20000878                . = (. + _Min_Stack_Size)
 *fill*         0x20000478      0x400 
                0x20000878                . = ALIGN (0x8)

/DISCARD/
 libc.a(*)
 libm.a(*)
 libgcc.a(*)

.ARM.attributes
                0x00000000       0x29
 *(.ARM.attributes)
 .ARM.attributes
                0x00000000       0x1d c:/ac6/systemworkbench/plugins/fr.ac6.mcu.externaltools.arm-none.win32_1.17.0.201812190825/tools/compiler/bin/../lib/gcc/arm-none-eabi/7.3.1/thumb/v7-m/crti.o
 .ARM.attributes
                0x0000001d       0x2d c:/ac6/systemworkbench/plugins/fr.ac6.mcu.externaltools.arm-none.win32_1.17.0.201812190825/tools/compiler/bin/../lib/gcc/arm-none-eabi/7.3.1/thumb/v7-m/crtbegin.o
 .ARM.attributes
                0x0000004a       0x33 src/main.o
 .ARM.attributes
                0x0000007d       0x33 src/misc.o
 .ARM.attributes
                0x000000b0       0x33 src/stm32f10x_exti.o
 .ARM.attributes
                0x000000e3       0x33 src/stm32f10x_gpio.o
 .ARM.attributes
                0x00000116       0x33 src/stm32f10x_it.o
 .ARM.attributes
                0x00000149       0x33 src/stm32f10x_rcc.o
 .ARM.attributes
                0x0000017c       0x33 src/system_stm32f10x.o
 .ARM.attributes
                0x000001af       0x21 startup/startup_stm32.o
 .ARM.attributes
                0x000001d0       0x2d c:/ac6/systemworkbench/plugins/fr.ac6.mcu.externaltools.arm-none.win32_1.17.0.201812190825/tools/compiler/bin/../lib/gcc/arm-none-eabi/7.3.1/../../../../arm-none-eabi/lib/thumb/v7-m\libc.a(lib_a-impure.o)
 .ARM.attributes
                0x000001fd       0x2d c:/ac6/systemworkbench/plugins/fr.ac6.mcu.externaltools.arm-none.win32_1.17.0.201812190825/tools/compiler/bin/../lib/gcc/arm-none-eabi/7.3.1/../../../../arm-none-eabi/lib/thumb/v7-m\libc.a(lib_a-init.o)
 .ARM.attributes
                0x0000022a       0x2d c:/ac6/systemworkbench/plugins/fr.ac6.mcu.externaltools.arm-none.win32_1.17.0.201812190825/tools/compiler/bin/../lib/gcc/arm-none-eabi/7.3.1/../../../../arm-none-eabi/lib/thumb/v7-m\libc.a(lib_a-__call_atexit.o)
 .ARM.attributes
                0x00000257       0x2d c:/ac6/systemworkbench/plugins/fr.ac6.mcu.externaltools.arm-none.win32_1.17.0.201812190825/tools/compiler/bin/../lib/gcc/arm-none-eabi/7.3.1/../../../../arm-none-eabi/lib/thumb/v7-m\libc.a(lib_a-atexit.o)
 .ARM.attributes
                0x00000284       0x2d c:/ac6/systemworkbench/plugins/fr.ac6.mcu.externaltools.arm-none.win32_1.17.0.201812190825/tools/compiler/bin/../lib/gcc/arm-none-eabi/7.3.1/../../../../arm-none-eabi/lib/thumb/v7-m\libc.a(lib_a-fini.o)
 .ARM.attributes
                0x000002b1       0x2d c:/ac6/systemworkbench/plugins/fr.ac6.mcu.externaltools.arm-none.win32_1.17.0.201812190825/tools/compiler/bin/../lib/gcc/arm-none-eabi/7.3.1/../../../../arm-none-eabi/lib/thumb/v7-m\libc.a(lib_a-lock.o)
 .ARM.attributes
                0x000002de       0x2d c:/ac6/systemworkbench/plugins/fr.ac6.mcu.externaltools.arm-none.win32_1.17.0.201812190825/tools/compiler/bin/../lib/gcc/arm-none-eabi/7.3.1/../../../../arm-none-eabi/lib/thumb/v7-m\libc.a(lib_a-__atexit.o)
 .ARM.attributes
                0x0000030b       0x1d c:/ac6/systemworkbench/plugins/fr.ac6.mcu.externaltools.arm-none.win32_1.17.0.201812190825/tools/compiler/bin/../lib/gcc/arm-none-eabi/7.3.1/thumb/v7-m/crtn.o
OUTPUT(toggle_led_int.elf elf32-littlearm)

.debug_info     0x00000000     0x2292
 .debug_info    0x00000000      0x52b src/main.o
 .debug_info    0x0000052b      0x4e7 src/misc.o
 .debug_info    0x00000a12      0x34b src/stm32f10x_exti.o
 .debug_info    0x00000d5d      0x6ec src/stm32f10x_gpio.o
 .debug_info    0x00001449      0x13b src/stm32f10x_it.o
 .debug_info    0x00001584      0x89c src/stm32f10x_rcc.o
 .debug_info    0x00001e20      0x450 src/system_stm32f10x.o
 .debug_info    0x00002270       0x22 startup/startup_stm32.o

.debug_abbrev   0x00000000      0xa5a
 .debug_abbrev  0x00000000      0x182 src/main.o
 .debug_abbrev  0x00000182      0x186 src/misc.o
 .debug_abbrev  0x00000308      0x16f src/stm32f10x_exti.o
 .debug_abbrev  0x00000477      0x1e4 src/stm32f10x_gpio.o
 .debug_abbrev  0x0000065b       0x7b src/stm32f10x_it.o
 .debug_abbrev  0x000006d6      0x1d4 src/stm32f10x_rcc.o
 .debug_abbrev  0x000008aa      0x19e src/system_stm32f10x.o
 .debug_abbrev  0x00000a48       0x12 startup/startup_stm32.o

.debug_aranges  0x00000000      0x368
 .debug_aranges
                0x00000000       0x50 src/main.o
 .debug_aranges
                0x00000050       0x40 src/misc.o
 .debug_aranges
                0x00000090       0x58 src/stm32f10x_exti.o
 .debug_aranges
                0x000000e8       0xa8 src/stm32f10x_gpio.o
 .debug_aranges
                0x00000190       0x60 src/stm32f10x_it.o
 .debug_aranges
                0x000001f0      0x118 src/stm32f10x_rcc.o
 .debug_aranges
                0x00000308       0x38 src/system_stm32f10x.o
 .debug_aranges
                0x00000340       0x28 startup/startup_stm32.o

.debug_ranges   0x00000000      0x2f0
 .debug_ranges  0x00000000       0x40 src/main.o
 .debug_ranges  0x00000040       0x30 src/misc.o
 .debug_ranges  0x00000070       0x48 src/stm32f10x_exti.o
 .debug_ranges  0x000000b8       0x98 src/stm32f10x_gpio.o
 .debug_ranges  0x00000150       0x50 src/stm32f10x_it.o
 .debug_ranges  0x000001a0      0x108 src/stm32f10x_rcc.o
 .debug_ranges  0x000002a8       0x28 src/system_stm32f10x.o
 .debug_ranges  0x000002d0       0x20 startup/startup_stm32.o

.debug_macro    0x00000000     0xc7a2
 .debug_macro   0x00000000      0x17b src/main.o
 .debug_macro   0x0000017b       0x5c src/main.o
 .debug_macro   0x000001d7       0x22 src/main.o
 .debug_macro   0x000001f9      0x69f src/main.o
 .debug_macro   0x00000898     0x7dbe src/main.o
 .debug_macro   0x00008656       0x35 src/main.o
 .debug_macro   0x0000868b      0x2df src/main.o
 .debug_macro   0x0000896a      0x144 src/main.o
 .debug_macro   0x00008aae      0x3cf src/main.o
 .debug_macro   0x00008e7d       0xc8 src/main.o
 .debug_macro   0x00008f45      0x17a src/main.o
 .debug_macro   0x000090bf       0xac src/main.o
 .debug_macro   0x0000916b      0x3ad src/main.o
 .debug_macro   0x00009518       0x9a src/main.o
 .debug_macro   0x000095b2      0x2cf src/main.o
 .debug_macro   0x00009881      0x279 src/main.o
 .debug_macro   0x00009afa      0x2ac src/main.o
 .debug_macro   0x00009da6      0x2b1 src/main.o
 .debug_macro   0x0000a057       0x64 src/main.o
 .debug_macro   0x0000a0bb       0x82 src/main.o
 .debug_macro   0x0000a13d      0x3e2 src/main.o
 .debug_macro   0x0000a51f       0x58 src/main.o
 .debug_macro   0x0000a577      0x341 src/main.o
 .debug_macro   0x0000a8b8      0x2c4 src/main.o
 .debug_macro   0x0000ab7c      0x711 src/main.o
 .debug_macro   0x0000b28d      0x220 src/main.o
 .debug_macro   0x0000b4ad       0x34 src/main.o
 .debug_macro   0x0000b4e1       0x8b src/main.o
 .debug_macro   0x0000b56c      0x18b src/misc.o
 .debug_macro   0x0000b6f7       0x85 src/misc.o
 .debug_macro   0x0000b77c      0x18b src/stm32f10x_exti.o
 .debug_macro   0x0000b907       0x94 src/stm32f10x_exti.o
 .debug_macro   0x0000b99b      0x1d7 src/stm32f10x_gpio.o
 .debug_macro   0x0000bb72      0x2a6 src/stm32f10x_gpio.o
 .debug_macro   0x0000be18      0x185 src/stm32f10x_it.o
 .debug_macro   0x0000bf9d      0x2a1 src/stm32f10x_rcc.o
 .debug_macro   0x0000c23e      0x3dc src/stm32f10x_rcc.o
 .debug_macro   0x0000c61a      0x188 src/system_stm32f10x.o

.debug_line     0x00000000     0x2af7
 .debug_line    0x00000000      0x581 src/main.o
 .debug_line    0x00000581      0x558 src/misc.o
 .debug_line    0x00000ad9      0x5af src/stm32f10x_exti.o
 .debug_line    0x00001088      0x6d9 src/stm32f10x_gpio.o
 .debug_line    0x00001761      0x5a6 src/stm32f10x_it.o
 .debug_line    0x00001d07      0x7d5 src/stm32f10x_rcc.o
 .debug_line    0x000024dc      0x59f src/system_stm32f10x.o
 .debug_line    0x00002a7b       0x7c startup/startup_stm32.o

.debug_str      0x00000000    0x4ea65
 .debug_str     0x00000000    0x4d652 src/main.o
                              0x4d7cc (size before relaxing)
 .debug_str     0x0004d652      0x1d2 src/misc.o
                              0x4d42d (size before relaxing)
 .debug_str     0x0004d824       0xf7 src/stm32f10x_exti.o
                              0x4d3b6 (size before relaxing)
 .debug_str     0x0004d91b      0x477 src/stm32f10x_gpio.o
                              0x4d7a5 (size before relaxing)
 .debug_str     0x0004dd92       0xb8 src/stm32f10x_it.o
                              0x4d261 (size before relaxing)
 .debug_str     0x0004de4a      0xb48 src/stm32f10x_rcc.o
                              0x4dd8b (size before relaxing)
 .debug_str     0x0004e992       0xaa src/system_stm32f10x.o
                              0x4d34a (size before relaxing)
 .debug_str     0x0004ea3c       0x29 startup/startup_stm32.o
                                 0x5f (size before relaxing)

.comment        0x00000000       0x7f
 .comment       0x00000000       0x7f src/main.o
                                 0x80 (size before relaxing)
 .comment       0x0000007f       0x80 src/misc.o
 .comment       0x0000007f       0x80 src/stm32f10x_exti.o
 .comment       0x0000007f       0x80 src/stm32f10x_gpio.o
 .comment       0x0000007f       0x80 src/stm32f10x_it.o
 .comment       0x0000007f       0x80 src/stm32f10x_rcc.o
 .comment       0x0000007f       0x80 src/system_stm32f10x.o

.debug_frame    0x00000000      0xe40
 .debug_frame   0x00000000       0xf4 src/main.o
 .debug_frame   0x000000f4       0xd8 src/misc.o
 .debug_frame   0x000001cc      0x148 src/stm32f10x_exti.o
 .debug_frame   0x00000314      0x2d0 src/stm32f10x_gpio.o
 .debug_frame   0x000005e4      0x110 src/stm32f10x_it.o
 .debug_frame   0x000006f4      0x4f4 src/stm32f10x_rcc.o
 .debug_frame   0x00000be8       0x98 src/system_stm32f10x.o
 .debug_frame   0x00000c80       0x2c c:/ac6/systemworkbench/plugins/fr.ac6.mcu.externaltools.arm-none.win32_1.17.0.201812190825/tools/compiler/bin/../lib/gcc/arm-none-eabi/7.3.1/../../../../arm-none-eabi/lib/thumb/v7-m\libc.a(lib_a-init.o)
 .debug_frame   0x00000cac       0x5c c:/ac6/systemworkbench/plugins/fr.ac6.mcu.externaltools.arm-none.win32_1.17.0.201812190825/tools/compiler/bin/../lib/gcc/arm-none-eabi/7.3.1/../../../../arm-none-eabi/lib/thumb/v7-m\libc.a(lib_a-__call_atexit.o)
 .debug_frame   0x00000d08       0x20 c:/ac6/systemworkbench/plugins/fr.ac6.mcu.externaltools.arm-none.win32_1.17.0.201812190825/tools/compiler/bin/../lib/gcc/arm-none-eabi/7.3.1/../../../../arm-none-eabi/lib/thumb/v7-m\libc.a(lib_a-atexit.o)
 .debug_frame   0x00000d28       0x34 c:/ac6/systemworkbench/plugins/fr.ac6.mcu.externaltools.arm-none.win32_1.17.0.201812190825/tools/compiler/bin/../lib/gcc/arm-none-eabi/7.3.1/../../../../arm-none-eabi/lib/thumb/v7-m\libc.a(lib_a-fini.o)
 .debug_frame   0x00000d5c       0xb0 c:/ac6/systemworkbench/plugins/fr.ac6.mcu.externaltools.arm-none.win32_1.17.0.201812190825/tools/compiler/bin/../lib/gcc/arm-none-eabi/7.3.1/../../../../arm-none-eabi/lib/thumb/v7-m\libc.a(lib_a-lock.o)
 .debug_frame   0x00000e0c       0x34 c:/ac6/systemworkbench/plugins/fr.ac6.mcu.externaltools.arm-none.win32_1.17.0.201812190825/tools/compiler/bin/../lib/gcc/arm-none-eabi/7.3.1/../../../../arm-none-eabi/lib/thumb/v7-m\libc.a(lib_a-__atexit.o)
