16:14:11 **** Incremental Build of configuration Debug for project master_amp ****
make -j3 all 
Building file: ../src/main.c
Invoking: MCU GCC Compiler
/Volumes/other_stuff/electro_stuff/STM32_testbed/master_amp/Debug
arm-none-eabi-gcc -mcpu=cortex-m3 -mthumb -mfloat-abi=soft -DSTM32 -DSTM32F1 -DSTM32F103C8Tx -DDEBUG -DUSE_STDPERIPH_DRIVER -I"/Volumes/other_stuff/electro_stuff/STM32_testbed/master_amp/inc" -O0 -g3 -Wall -fmessage-length=0 -ffunction-sections -c -MMD -MP -MF"src/main.d" -MT"src/main.o" -o "src/main.o" "../src/main.c"
../src/main.c: In function 'main':
../src/main.c:276:38: warning: pointer targets in passing argument 2 of 'HD44780_PCF8574_DrawString' differ in signedness [-Wpointer-sign]
     HD44780_PCF8574_DrawString(addr, convert2pr(temp));
                                      ^~~~~~~~~~
In file included from ../src/main.c:11:0:
/Volumes/other_stuff/electro_stuff/STM32_testbed/master_amp/inc/lcd1602_i2c.h:194:8: note: expected 'char *' but argument is of type 'uint8_t * {aka unsigned char *}'
   void HD44780_PCF8574_DrawString (char, char *);
        ^~~~~~~~~~~~~~~~~~~~~~~~~~
../src/main.c:278:38: warning: pointer targets in passing argument 2 of 'HD44780_PCF8574_DrawString' differ in signedness [-Wpointer-sign]
     HD44780_PCF8574_DrawString(addr, convert2pr(TIM2Freq*30));
                                      ^~~~~~~~~~
In file included from ../src/main.c:11:0:
/Volumes/other_stuff/electro_stuff/STM32_testbed/master_amp/inc/lcd1602_i2c.h:194:8: note: expected 'char *' but argument is of type 'uint8_t * {aka unsigned char *}'
   void HD44780_PCF8574_DrawString (char, char *);
        ^~~~~~~~~~~~~~~~~~~~~~~~~~
../src/main.c:280:38: warning: pointer targets in passing argument 2 of 'HD44780_PCF8574_DrawString' differ in signedness [-Wpointer-sign]
     HD44780_PCF8574_DrawString(addr, convert2pr(TIM3Freq*30));
                                      ^~~~~~~~~~
In file included from ../src/main.c:11:0:
/Volumes/other_stuff/electro_stuff/STM32_testbed/master_amp/inc/lcd1602_i2c.h:194:8: note: expected 'char *' but argument is of type 'uint8_t * {aka unsigned char *}'
   void HD44780_PCF8574_DrawString (char, char *);
        ^~~~~~~~~~~~~~~~~~~~~~~~~~
../src/main.c: In function 'convert2pr':
../src/main.c:765:5: warning: this 'if' clause does not guard... [-Wmisleading-indentation]
     if(i>=0)
     ^~
../src/main.c:768:2: note: ...this statement, but the latter is misleadingly indented as if it were guarded by the 'if'
  return freq_to_print;
  ^~~~~~
../src/main.c: In function 'RCC_Configuration_HSI_64Mhz_without_USBclock':
../src/main.c:854:14: warning: unused variable 'HSIStartUpStatus' [-Wunused-variable]
  ErrorStatus HSIStartUpStatus;
              ^~~~~~~~~~~~~~~~
Finished building: ../src/main.c
 
Building target: master_amp.elf
Invoking: MCU G++ Linker
arm-none-eabi-g++ -mcpu=cortex-m3 -mthumb -mfloat-abi=soft -T"/Volumes/other_stuff/electro_stuff/STM32_testbed/master_amp/LinkerScript.ld" -Wl,-Map=output.map -Wl,--gc-sections -fno-exceptions -fno-rtti -o "master_amp.elf" @"objects.list"   -lm
Finished building target: master_amp.elf
 
/Library/Developer/CommandLineTools/usr/bin/make --no-print-directory post-build
Generating binary and Printing size information:
arm-none-eabi-objcopy -O binary "master_amp.elf" "master_amp.bin"
arm-none-eabi-size "master_amp.elf"
   text	   data	    bss	    dec	    hex	filename
  14772	   1216	   1236	  17224	   4348	master_amp.elf
 
13:43:23 **** Programming project master_amp on chip ****
/Applications/Ac6/SystemWorkbench.app/Contents/Eclipse/plugins/fr.ac6.mcu.externaltools.openocd.macos64_1.23.0.201904120827/tools/openocd/bin/openocd -f stm32.flash.9014555088187675493.cfg -s /Volumes/other_stuff/electro_stuff/STM32_testbed/master_amp -s /Applications/Ac6/SystemWorkbench.app/Contents/Eclipse/plugins/fr.ac6.mcu.debug_2.5.0.201904120827/resources/openocd/st_scripts -c "program Debug/master_amp.elf verify " -c shutdown 
Open On-Chip Debugger 0.10.0+dev-00021-g524e8c8 (2019-04-12-08:42)
Licensed under GNU GPL v2
For bug reports, read
	http://openocd.org/doc/doxygen/bugs.html
none separate
Info : The selected transport took over low-level target control. The results might differ compared to plain JTAG/SWD
adapter speed: 8000 kHz
adapter_nsrst_delay: 100
Info : clock speed 8000 kHz
Error: open failed (no matching adapter found)
in procedure 'program' 
in procedure 'init' called at file "embedded:startup.tcl", line 495
in procedure 'ocd_bouncer'
** OpenOCD init failed **
shutdown command invoked

13:44:31 **** Programming project master_amp on chip ****
/Applications/Ac6/SystemWorkbench.app/Contents/Eclipse/plugins/fr.ac6.mcu.externaltools.openocd.macos64_1.23.0.201904120827/tools/openocd/bin/openocd -f stm32.flash.3390607218052258774.cfg -s /Volumes/other_stuff/electro_stuff/STM32_testbed/master_amp -s /Applications/Ac6/SystemWorkbench.app/Contents/Eclipse/plugins/fr.ac6.mcu.debug_2.5.0.201904120827/resources/openocd/st_scripts -c "program Debug/master_amp.elf verify " -c shutdown 
Open On-Chip Debugger 0.10.0+dev-00021-g524e8c8 (2019-04-12-08:42)
Licensed under GNU GPL v2
For bug reports, read
	http://openocd.org/doc/doxygen/bugs.html
none separate
Info : The selected transport took over low-level target control. The results might differ compared to plain JTAG/SWD
adapter speed: 8000 kHz
adapter_nsrst_delay: 100
Info : clock speed 8000 kHz
Error: open failed (no matching adapter found)
in procedure 'program' 
in procedure 'init' called at file "embedded:startup.tcl", line 495
in procedure 'ocd_bouncer'
** OpenOCD init failed **
shutdown command invoked

13:44:48 **** Programming project master_amp on chip ****
/Applications/Ac6/SystemWorkbench.app/Contents/Eclipse/plugins/fr.ac6.mcu.externaltools.openocd.macos64_1.23.0.201904120827/tools/openocd/bin/openocd -f stm32.flash.2671169103077848926.cfg -s /Volumes/other_stuff/electro_stuff/STM32_testbed/master_amp -s /Applications/Ac6/SystemWorkbench.app/Contents/Eclipse/plugins/fr.ac6.mcu.debug_2.5.0.201904120827/resources/openocd/st_scripts -c "program Debug/master_amp.elf verify " -c shutdown 
Open On-Chip Debugger 0.10.0+dev-00021-g524e8c8 (2019-04-12-08:42)
Licensed under GNU GPL v2
For bug reports, read
	http://openocd.org/doc/doxygen/bugs.html
none separate
Info : The selected transport took over low-level target control. The results might differ compared to plain JTAG/SWD
adapter speed: 8000 kHz
adapter_nsrst_delay: 100
Info : clock speed 8000 kHz
Error: open failed (no matching adapter found)
in procedure 'program' 
in procedure 'init' called at file "embedded:startup.tcl", line 495
in procedure 'ocd_bouncer'
** OpenOCD init failed **
shutdown command invoked

13:52:04 **** Programming project master_amp on chip ****
/Applications/Ac6/SystemWorkbench.app/Contents/Eclipse/plugins/fr.ac6.mcu.externaltools.openocd.macos64_1.23.0.201904120827/tools/openocd/bin/openocd -f stm32.flash.2669433338693415500.cfg -s /Volumes/other_stuff/electro_stuff/STM32_testbed/master_amp -s /Applications/Ac6/SystemWorkbench.app/Contents/Eclipse/plugins/fr.ac6.mcu.debug_2.5.0.201904120827/resources/openocd/st_scripts -c "program Debug/master_amp.elf verify reset " -c shutdown 
Open On-Chip Debugger 0.10.0+dev-00021-g524e8c8 (2019-04-12-08:42)
Licensed under GNU GPL v2
For bug reports, read
	http://openocd.org/doc/doxygen/bugs.html
none separate
Info : The selected transport took over low-level target control. The results might differ compared to plain JTAG/SWD
adapter speed: 8000 kHz
adapter_nsrst_delay: 100
Info : clock speed 8000 kHz
Error: open failed (no matching adapter found)
in procedure 'program' 
in procedure 'init' called at file "embedded:startup.tcl", line 495
in procedure 'ocd_bouncer'
** OpenOCD init failed **
shutdown command invoked

13:54:14 **** Programming project master_amp on chip ****
/Applications/Ac6/SystemWorkbench.app/Contents/Eclipse/plugins/fr.ac6.mcu.externaltools.openocd.macos64_1.23.0.201904120827/tools/openocd/bin/openocd -f stm32.flash.8582283249527609864.cfg -s /Volumes/other_stuff/electro_stuff/STM32_testbed/master_amp -s /Applications/Ac6/SystemWorkbench.app/Contents/Eclipse/plugins/fr.ac6.mcu.debug_2.5.0.201904120827/resources/openocd/st_scripts -c "program Debug/master_amp.elf verify " -c shutdown 
Open On-Chip Debugger 0.10.0+dev-00021-g524e8c8 (2019-04-12-08:42)
Licensed under GNU GPL v2
For bug reports, read
	http://openocd.org/doc/doxygen/bugs.html
none separate
Info : The selected transport took over low-level target control. The results might differ compared to plain JTAG/SWD
adapter speed: 8000 kHz
adapter_nsrst_delay: 100
Info : clock speed 8000 kHz
Error: open failed (no matching adapter found)
in procedure 'program' 
in procedure 'init' called at file "embedded:startup.tcl", line 495
in procedure 'ocd_bouncer'
** OpenOCD init failed **
shutdown command invoked

13:56:49 **** Programming project master_amp on chip ****
/Applications/Ac6/SystemWorkbench.app/Contents/Eclipse/plugins/fr.ac6.mcu.externaltools.openocd.macos64_1.23.0.201904120827/tools/openocd/bin/openocd -f stm32.flash.3231528701896866748.cfg -s /Volumes/other_stuff/electro_stuff/STM32_testbed/master_amp -s /Applications/Ac6/SystemWorkbench.app/Contents/Eclipse/plugins/fr.ac6.mcu.debug_2.5.0.201904120827/resources/openocd/st_scripts -c "program Debug/master_amp.elf verify reset " -c shutdown 
Open On-Chip Debugger 0.10.0+dev-00021-g524e8c8 (2019-04-12-08:42)
Licensed under GNU GPL v2
For bug reports, read
	http://openocd.org/doc/doxygen/bugs.html
srst_only separate srst_nogate srst_open_drain connect_assert_srst
Info : The selected transport took over low-level target control. The results might differ compared to plain JTAG/SWD
adapter speed: 8000 kHz
adapter_nsrst_delay: 100
Info : clock speed 8000 kHz
Error: open failed (no matching adapter found)
in procedure 'program' 
in procedure 'init' called at file "embedded:startup.tcl", line 495
in procedure 'ocd_bouncer'
** OpenOCD init failed **
shutdown command invoked

