16:48:46 **** Build of configuration Debug for project master_amp ****
make -j8 all 
Building file: ../startup/startup_stm32.s
Building file: ../startup/sysmem.c
Building file: ../src/core_cm3.c
Building file: ../src/delay_stm32f1.c
Invoking: MCU GCC Assembler
Invoking: MCU GCC Compiler
Invoking: MCU GCC Compiler
Invoking: MCU GCC Compiler
D:\stm_workspace\master_amp\Debug
arm-none-eabi-as -mcpu=cortex-m3 -mthumb -mfloat-abi=soft -g -o "startup/startup_stm32.o" "../startup/startup_stm32.s"
D:\stm_workspace\master_amp\Debug
D:\stm_workspace\master_amp\Debug
arm-none-eabi-gcc -mcpu=cortex-m3 -mthumb -mfloat-abi=soft -DSTM32 -DSTM32F1 -DSTM32F103C8Tx -DDEBUG -DUSE_STDPERIPH_DRIVER -I"D:/stm_workspace/master_amp/inc" -O0 -g3 -Wall -fmessage-length=0 -ffunction-sections -c -MMD -MP -MF"startup/sysmem.d" -MT"startup/sysmem.o" -o "startup/sysmem.o" "../startup/sysmem.c"
D:\stm_workspace\master_amp\Debug
arm-none-eabi-gcc -mcpu=cortex-m3 -mthumb -mfloat-abi=soft -DSTM32 -DSTM32F1 -DSTM32F103C8Tx -DDEBUG -DUSE_STDPERIPH_DRIVER -I"D:/stm_workspace/master_amp/inc" -O0 -g3 -Wall -fmessage-length=0 -ffunction-sections -c -MMD -MP -MF"src/core_cm3.d" -MT"src/core_cm3.o" -o "src/core_cm3.o" "../src/core_cm3.c"
arm-none-eabi-gcc -mcpu=cortex-m3 -mthumb -mfloat-abi=soft -DSTM32 -DSTM32F1 -DSTM32F103C8Tx -DDEBUG -DUSE_STDPERIPH_DRIVER -I"D:/stm_workspace/master_amp/inc" -O0 -g3 -Wall -fmessage-length=0 -ffunction-sections -c -MMD -MP -MF"src/delay_stm32f1.d" -MT"src/delay_stm32f1.o" -o "src/delay_stm32f1.o" "../src/delay_stm32f1.c"
Building file: ../src/lcd1602_i2c.c
Building file: ../src/main.c
Building file: ../src/misc.c
Building file: ../src/state_machine.c
Invoking: MCU GCC Compiler
Invoking: MCU GCC Compiler
Invoking: MCU GCC Compiler
Invoking: MCU GCC Compiler
D:\stm_workspace\master_amp\Debug
arm-none-eabi-gcc -mcpu=cortex-m3 -mthumb -mfloat-abi=soft -DSTM32 -DSTM32F1 -DSTM32F103C8Tx -DDEBUG -DUSE_STDPERIPH_DRIVER -I"D:/stm_workspace/master_amp/inc" -O0 -g3 -Wall -fmessage-length=0 -ffunction-sections -c -MMD -MP -MF"src/lcd1602_i2c.d" -MT"src/lcd1602_i2c.o" -o "src/lcd1602_i2c.o" "../src/lcd1602_i2c.c"
Finished building: ../startup/startup_stm32.s
D:\stm_workspace\master_amp\Debug
D:\stm_workspace\master_amp\Debug
D:\stm_workspace\master_amp\Debug
arm-none-eabi-gcc -mcpu=cortex-m3 -mthumb -mfloat-abi=soft -DSTM32 -DSTM32F1 -DSTM32F103C8Tx -DDEBUG -DUSE_STDPERIPH_DRIVER -I"D:/stm_workspace/master_amp/inc" -O0 -g3 -Wall -fmessage-length=0 -ffunction-sections -c -MMD -MP -MF"src/main.d" -MT"src/main.o" -o "src/main.o" "../src/main.c"
arm-none-eabi-gcc -mcpu=cortex-m3 -mthumb -mfloat-abi=soft -DSTM32 -DSTM32F1 -DSTM32F103C8Tx -DDEBUG -DUSE_STDPERIPH_DRIVER -I"D:/stm_workspace/master_amp/inc" -O0 -g3 -Wall -fmessage-length=0 -ffunction-sections -c -MMD -MP -MF"src/misc.d" -MT"src/misc.o" -o "src/misc.o" "../src/misc.c"
arm-none-eabi-gcc -mcpu=cortex-m3 -mthumb -mfloat-abi=soft -DSTM32 -DSTM32F1 -DSTM32F103C8Tx -DDEBUG -DUSE_STDPERIPH_DRIVER -I"D:/stm_workspace/master_amp/inc" -O0 -g3 -Wall -fmessage-length=0 -ffunction-sections -c -MMD -MP -MF"src/state_machine.d" -MT"src/state_machine.o" -o "src/state_machine.o" "../src/state_machine.c"
 
Building file: ../src/stm32f10x_adc.c
Invoking: MCU GCC Compiler
Finished building: ../src/core_cm3.c
D:\stm_workspace\master_amp\Debug
Finished building: ../startup/sysmem.c
arm-none-eabi-gcc -mcpu=cortex-m3 -mthumb -mfloat-abi=soft -DSTM32 -DSTM32F1 -DSTM32F103C8Tx -DDEBUG -DUSE_STDPERIPH_DRIVER -I"D:/stm_workspace/master_amp/inc" -O0 -g3 -Wall -fmessage-length=0 -ffunction-sections -c -MMD -MP -MF"src/stm32f10x_adc.d" -MT"src/stm32f10x_adc.o" -o "src/stm32f10x_adc.o" "../src/stm32f10x_adc.c"
 
../src/main.c: In function 'main':
../src/main.c:239:38: warning: pointer targets in passing argument 2 of 'HD44780_PCF8574_DrawString' differ in signedness [-Wpointer-sign]
     HD44780_PCF8574_DrawString(addr, freq_to_print);
                                      ^~~~~~~~~~~~~
In file included from ../src/main.c:16:0:
D:/stm_workspace/master_amp/inc/lcd1602_i2c.h:194:8: note: expected 'char *' but argument is of type 'uint8_t * {aka unsigned char *}'
   void HD44780_PCF8574_DrawString (char, char *);
        ^~~~~~~~~~~~~~~~~~~~~~~~~~
../src/main.c: In function 'RCC_Configuration_HSI_64Mhz_without_USBclock':
../src/main.c:685:14: warning: unused variable 'HSIStartUpStatus' [-Wunused-variable]
  ErrorStatus HSIStartUpStatus;
              ^~~~~~~~~~~~~~~~
../src/state_machine.c: In function 'fan_state':
../src/state_machine.c:72:35: warning: pointer targets in passing argument 2 of 'HD44780_PCF8574_DrawString' differ in signedness [-Wpointer-sign]
  HD44780_PCF8574_DrawString(addr, freq_to_print);
                                   ^~~~~~~~~~~~~
In file included from ../src/state_machine.c:2:0:
D:/stm_workspace/master_amp/inc/lcd1602_i2c.h:194:8: note: expected 'char *' but argument is of type 'uint8_t * {aka unsigned char *}'
   void HD44780_PCF8574_DrawString (char, char *);
        ^~~~~~~~~~~~~~~~~~~~~~~~~~
 
Building file: ../src/stm32f10x_bkp.c
Invoking: MCU GCC Compiler
Finished building: ../src/delay_stm32f1.c
Building file: ../src/stm32f10x_can.c
D:\stm_workspace\master_amp\Debug
 
arm-none-eabi-gcc -mcpu=cortex-m3 -mthumb -mfloat-abi=soft -DSTM32 -DSTM32F1 -DSTM32F103C8Tx -DDEBUG -DUSE_STDPERIPH_DRIVER -I"D:/stm_workspace/master_amp/inc" -O0 -g3 -Wall -fmessage-length=0 -ffunction-sections -c -MMD -MP -MF"src/stm32f10x_bkp.d" -MT"src/stm32f10x_bkp.o" -o "src/stm32f10x_bkp.o" "../src/stm32f10x_bkp.c"
Finished building: ../src/state_machine.c
Invoking: MCU GCC Compiler
Building file: ../src/stm32f10x_cec.c
 
D:\stm_workspace\master_amp\Debug
arm-none-eabi-gcc -mcpu=cortex-m3 -mthumb -mfloat-abi=soft -DSTM32 -DSTM32F1 -DSTM32F103C8Tx -DDEBUG -DUSE_STDPERIPH_DRIVER -I"D:/stm_workspace/master_amp/inc" -O0 -g3 -Wall -fmessage-length=0 -ffunction-sections -c -MMD -MP -MF"src/stm32f10x_can.d" -MT"src/stm32f10x_can.o" -o "src/stm32f10x_can.o" "../src/stm32f10x_can.c"
Invoking: MCU GCC Compiler
Finished building: ../src/lcd1602_i2c.c
Building file: ../src/stm32f10x_crc.c
Finished building: ../src/main.c
Finished building: ../src/misc.c
D:\stm_workspace\master_amp\Debug
Invoking: MCU GCC Compiler
arm-none-eabi-gcc -mcpu=cortex-m3 -mthumb -mfloat-abi=soft -DSTM32 -DSTM32F1 -DSTM32F103C8Tx -DDEBUG -DUSE_STDPERIPH_DRIVER -I"D:/stm_workspace/master_amp/inc" -O0 -g3 -Wall -fmessage-length=0 -ffunction-sections -c -MMD -MP -MF"src/stm32f10x_cec.d" -MT"src/stm32f10x_cec.o" -o "src/stm32f10x_cec.o" "../src/stm32f10x_cec.c"
 
 
 
D:\stm_workspace\master_amp\Debug
Building file: ../src/stm32f10x_dac.c
arm-none-eabi-gcc -mcpu=cortex-m3 -mthumb -mfloat-abi=soft -DSTM32 -DSTM32F1 -DSTM32F103C8Tx -DDEBUG -DUSE_STDPERIPH_DRIVER -I"D:/stm_workspace/master_amp/inc" -O0 -g3 -Wall -fmessage-length=0 -ffunction-sections -c -MMD -MP -MF"src/stm32f10x_crc.d" -MT"src/stm32f10x_crc.o" -o "src/stm32f10x_crc.o" "../src/stm32f10x_crc.c"
Building file: ../src/stm32f10x_dbgmcu.c
Building file: ../src/stm32f10x_dma.c
Invoking: MCU GCC Compiler
Invoking: MCU GCC Compiler
Invoking: MCU GCC Compiler
D:\stm_workspace\master_amp\Debug
arm-none-eabi-gcc -mcpu=cortex-m3 -mthumb -mfloat-abi=soft -DSTM32 -DSTM32F1 -DSTM32F103C8Tx -DDEBUG -DUSE_STDPERIPH_DRIVER -I"D:/stm_workspace/master_amp/inc" -O0 -g3 -Wall -fmessage-length=0 -ffunction-sections -c -MMD -MP -MF"src/stm32f10x_dbgmcu.d" -MT"src/stm32f10x_dbgmcu.o" -o "src/stm32f10x_dbgmcu.o" "../src/stm32f10x_dbgmcu.c"
D:\stm_workspace\master_amp\Debug
D:\stm_workspace\master_amp\Debug
arm-none-eabi-gcc -mcpu=cortex-m3 -mthumb -mfloat-abi=soft -DSTM32 -DSTM32F1 -DSTM32F103C8Tx -DDEBUG -DUSE_STDPERIPH_DRIVER -I"D:/stm_workspace/master_amp/inc" -O0 -g3 -Wall -fmessage-length=0 -ffunction-sections -c -MMD -MP -MF"src/stm32f10x_dac.d" -MT"src/stm32f10x_dac.o" -o "src/stm32f10x_dac.o" "../src/stm32f10x_dac.c"
Finished building: ../src/stm32f10x_adc.c
arm-none-eabi-gcc -mcpu=cortex-m3 -mthumb -mfloat-abi=soft -DSTM32 -DSTM32F1 -DSTM32F103C8Tx -DDEBUG -DUSE_STDPERIPH_DRIVER -I"D:/stm_workspace/master_amp/inc" -O0 -g3 -Wall -fmessage-length=0 -ffunction-sections -c -MMD -MP -MF"src/stm32f10x_dma.d" -MT"src/stm32f10x_dma.o" -o "src/stm32f10x_dma.o" "../src/stm32f10x_dma.c"
 
Building file: ../src/stm32f10x_exti.c
Finished building: ../src/stm32f10x_bkp.c
Invoking: MCU GCC Compiler
 
Finished building: ../src/stm32f10x_can.c
D:\stm_workspace\master_amp\Debug
Building file: ../src/stm32f10x_flash.c
arm-none-eabi-gcc -mcpu=cortex-m3 -mthumb -mfloat-abi=soft -DSTM32 -DSTM32F1 -DSTM32F103C8Tx -DDEBUG -DUSE_STDPERIPH_DRIVER -I"D:/stm_workspace/master_amp/inc" -O0 -g3 -Wall -fmessage-length=0 -ffunction-sections -c -MMD -MP -MF"src/stm32f10x_exti.d" -MT"src/stm32f10x_exti.o" -o "src/stm32f10x_exti.o" "../src/stm32f10x_exti.c"
 
Invoking: MCU GCC Compiler
Finished building: ../src/stm32f10x_cec.c
Building file: ../src/stm32f10x_fsmc.c
Finished building: ../src/stm32f10x_crc.c
D:\stm_workspace\master_amp\Debug
arm-none-eabi-gcc -mcpu=cortex-m3 -mthumb -mfloat-abi=soft -DSTM32 -DSTM32F1 -DSTM32F103C8Tx -DDEBUG -DUSE_STDPERIPH_DRIVER -I"D:/stm_workspace/master_amp/inc" -O0 -g3 -Wall -fmessage-length=0 -ffunction-sections -c -MMD -MP -MF"src/stm32f10x_flash.d" -MT"src/stm32f10x_flash.o" -o "src/stm32f10x_flash.o" "../src/stm32f10x_flash.c"
 
Invoking: MCU GCC Compiler
 
D:\stm_workspace\master_amp\Debug
Building file: ../src/stm32f10x_gpio.c
Building file: ../src/stm32f10x_i2c.c
arm-none-eabi-gcc -mcpu=cortex-m3 -mthumb -mfloat-abi=soft -DSTM32 -DSTM32F1 -DSTM32F103C8Tx -DDEBUG -DUSE_STDPERIPH_DRIVER -I"D:/stm_workspace/master_amp/inc" -O0 -g3 -Wall -fmessage-length=0 -ffunction-sections -c -MMD -MP -MF"src/stm32f10x_fsmc.d" -MT"src/stm32f10x_fsmc.o" -o "src/stm32f10x_fsmc.o" "../src/stm32f10x_fsmc.c"
Finished building: ../src/stm32f10x_dac.c
Finished building: ../src/stm32f10x_dbgmcu.c
Invoking: MCU GCC Compiler
Invoking: MCU GCC Compiler
Finished building: ../src/stm32f10x_dma.c
 
 
D:\stm_workspace\master_amp\Debug
D:\stm_workspace\master_amp\Debug
arm-none-eabi-gcc -mcpu=cortex-m3 -mthumb -mfloat-abi=soft -DSTM32 -DSTM32F1 -DSTM32F103C8Tx -DDEBUG -DUSE_STDPERIPH_DRIVER -I"D:/stm_workspace/master_amp/inc" -O0 -g3 -Wall -fmessage-length=0 -ffunction-sections -c -MMD -MP -MF"src/stm32f10x_gpio.d" -MT"src/stm32f10x_gpio.o" -o "src/stm32f10x_gpio.o" "../src/stm32f10x_gpio.c"
Building file: ../src/stm32f10x_it.c
arm-none-eabi-gcc -mcpu=cortex-m3 -mthumb -mfloat-abi=soft -DSTM32 -DSTM32F1 -DSTM32F103C8Tx -DDEBUG -DUSE_STDPERIPH_DRIVER -I"D:/stm_workspace/master_amp/inc" -O0 -g3 -Wall -fmessage-length=0 -ffunction-sections -c -MMD -MP -MF"src/stm32f10x_i2c.d" -MT"src/stm32f10x_i2c.o" -o "src/stm32f10x_i2c.o" "../src/stm32f10x_i2c.c"
 
Building file: ../src/stm32f10x_iwdg.c
Building file: ../src/stm32f10x_pwr.c
Invoking: MCU GCC Compiler
Invoking: MCU GCC Compiler
Finished building: ../src/stm32f10x_exti.c
Invoking: MCU GCC Compiler
D:\stm_workspace\master_amp\Debug
D:\stm_workspace\master_amp\Debug
 
arm-none-eabi-gcc -mcpu=cortex-m3 -mthumb -mfloat-abi=soft -DSTM32 -DSTM32F1 -DSTM32F103C8Tx -DDEBUG -DUSE_STDPERIPH_DRIVER -I"D:/stm_workspace/master_amp/inc" -O0 -g3 -Wall -fmessage-length=0 -ffunction-sections -c -MMD -MP -MF"src/stm32f10x_it.d" -MT"src/stm32f10x_it.o" -o "src/stm32f10x_it.o" "../src/stm32f10x_it.c"
arm-none-eabi-gcc -mcpu=cortex-m3 -mthumb -mfloat-abi=soft -DSTM32 -DSTM32F1 -DSTM32F103C8Tx -DDEBUG -DUSE_STDPERIPH_DRIVER -I"D:/stm_workspace/master_amp/inc" -O0 -g3 -Wall -fmessage-length=0 -ffunction-sections -c -MMD -MP -MF"src/stm32f10x_iwdg.d" -MT"src/stm32f10x_iwdg.o" -o "src/stm32f10x_iwdg.o" "../src/stm32f10x_iwdg.c"
D:\stm_workspace\master_amp\Debug
arm-none-eabi-gcc -mcpu=cortex-m3 -mthumb -mfloat-abi=soft -DSTM32 -DSTM32F1 -DSTM32F103C8Tx -DDEBUG -DUSE_STDPERIPH_DRIVER -I"D:/stm_workspace/master_amp/inc" -O0 -g3 -Wall -fmessage-length=0 -ffunction-sections -c -MMD -MP -MF"src/stm32f10x_pwr.d" -MT"src/stm32f10x_pwr.o" -o "src/stm32f10x_pwr.o" "../src/stm32f10x_pwr.c"
Building file: ../src/stm32f10x_rcc.c
Invoking: MCU GCC Compiler
D:\stm_workspace\master_amp\Debug
arm-none-eabi-gcc -mcpu=cortex-m3 -mthumb -mfloat-abi=soft -DSTM32 -DSTM32F1 -DSTM32F103C8Tx -DDEBUG -DUSE_STDPERIPH_DRIVER -I"D:/stm_workspace/master_amp/inc" -O0 -g3 -Wall -fmessage-length=0 -ffunction-sections -c -MMD -MP -MF"src/stm32f10x_rcc.d" -MT"src/stm32f10x_rcc.o" -o "src/stm32f10x_rcc.o" "../src/stm32f10x_rcc.c"
Finished building: ../src/stm32f10x_flash.c
 
Finished building: ../src/stm32f10x_fsmc.c
 
Building file: ../src/stm32f10x_rtc.c
Finished building: ../src/stm32f10x_gpio.c
Invoking: MCU GCC Compiler
Building file: ../src/stm32f10x_sdio.c
 
Finished building: ../src/stm32f10x_i2c.c
D:\stm_workspace\master_amp\Debug
Invoking: MCU GCC Compiler
Finished building: ../src/stm32f10x_iwdg.c
arm-none-eabi-gcc -mcpu=cortex-m3 -mthumb -mfloat-abi=soft -DSTM32 -DSTM32F1 -DSTM32F103C8Tx -DDEBUG -DUSE_STDPERIPH_DRIVER -I"D:/stm_workspace/master_amp/inc" -O0 -g3 -Wall -fmessage-length=0 -ffunction-sections -c -MMD -MP -MF"src/stm32f10x_rtc.d" -MT"src/stm32f10x_rtc.o" -o "src/stm32f10x_rtc.o" "../src/stm32f10x_rtc.c"
Finished building: ../src/stm32f10x_it.c
 
D:\stm_workspace\master_amp\Debug
arm-none-eabi-gcc -mcpu=cortex-m3 -mthumb -mfloat-abi=soft -DSTM32 -DSTM32F1 -DSTM32F103C8Tx -DDEBUG -DUSE_STDPERIPH_DRIVER -I"D:/stm_workspace/master_amp/inc" -O0 -g3 -Wall -fmessage-length=0 -ffunction-sections -c -MMD -MP -MF"src/stm32f10x_sdio.d" -MT"src/stm32f10x_sdio.o" -o "src/stm32f10x_sdio.o" "../src/stm32f10x_sdio.c"
 
 
Building file: ../src/stm32f10x_spi.c
Building file: ../src/stm32f10x_tim.c
Finished building: ../src/stm32f10x_pwr.c
Building file: ../src/stm32f10x_usart.c
Invoking: MCU GCC Compiler
Building file: ../src/stm32f10x_wwdg.c
 
Invoking: MCU GCC Compiler
Invoking: MCU GCC Compiler
D:\stm_workspace\master_amp\Debug
Finished building: ../src/stm32f10x_rcc.c
arm-none-eabi-gcc -mcpu=cortex-m3 -mthumb -mfloat-abi=soft -DSTM32 -DSTM32F1 -DSTM32F103C8Tx -DDEBUG -DUSE_STDPERIPH_DRIVER -I"D:/stm_workspace/master_amp/inc" -O0 -g3 -Wall -fmessage-length=0 -ffunction-sections -c -MMD -MP -MF"src/stm32f10x_spi.d" -MT"src/stm32f10x_spi.o" -o "src/stm32f10x_spi.o" "../src/stm32f10x_spi.c"
Invoking: MCU GCC Compiler
D:\stm_workspace\master_amp\Debug
D:\stm_workspace\master_amp\Debug
arm-none-eabi-gcc -mcpu=cortex-m3 -mthumb -mfloat-abi=soft -DSTM32 -DSTM32F1 -DSTM32F103C8Tx -DDEBUG -DUSE_STDPERIPH_DRIVER -I"D:/stm_workspace/master_amp/inc" -O0 -g3 -Wall -fmessage-length=0 -ffunction-sections -c -MMD -MP -MF"src/stm32f10x_tim.d" -MT"src/stm32f10x_tim.o" -o "src/stm32f10x_tim.o" "../src/stm32f10x_tim.c"
arm-none-eabi-gcc -mcpu=cortex-m3 -mthumb -mfloat-abi=soft -DSTM32 -DSTM32F1 -DSTM32F103C8Tx -DDEBUG -DUSE_STDPERIPH_DRIVER -I"D:/stm_workspace/master_amp/inc" -O0 -g3 -Wall -fmessage-length=0 -ffunction-sections -c -MMD -MP -MF"src/stm32f10x_usart.d" -MT"src/stm32f10x_usart.o" -o "src/stm32f10x_usart.o" "../src/stm32f10x_usart.c"
 
D:\stm_workspace\master_amp\Debug
arm-none-eabi-gcc -mcpu=cortex-m3 -mthumb -mfloat-abi=soft -DSTM32 -DSTM32F1 -DSTM32F103C8Tx -DDEBUG -DUSE_STDPERIPH_DRIVER -I"D:/stm_workspace/master_amp/inc" -O0 -g3 -Wall -fmessage-length=0 -ffunction-sections -c -MMD -MP -MF"src/stm32f10x_wwdg.d" -MT"src/stm32f10x_wwdg.o" -o "src/stm32f10x_wwdg.o" "../src/stm32f10x_wwdg.c"
Building file: ../src/system_stm32f10x.c
Invoking: MCU GCC Compiler
D:\stm_workspace\master_amp\Debug
arm-none-eabi-gcc -mcpu=cortex-m3 -mthumb -mfloat-abi=soft -DSTM32 -DSTM32F1 -DSTM32F103C8Tx -DDEBUG -DUSE_STDPERIPH_DRIVER -I"D:/stm_workspace/master_amp/inc" -O0 -g3 -Wall -fmessage-length=0 -ffunction-sections -c -MMD -MP -MF"src/system_stm32f10x.d" -MT"src/system_stm32f10x.o" -o "src/system_stm32f10x.o" "../src/system_stm32f10x.c"
Finished building: ../src/stm32f10x_rtc.c
 
Finished building: ../src/stm32f10x_sdio.c
 
Finished building: ../src/stm32f10x_spi.c
 
Finished building: ../src/stm32f10x_wwdg.c
Finished building: ../src/stm32f10x_usart.c
 
Finished building: ../src/stm32f10x_tim.c
 
 
Finished building: ../src/system_stm32f10x.c
 
Building target: master_amp.elf
Invoking: MCU GCC Linker
arm-none-eabi-gcc -mcpu=cortex-m3 -mthumb -mfloat-abi=soft -T"D:/stm_workspace/master_amp/LinkerScript.ld" -Wl,-Map=output.map -Wl,--gc-sections -o "master_amp.elf" @"objects.list"   -lm
Finished building target: master_amp.elf
 
make --no-print-directory post-build
Generating binary and Printing size information:
arm-none-eabi-objcopy -O binary "master_amp.elf" "master_amp.bin"
arm-none-eabi-size "master_amp.elf"
   text	   data	    bss	    dec	    hex	filename
  11048	   1192	   1188	  13428	   3474	master_amp.elf
 
16:48:56 **** Programming project master_amp on chip ****
"C:\\Ac6\\SystemWorkbench\\plugins\\fr.ac6.mcu.externaltools.openocd.win32_1.23.0.201904120827\\tools\\openocd\\bin\\openocd.exe" -f stm32.flash.3590074227398753501.cfg -s "D:\\stm_workspace\\master_amp" -s "C:\\Ac6\\SystemWorkbench\\plugins\\fr.ac6.mcu.debug_2.5.0.201904120827\\resources\\openocd\\st_scripts" -c "program Debug/master_amp.elf verify reset " -c shutdown 
Open On-Chip Debugger 0.10.0+dev-00021-g524e8c8 (2019-04-12-08:48)
Licensed under GNU GPL v2
For bug reports, read
	http://openocd.org/doc/doxygen/bugs.html
none separate
Info : The selected transport took over low-level target control. The results might differ compared to plain JTAG/SWD
adapter speed: 8000 kHz
adapter_nsrst_delay: 100
Info : clock speed 8000 kHz
Info : STLINK v2 JTAG v29 API v2 SWIM v7 VID 0x0483 PID 0x3748
Info : using stlink api v2
Info : Target voltage: 3.188527
Info : Unable to match requested speed 8000 kHz, using 4000 kHz
Info : Stlink adapter speed set to 4000 kHz
Info : STM32F103C8Tx.cpu: hardware has 6 breakpoints, 4 watchpoints
Info : Listening on port 3333 for gdb connections
target halted due to debug-request, current mode: Thread 
xPSR: 0x01000000 pc: 0x08002910 msp: 0x20005000
Info : Unable to match requested speed 8000 kHz, using 4000 kHz
Info : Stlink adapter speed set to 4000 kHz
Info : Unable to match requested speed 8000 kHz, using 4000 kHz
adapter speed: 4000 kHz
** Programming Started **
auto erase enabled
Info : device id = 0x20036410
Info : flash size = 128kbytes
target halted due to breakpoint, current mode: Thread 
xPSR: 0x61000000 pc: 0x2000003a msp: 0x20005000
wrote 12288 bytes from file Debug/master_amp.elf in 0.829937s (14.459 KiB/s)
** Programming Finished **
** Verify Started **
target halted due to breakpoint, current mode: Thread 
xPSR: 0x61000000 pc: 0x2000002e msp: 0x20005000
target halted due to breakpoint, current mode: Thread 
xPSR: 0x61000000 pc: 0x2000002e msp: 0x20005000
verified 12240 bytes in 0.200182s (59.711 KiB/s)
** Verified OK **
** Resetting Target **
shutdown command invoked
