22:11:55 **** Incremental Build of configuration Debug for project spi_gpio_int ****
make -j12 all 
Building file: ../src/main.c
Invoking: MCU GCC Compiler
D:\Electro stuff\stm32_workspace\spi_gpio_int\Debug
arm-none-eabi-gcc -mcpu=cortex-m3 -mthumb -mfloat-abi=soft -DSTM32 -DSTM32F1 -DSTM32F103C8Tx -DDEBUG -DUSE_STDPERIPH_DRIVER -I"D:/Electro stuff/stm32_workspace/spi_gpio_int/inc" -O0 -g3 -Wall -fmessage-length=0 -ffunction-sections -c -MMD -MP -MF"src/main.d" -MT"src/main.o" -o "src/main.o" "../src/main.c"
Finished building: ../src/main.c
 
Building target: spi_gpio_int.elf
Invoking: MCU GCC Linker
arm-none-eabi-gcc -mcpu=cortex-m3 -mthumb -mfloat-abi=soft -T"D:/Electro stuff/stm32_workspace/spi_gpio_int/LinkerScript.ld" -Wl,-Map=output.map -Wl,--gc-sections -o "spi_gpio_int.elf" @"objects.list"   -lm
Finished building target: spi_gpio_int.elf
 
make --no-print-directory post-build
Generating binary and Printing size information:
arm-none-eabi-objcopy -O binary "spi_gpio_int.elf" "spi_gpio_int.bin"
arm-none-eabi-size "spi_gpio_int.elf"
   text	   data	    bss	    dec	    hex	filename
   2848	   1088	   1092	   5028	   13a4	spi_gpio_int.elf
 
