10:57:19 **** Incremental Build of configuration Debug for project i2c_lcd_test ****
make -j8 all 
Building file: ../src/lcd1602_i2c.c
Invoking: MCU GCC Compiler
D:\stm_workspace\i2c_lcd_test\Debug
arm-none-eabi-gcc -mcpu=cortex-m3 -mthumb -mfloat-abi=soft -DSTM32 -DSTM32F1 -DSTM32F103C8Tx -DDEBUG -DUSE_STDPERIPH_DRIVER -I"D:/stm_workspace/i2c_lcd_test/inc" -O0 -g3 -Wall -fmessage-length=0 -ffunction-sections -c -MMD -MP -MF"src/lcd1602_i2c.d" -MT"src/lcd1602_i2c.o" -o "src/lcd1602_i2c.o" "../src/lcd1602_i2c.c"
Finished building: ../src/lcd1602_i2c.c
 
Building target: i2c_lcd_test.elf
Invoking: MCU GCC Linker
arm-none-eabi-gcc -mcpu=cortex-m3 -mthumb -mfloat-abi=soft -T"D:/stm_workspace/i2c_lcd_test/LinkerScript.ld" -Wl,-Map=output.map -Wl,--gc-sections -o "i2c_lcd_test.elf" @"objects.list"   -lm
Finished building target: i2c_lcd_test.elf
 
make --no-print-directory post-build
Generating binary and Printing size information:
arm-none-eabi-objcopy -O binary "i2c_lcd_test.elf" "i2c_lcd_test.bin"
arm-none-eabi-size "i2c_lcd_test.elf"
   text	   data	    bss	    dec	    hex	filename
   4864	   1128	   1132	   7124	   1bd4	i2c_lcd_test.elf
 

10:57:21 Build Finished (took 1s.813ms)

