21:45:44 **** Build of configuration Debug for project spi_gpio_int ****
make -j8 all 
Building file: ../src/main.c
Building file: ../src/misc.c
Building file: ../src/stm32f10x_adc.c
Invoking: MCU GCC Compiler
Invoking: MCU GCC Compiler
Building file: ../src/stm32f10x_bkp.c
Invoking: MCU GCC Compiler
Building file: ../src/stm32f10x_can.c
D:\stm_workspace\spi_gpio_int\Debug
Building file: ../src/stm32f10x_cec.c
D:\stm_workspace\spi_gpio_int\Debug
arm-none-eabi-gcc -mcpu=cortex-m3 -mthumb -mfloat-abi=soft -DSTM32 -DSTM32F1 -DSTM32F103C8Tx -DDEBUG -DUSE_STDPERIPH_DRIVER -I"D:/stm_workspace/spi_gpio_int/inc" -O0 -g3 -Wall -fmessage-length=0 -ffunction-sections -c -MMD -MP -MF"src/main.d" -MT"src/main.o" -o "src/main.o" "../src/main.c"
Invoking: MCU GCC Compiler
D:\stm_workspace\spi_gpio_int\Debug
Invoking: MCU GCC Compiler
arm-none-eabi-gcc -mcpu=cortex-m3 -mthumb -mfloat-abi=soft -DSTM32 -DSTM32F1 -DSTM32F103C8Tx -DDEBUG -DUSE_STDPERIPH_DRIVER -I"D:/stm_workspace/spi_gpio_int/inc" -O0 -g3 -Wall -fmessage-length=0 -ffunction-sections -c -MMD -MP -MF"src/misc.d" -MT"src/misc.o" -o "src/misc.o" "../src/misc.c"
Invoking: MCU GCC Compiler
arm-none-eabi-gcc -mcpu=cortex-m3 -mthumb -mfloat-abi=soft -DSTM32 -DSTM32F1 -DSTM32F103C8Tx -DDEBUG -DUSE_STDPERIPH_DRIVER -I"D:/stm_workspace/spi_gpio_int/inc" -O0 -g3 -Wall -fmessage-length=0 -ffunction-sections -c -MMD -MP -MF"src/stm32f10x_adc.d" -MT"src/stm32f10x_adc.o" -o "src/stm32f10x_adc.o" "../src/stm32f10x_adc.c"
D:\stm_workspace\spi_gpio_int\Debug
arm-none-eabi-gcc -mcpu=cortex-m3 -mthumb -mfloat-abi=soft -DSTM32 -DSTM32F1 -DSTM32F103C8Tx -DDEBUG -DUSE_STDPERIPH_DRIVER -I"D:/stm_workspace/spi_gpio_int/inc" -O0 -g3 -Wall -fmessage-length=0 -ffunction-sections -c -MMD -MP -MF"src/stm32f10x_bkp.d" -MT"src/stm32f10x_bkp.o" -o "src/stm32f10x_bkp.o" "../src/stm32f10x_bkp.c"
D:\stm_workspace\spi_gpio_int\Debug
arm-none-eabi-gcc -mcpu=cortex-m3 -mthumb -mfloat-abi=soft -DSTM32 -DSTM32F1 -DSTM32F103C8Tx -DDEBUG -DUSE_STDPERIPH_DRIVER -I"D:/stm_workspace/spi_gpio_int/inc" -O0 -g3 -Wall -fmessage-length=0 -ffunction-sections -c -MMD -MP -MF"src/stm32f10x_can.d" -MT"src/stm32f10x_can.o" -o "src/stm32f10x_can.o" "../src/stm32f10x_can.c"
D:\stm_workspace\spi_gpio_int\Debug
arm-none-eabi-gcc -mcpu=cortex-m3 -mthumb -mfloat-abi=soft -DSTM32 -DSTM32F1 -DSTM32F103C8Tx -DDEBUG -DUSE_STDPERIPH_DRIVER -I"D:/stm_workspace/spi_gpio_int/inc" -O0 -g3 -Wall -fmessage-length=0 -ffunction-sections -c -MMD -MP -MF"src/stm32f10x_cec.d" -MT"src/stm32f10x_cec.o" -o "src/stm32f10x_cec.o" "../src/stm32f10x_cec.c"
Building file: ../src/stm32f10x_crc.c
Building file: ../src/stm32f10x_dac.c
Invoking: MCU GCC Compiler
Invoking: MCU GCC Compiler
D:\stm_workspace\spi_gpio_int\Debug
D:\stm_workspace\spi_gpio_int\Debug
arm-none-eabi-gcc -mcpu=cortex-m3 -mthumb -mfloat-abi=soft -DSTM32 -DSTM32F1 -DSTM32F103C8Tx -DDEBUG -DUSE_STDPERIPH_DRIVER -I"D:/stm_workspace/spi_gpio_int/inc" -O0 -g3 -Wall -fmessage-length=0 -ffunction-sections -c -MMD -MP -MF"src/stm32f10x_crc.d" -MT"src/stm32f10x_crc.o" -o "src/stm32f10x_crc.o" "../src/stm32f10x_crc.c"
arm-none-eabi-gcc -mcpu=cortex-m3 -mthumb -mfloat-abi=soft -DSTM32 -DSTM32F1 -DSTM32F103C8Tx -DDEBUG -DUSE_STDPERIPH_DRIVER -I"D:/stm_workspace/spi_gpio_int/inc" -O0 -g3 -Wall -fmessage-length=0 -ffunction-sections -c -MMD -MP -MF"src/stm32f10x_dac.d" -MT"src/stm32f10x_dac.o" -o "src/stm32f10x_dac.o" "../src/stm32f10x_dac.c"
Finished building: ../src/main.c
Finished building: ../src/misc.c
 
 
Finished building: ../src/stm32f10x_adc.c
Finished building: ../src/stm32f10x_cec.c
Building file: ../src/stm32f10x_dbgmcu.c
Building file: ../src/stm32f10x_dma.c
Finished building: ../src/stm32f10x_bkp.c
 
 
Finished building: ../src/stm32f10x_can.c
Invoking: MCU GCC Compiler
Invoking: MCU GCC Compiler
 
Building file: ../src/stm32f10x_exti.c
Finished building: ../src/stm32f10x_crc.c
 
Finished building: ../src/stm32f10x_dac.c
D:\stm_workspace\spi_gpio_int\Debug
Invoking: MCU GCC Compiler
 
D:\stm_workspace\spi_gpio_int\Debug
Building file: ../src/stm32f10x_flash.c
arm-none-eabi-gcc -mcpu=cortex-m3 -mthumb -mfloat-abi=soft -DSTM32 -DSTM32F1 -DSTM32F103C8Tx -DDEBUG -DUSE_STDPERIPH_DRIVER -I"D:/stm_workspace/spi_gpio_int/inc" -O0 -g3 -Wall -fmessage-length=0 -ffunction-sections -c -MMD -MP -MF"src/stm32f10x_dbgmcu.d" -MT"src/stm32f10x_dbgmcu.o" -o "src/stm32f10x_dbgmcu.o" "../src/stm32f10x_dbgmcu.c"
Building file: ../src/stm32f10x_fsmc.c
arm-none-eabi-gcc -mcpu=cortex-m3 -mthumb -mfloat-abi=soft -DSTM32 -DSTM32F1 -DSTM32F103C8Tx -DDEBUG -DUSE_STDPERIPH_DRIVER -I"D:/stm_workspace/spi_gpio_int/inc" -O0 -g3 -Wall -fmessage-length=0 -ffunction-sections -c -MMD -MP -MF"src/stm32f10x_dma.d" -MT"src/stm32f10x_dma.o" -o "src/stm32f10x_dma.o" "../src/stm32f10x_dma.c"
 
D:\stm_workspace\spi_gpio_int\Debug
arm-none-eabi-gcc -mcpu=cortex-m3 -mthumb -mfloat-abi=soft -DSTM32 -DSTM32F1 -DSTM32F103C8Tx -DDEBUG -DUSE_STDPERIPH_DRIVER -I"D:/stm_workspace/spi_gpio_int/inc" -O0 -g3 -Wall -fmessage-length=0 -ffunction-sections -c -MMD -MP -MF"src/stm32f10x_exti.d" -MT"src/stm32f10x_exti.o" -o "src/stm32f10x_exti.o" "../src/stm32f10x_exti.c"
Invoking: MCU GCC Compiler
Invoking: MCU GCC Compiler
Building file: ../src/stm32f10x_gpio.c
Building file: ../src/stm32f10x_i2c.c
Building file: ../src/stm32f10x_it.c
D:\stm_workspace\spi_gpio_int\Debug
arm-none-eabi-gcc -mcpu=cortex-m3 -mthumb -mfloat-abi=soft -DSTM32 -DSTM32F1 -DSTM32F103C8Tx -DDEBUG -DUSE_STDPERIPH_DRIVER -I"D:/stm_workspace/spi_gpio_int/inc" -O0 -g3 -Wall -fmessage-length=0 -ffunction-sections -c -MMD -MP -MF"src/stm32f10x_fsmc.d" -MT"src/stm32f10x_fsmc.o" -o "src/stm32f10x_fsmc.o" "../src/stm32f10x_fsmc.c"
Invoking: MCU GCC Compiler
D:\stm_workspace\spi_gpio_int\Debug
Invoking: MCU GCC Compiler
Invoking: MCU GCC Compiler
arm-none-eabi-gcc -mcpu=cortex-m3 -mthumb -mfloat-abi=soft -DSTM32 -DSTM32F1 -DSTM32F103C8Tx -DDEBUG -DUSE_STDPERIPH_DRIVER -I"D:/stm_workspace/spi_gpio_int/inc" -O0 -g3 -Wall -fmessage-length=0 -ffunction-sections -c -MMD -MP -MF"src/stm32f10x_flash.d" -MT"src/stm32f10x_flash.o" -o "src/stm32f10x_flash.o" "../src/stm32f10x_flash.c"
D:\stm_workspace\spi_gpio_int\Debug
arm-none-eabi-gcc -mcpu=cortex-m3 -mthumb -mfloat-abi=soft -DSTM32 -DSTM32F1 -DSTM32F103C8Tx -DDEBUG -DUSE_STDPERIPH_DRIVER -I"D:/stm_workspace/spi_gpio_int/inc" -O0 -g3 -Wall -fmessage-length=0 -ffunction-sections -c -MMD -MP -MF"src/stm32f10x_gpio.d" -MT"src/stm32f10x_gpio.o" -o "src/stm32f10x_gpio.o" "../src/stm32f10x_gpio.c"
D:\stm_workspace\spi_gpio_int\Debug
D:\stm_workspace\spi_gpio_int\Debug
arm-none-eabi-gcc -mcpu=cortex-m3 -mthumb -mfloat-abi=soft -DSTM32 -DSTM32F1 -DSTM32F103C8Tx -DDEBUG -DUSE_STDPERIPH_DRIVER -I"D:/stm_workspace/spi_gpio_int/inc" -O0 -g3 -Wall -fmessage-length=0 -ffunction-sections -c -MMD -MP -MF"src/stm32f10x_it.d" -MT"src/stm32f10x_it.o" -o "src/stm32f10x_it.o" "../src/stm32f10x_it.c"
arm-none-eabi-gcc -mcpu=cortex-m3 -mthumb -mfloat-abi=soft -DSTM32 -DSTM32F1 -DSTM32F103C8Tx -DDEBUG -DUSE_STDPERIPH_DRIVER -I"D:/stm_workspace/spi_gpio_int/inc" -O0 -g3 -Wall -fmessage-length=0 -ffunction-sections -c -MMD -MP -MF"src/stm32f10x_i2c.d" -MT"src/stm32f10x_i2c.o" -o "src/stm32f10x_i2c.o" "../src/stm32f10x_i2c.c"
Finished building: ../src/stm32f10x_dbgmcu.c
Finished building: ../src/stm32f10x_dma.c
Finished building: ../src/stm32f10x_exti.c
 
 
 
Building file: ../src/stm32f10x_iwdg.c
Finished building: ../src/stm32f10x_fsmc.c
Building file: ../src/stm32f10x_pwr.c
Invoking: MCU GCC Compiler
Building file: ../src/stm32f10x_rcc.c
 
Invoking: MCU GCC Compiler
Invoking: MCU GCC Compiler
D:\stm_workspace\spi_gpio_int\Debug
Building file: ../src/stm32f10x_rtc.c
Finished building: ../src/stm32f10x_flash.c
arm-none-eabi-gcc -mcpu=cortex-m3 -mthumb -mfloat-abi=soft -DSTM32 -DSTM32F1 -DSTM32F103C8Tx -DDEBUG -DUSE_STDPERIPH_DRIVER -I"D:/stm_workspace/spi_gpio_int/inc" -O0 -g3 -Wall -fmessage-length=0 -ffunction-sections -c -MMD -MP -MF"src/stm32f10x_iwdg.d" -MT"src/stm32f10x_iwdg.o" -o "src/stm32f10x_iwdg.o" "../src/stm32f10x_iwdg.c"
D:\stm_workspace\spi_gpio_int\Debug
Finished building: ../src/stm32f10x_gpio.c
Finished building: ../src/stm32f10x_it.c
arm-none-eabi-gcc -mcpu=cortex-m3 -mthumb -mfloat-abi=soft -DSTM32 -DSTM32F1 -DSTM32F103C8Tx -DDEBUG -DUSE_STDPERIPH_DRIVER -I"D:/stm_workspace/spi_gpio_int/inc" -O0 -g3 -Wall -fmessage-length=0 -ffunction-sections -c -MMD -MP -MF"src/stm32f10x_pwr.d" -MT"src/stm32f10x_pwr.o" -o "src/stm32f10x_pwr.o" "../src/stm32f10x_pwr.c"
D:\stm_workspace\spi_gpio_int\Debug
Invoking: MCU GCC Compiler
 
 
arm-none-eabi-gcc -mcpu=cortex-m3 -mthumb -mfloat-abi=soft -DSTM32 -DSTM32F1 -DSTM32F103C8Tx -DDEBUG -DUSE_STDPERIPH_DRIVER -I"D:/stm_workspace/spi_gpio_int/inc" -O0 -g3 -Wall -fmessage-length=0 -ffunction-sections -c -MMD -MP -MF"src/stm32f10x_rcc.d" -MT"src/stm32f10x_rcc.o" -o "src/stm32f10x_rcc.o" "../src/stm32f10x_rcc.c"
 
Finished building: ../src/stm32f10x_i2c.c
D:\stm_workspace\spi_gpio_int\Debug
Building file: ../src/stm32f10x_sdio.c
arm-none-eabi-gcc -mcpu=cortex-m3 -mthumb -mfloat-abi=soft -DSTM32 -DSTM32F1 -DSTM32F103C8Tx -DDEBUG -DUSE_STDPERIPH_DRIVER -I"D:/stm_workspace/spi_gpio_int/inc" -O0 -g3 -Wall -fmessage-length=0 -ffunction-sections -c -MMD -MP -MF"src/stm32f10x_rtc.d" -MT"src/stm32f10x_rtc.o" -o "src/stm32f10x_rtc.o" "../src/stm32f10x_rtc.c"
 
Building file: ../src/stm32f10x_spi.c
Building file: ../src/stm32f10x_tim.c
Invoking: MCU GCC Compiler
Invoking: MCU GCC Compiler
Building file: ../src/stm32f10x_usart.c
Invoking: MCU GCC Compiler
D:\stm_workspace\spi_gpio_int\Debug
D:\stm_workspace\spi_gpio_int\Debug
arm-none-eabi-gcc -mcpu=cortex-m3 -mthumb -mfloat-abi=soft -DSTM32 -DSTM32F1 -DSTM32F103C8Tx -DDEBUG -DUSE_STDPERIPH_DRIVER -I"D:/stm_workspace/spi_gpio_int/inc" -O0 -g3 -Wall -fmessage-length=0 -ffunction-sections -c -MMD -MP -MF"src/stm32f10x_sdio.d" -MT"src/stm32f10x_sdio.o" -o "src/stm32f10x_sdio.o" "../src/stm32f10x_sdio.c"
arm-none-eabi-gcc -mcpu=cortex-m3 -mthumb -mfloat-abi=soft -DSTM32 -DSTM32F1 -DSTM32F103C8Tx -DDEBUG -DUSE_STDPERIPH_DRIVER -I"D:/stm_workspace/spi_gpio_int/inc" -O0 -g3 -Wall -fmessage-length=0 -ffunction-sections -c -MMD -MP -MF"src/stm32f10x_spi.d" -MT"src/stm32f10x_spi.o" -o "src/stm32f10x_spi.o" "../src/stm32f10x_spi.c"
Invoking: MCU GCC Compiler
D:\stm_workspace\spi_gpio_int\Debug
arm-none-eabi-gcc -mcpu=cortex-m3 -mthumb -mfloat-abi=soft -DSTM32 -DSTM32F1 -DSTM32F103C8Tx -DDEBUG -DUSE_STDPERIPH_DRIVER -I"D:/stm_workspace/spi_gpio_int/inc" -O0 -g3 -Wall -fmessage-length=0 -ffunction-sections -c -MMD -MP -MF"src/stm32f10x_tim.d" -MT"src/stm32f10x_tim.o" -o "src/stm32f10x_tim.o" "../src/stm32f10x_tim.c"
D:\stm_workspace\spi_gpio_int\Debug
arm-none-eabi-gcc -mcpu=cortex-m3 -mthumb -mfloat-abi=soft -DSTM32 -DSTM32F1 -DSTM32F103C8Tx -DDEBUG -DUSE_STDPERIPH_DRIVER -I"D:/stm_workspace/spi_gpio_int/inc" -O0 -g3 -Wall -fmessage-length=0 -ffunction-sections -c -MMD -MP -MF"src/stm32f10x_usart.d" -MT"src/stm32f10x_usart.o" -o "src/stm32f10x_usart.o" "../src/stm32f10x_usart.c"
Finished building: ../src/stm32f10x_iwdg.c
Finished building: ../src/stm32f10x_pwr.c
 
 
Building file: ../src/stm32f10x_wwdg.c
Building file: ../src/system_stm32f10x.c
Finished building: ../src/stm32f10x_rcc.c
Invoking: MCU GCC Compiler
Invoking: MCU GCC Compiler
 
Finished building: ../src/stm32f10x_rtc.c
D:\stm_workspace\spi_gpio_int\Debug
D:\stm_workspace\spi_gpio_int\Debug
arm-none-eabi-gcc -mcpu=cortex-m3 -mthumb -mfloat-abi=soft -DSTM32 -DSTM32F1 -DSTM32F103C8Tx -DDEBUG -DUSE_STDPERIPH_DRIVER -I"D:/stm_workspace/spi_gpio_int/inc" -O0 -g3 -Wall -fmessage-length=0 -ffunction-sections -c -MMD -MP -MF"src/stm32f10x_wwdg.d" -MT"src/stm32f10x_wwdg.o" -o "src/stm32f10x_wwdg.o" "../src/stm32f10x_wwdg.c"
arm-none-eabi-gcc -mcpu=cortex-m3 -mthumb -mfloat-abi=soft -DSTM32 -DSTM32F1 -DSTM32F103C8Tx -DDEBUG -DUSE_STDPERIPH_DRIVER -I"D:/stm_workspace/spi_gpio_int/inc" -O0 -g3 -Wall -fmessage-length=0 -ffunction-sections -c -MMD -MP -MF"src/system_stm32f10x.d" -MT"src/system_stm32f10x.o" -o "src/system_stm32f10x.o" "../src/system_stm32f10x.c"
 
Finished building: ../src/stm32f10x_sdio.c
Finished building: ../src/stm32f10x_spi.c
 
 
Finished building: ../src/stm32f10x_usart.c
 
Finished building: ../src/stm32f10x_tim.c
 
Finished building: ../src/stm32f10x_wwdg.c
 
Finished building: ../src/system_stm32f10x.c
 
Building target: spi_gpio_int.elf
Invoking: MCU GCC Linker
arm-none-eabi-gcc -mcpu=cortex-m3 -mthumb -mfloat-abi=soft -T"D:/stm_workspace/spi_gpio_int/LinkerScript.ld" -Wl,-Map=output.map -Wl,--gc-sections -o "spi_gpio_int.elf" @"objects.list"   -lm
Finished building target: spi_gpio_int.elf
 
make --no-print-directory post-build
Generating binary and Printing size information:
arm-none-eabi-objcopy -O binary "spi_gpio_int.elf" "spi_gpio_int.bin"
arm-none-eabi-size "spi_gpio_int.elf"
   text	   data	    bss	    dec	    hex	filename
   3252	   1088	   1092	   5432	   1538	spi_gpio_int.elf
 

21:45:51 Build Finished (took 7s.127ms)

