16:45:02 **** Build of configuration Debug for project toggle_led ****
make -j12 all 
Building file: ../startup/startup_stm32.s
Building file: ../startup/sysmem.c
Building file: ../src/core_cm3.c
Invoking: MCU GCC Assembler
Building file: ../src/main.c
Invoking: MCU GCC Compiler
Invoking: MCU GCC Compiler
Building file: ../src/misc.c
D:\Electro stuff\stm32_workspace\toggle_led\Debug
arm-none-eabi-as -mcpu=cortex-m3 -mthumb -mfloat-abi=soft -g -o "startup/startup_stm32.o" "../startup/startup_stm32.s"
Invoking: MCU GCC Compiler
D:\Electro stuff\stm32_workspace\toggle_led\Debug
arm-none-eabi-gcc -mcpu=cortex-m3 -mthumb -mfloat-abi=soft -DSTM32 -DSTM32F1 -DSTM32F103C8Tx -DDEBUG -DUSE_STDPERIPH_DRIVER -I"D:/Electro stuff/stm32_workspace/toggle_led/inc" -O0 -g3 -Wall -fmessage-length=0 -ffunction-sections -c -MMD -MP -MF"startup/sysmem.d" -MT"startup/sysmem.o" -o "startup/sysmem.o" "../startup/sysmem.c"
D:\Electro stuff\stm32_workspace\toggle_led\Debug
Invoking: MCU GCC Compiler
arm-none-eabi-gcc -mcpu=cortex-m3 -mthumb -mfloat-abi=soft -DSTM32 -DSTM32F1 -DSTM32F103C8Tx -DDEBUG -DUSE_STDPERIPH_DRIVER -I"D:/Electro stuff/stm32_workspace/toggle_led/inc" -O0 -g3 -Wall -fmessage-length=0 -ffunction-sections -c -MMD -MP -MF"src/core_cm3.d" -MT"src/core_cm3.o" -o "src/core_cm3.o" "../src/core_cm3.c"
D:\Electro stuff\stm32_workspace\toggle_led\Debug
arm-none-eabi-gcc -mcpu=cortex-m3 -mthumb -mfloat-abi=soft -DSTM32 -DSTM32F1 -DSTM32F103C8Tx -DDEBUG -DUSE_STDPERIPH_DRIVER -I"D:/Electro stuff/stm32_workspace/toggle_led/inc" -O0 -g3 -Wall -fmessage-length=0 -ffunction-sections -c -MMD -MP -MF"src/main.d" -MT"src/main.o" -o "src/main.o" "../src/main.c"
D:\Electro stuff\stm32_workspace\toggle_led\Debug
arm-none-eabi-gcc -mcpu=cortex-m3 -mthumb -mfloat-abi=soft -DSTM32 -DSTM32F1 -DSTM32F103C8Tx -DDEBUG -DUSE_STDPERIPH_DRIVER -I"D:/Electro stuff/stm32_workspace/toggle_led/inc" -O0 -g3 -Wall -fmessage-length=0 -ffunction-sections -c -MMD -MP -MF"src/misc.d" -MT"src/misc.o" -o "src/misc.o" "../src/misc.c"
Building file: ../src/stm32f10x_adc.c
Building file: ../src/stm32f10x_bkp.c
Building file: ../src/stm32f10x_can.c
Building file: ../src/stm32f10x_cec.c
Invoking: MCU GCC Compiler
Building file: ../src/stm32f10x_crc.c
Invoking: MCU GCC Compiler
Invoking: MCU GCC Compiler
Building file: ../src/stm32f10x_dac.c
Invoking: MCU GCC Compiler
Building file: ../src/stm32f10x_dbgmcu.c
Invoking: MCU GCC Compiler
D:\Electro stuff\stm32_workspace\toggle_led\Debug
Invoking: MCU GCC Compiler
arm-none-eabi-gcc -mcpu=cortex-m3 -mthumb -mfloat-abi=soft -DSTM32 -DSTM32F1 -DSTM32F103C8Tx -DDEBUG -DUSE_STDPERIPH_DRIVER -I"D:/Electro stuff/stm32_workspace/toggle_led/inc" -O0 -g3 -Wall -fmessage-length=0 -ffunction-sections -c -MMD -MP -MF"src/stm32f10x_bkp.d" -MT"src/stm32f10x_bkp.o" -o "src/stm32f10x_bkp.o" "../src/stm32f10x_bkp.c"
Invoking: MCU GCC Compiler
D:\Electro stuff\stm32_workspace\toggle_led\Debug
D:\Electro stuff\stm32_workspace\toggle_led\Debug
D:\Electro stuff\stm32_workspace\toggle_led\Debug
D:\Electro stuff\stm32_workspace\toggle_led\Debug
arm-none-eabi-gcc -mcpu=cortex-m3 -mthumb -mfloat-abi=soft -DSTM32 -DSTM32F1 -DSTM32F103C8Tx -DDEBUG -DUSE_STDPERIPH_DRIVER -I"D:/Electro stuff/stm32_workspace/toggle_led/inc" -O0 -g3 -Wall -fmessage-length=0 -ffunction-sections -c -MMD -MP -MF"src/stm32f10x_adc.d" -MT"src/stm32f10x_adc.o" -o "src/stm32f10x_adc.o" "../src/stm32f10x_adc.c"
Finished building: ../startup/startup_stm32.s
arm-none-eabi-gcc -mcpu=cortex-m3 -mthumb -mfloat-abi=soft -DSTM32 -DSTM32F1 -DSTM32F103C8Tx -DDEBUG -DUSE_STDPERIPH_DRIVER -I"D:/Electro stuff/stm32_workspace/toggle_led/inc" -O0 -g3 -Wall -fmessage-length=0 -ffunction-sections -c -MMD -MP -MF"src/stm32f10x_crc.d" -MT"src/stm32f10x_crc.o" -o "src/stm32f10x_crc.o" "../src/stm32f10x_crc.c"
D:\Electro stuff\stm32_workspace\toggle_led\Debug
arm-none-eabi-gcc -mcpu=cortex-m3 -mthumb -mfloat-abi=soft -DSTM32 -DSTM32F1 -DSTM32F103C8Tx -DDEBUG -DUSE_STDPERIPH_DRIVER -I"D:/Electro stuff/stm32_workspace/toggle_led/inc" -O0 -g3 -Wall -fmessage-length=0 -ffunction-sections -c -MMD -MP -MF"src/stm32f10x_can.d" -MT"src/stm32f10x_can.o" -o "src/stm32f10x_can.o" "../src/stm32f10x_can.c"
D:\Electro stuff\stm32_workspace\toggle_led\Debug
arm-none-eabi-gcc -mcpu=cortex-m3 -mthumb -mfloat-abi=soft -DSTM32 -DSTM32F1 -DSTM32F103C8Tx -DDEBUG -DUSE_STDPERIPH_DRIVER -I"D:/Electro stuff/stm32_workspace/toggle_led/inc" -O0 -g3 -Wall -fmessage-length=0 -ffunction-sections -c -MMD -MP -MF"src/stm32f10x_cec.d" -MT"src/stm32f10x_cec.o" -o "src/stm32f10x_cec.o" "../src/stm32f10x_cec.c"
arm-none-eabi-gcc -mcpu=cortex-m3 -mthumb -mfloat-abi=soft -DSTM32 -DSTM32F1 -DSTM32F103C8Tx -DDEBUG -DUSE_STDPERIPH_DRIVER -I"D:/Electro stuff/stm32_workspace/toggle_led/inc" -O0 -g3 -Wall -fmessage-length=0 -ffunction-sections -c -MMD -MP -MF"src/stm32f10x_dac.d" -MT"src/stm32f10x_dac.o" -o "src/stm32f10x_dac.o" "../src/stm32f10x_dac.c"
arm-none-eabi-gcc -mcpu=cortex-m3 -mthumb -mfloat-abi=soft -DSTM32 -DSTM32F1 -DSTM32F103C8Tx -DDEBUG -DUSE_STDPERIPH_DRIVER -I"D:/Electro stuff/stm32_workspace/toggle_led/inc" -O0 -g3 -Wall -fmessage-length=0 -ffunction-sections -c -MMD -MP -MF"src/stm32f10x_dbgmcu.d" -MT"src/stm32f10x_dbgmcu.o" -o "src/stm32f10x_dbgmcu.o" "../src/stm32f10x_dbgmcu.c"
 
Building file: ../src/stm32f10x_dma.c
Invoking: MCU GCC Compiler
Finished building: ../startup/sysmem.c
D:\Electro stuff\stm32_workspace\toggle_led\Debug
Finished building: ../src/core_cm3.c
arm-none-eabi-gcc -mcpu=cortex-m3 -mthumb -mfloat-abi=soft -DSTM32 -DSTM32F1 -DSTM32F103C8Tx -DDEBUG -DUSE_STDPERIPH_DRIVER -I"D:/Electro stuff/stm32_workspace/toggle_led/inc" -O0 -g3 -Wall -fmessage-length=0 -ffunction-sections -c -MMD -MP -MF"src/stm32f10x_dma.d" -MT"src/stm32f10x_dma.o" -o "src/stm32f10x_dma.o" "../src/stm32f10x_dma.c"
 
 
Building file: ../src/stm32f10x_exti.c
Building file: ../src/stm32f10x_flash.c
Invoking: MCU GCC Compiler
D:\Electro stuff\stm32_workspace\toggle_led\Debug
Invoking: MCU GCC Compiler
arm-none-eabi-gcc -mcpu=cortex-m3 -mthumb -mfloat-abi=soft -DSTM32 -DSTM32F1 -DSTM32F103C8Tx -DDEBUG -DUSE_STDPERIPH_DRIVER -I"D:/Electro stuff/stm32_workspace/toggle_led/inc" -O0 -g3 -Wall -fmessage-length=0 -ffunction-sections -c -MMD -MP -MF"src/stm32f10x_exti.d" -MT"src/stm32f10x_exti.o" -o "src/stm32f10x_exti.o" "../src/stm32f10x_exti.c"
Finished building: ../src/main.c
D:\Electro stuff\stm32_workspace\toggle_led\Debug
arm-none-eabi-gcc -mcpu=cortex-m3 -mthumb -mfloat-abi=soft -DSTM32 -DSTM32F1 -DSTM32F103C8Tx -DDEBUG -DUSE_STDPERIPH_DRIVER -I"D:/Electro stuff/stm32_workspace/toggle_led/inc" -O0 -g3 -Wall -fmessage-length=0 -ffunction-sections -c -MMD -MP -MF"src/stm32f10x_flash.d" -MT"src/stm32f10x_flash.o" -o "src/stm32f10x_flash.o" "../src/stm32f10x_flash.c"
 
Building file: ../src/stm32f10x_fsmc.c
Finished building: ../src/stm32f10x_dbgmcu.c
 
Invoking: MCU GCC Compiler
Finished building: ../src/misc.c
Finished building: ../src/stm32f10x_bkp.c
D:\Electro stuff\stm32_workspace\toggle_led\Debug
Building file: ../src/stm32f10x_gpio.c
 
arm-none-eabi-gcc -mcpu=cortex-m3 -mthumb -mfloat-abi=soft -DSTM32 -DSTM32F1 -DSTM32F103C8Tx -DDEBUG -DUSE_STDPERIPH_DRIVER -I"D:/Electro stuff/stm32_workspace/toggle_led/inc" -O0 -g3 -Wall -fmessage-length=0 -ffunction-sections -c -MMD -MP -MF"src/stm32f10x_fsmc.d" -MT"src/stm32f10x_fsmc.o" -o "src/stm32f10x_fsmc.o" "../src/stm32f10x_fsmc.c"
 
Invoking: MCU GCC Compiler
Finished building: ../src/stm32f10x_adc.c
Finished building: ../src/stm32f10x_cec.c
Building file: ../src/stm32f10x_i2c.c
Building file: ../src/stm32f10x_it.c
Finished building: ../src/stm32f10x_crc.c
D:\Electro stuff\stm32_workspace\toggle_led\Debug
 
Finished building: ../src/stm32f10x_dac.c
Finished building: ../src/stm32f10x_can.c
arm-none-eabi-gcc -mcpu=cortex-m3 -mthumb -mfloat-abi=soft -DSTM32 -DSTM32F1 -DSTM32F103C8Tx -DDEBUG -DUSE_STDPERIPH_DRIVER -I"D:/Electro stuff/stm32_workspace/toggle_led/inc" -O0 -g3 -Wall -fmessage-length=0 -ffunction-sections -c -MMD -MP -MF"src/stm32f10x_gpio.d" -MT"src/stm32f10x_gpio.o" -o "src/stm32f10x_gpio.o" "../src/stm32f10x_gpio.c"
Invoking: MCU GCC Compiler
 
Invoking: MCU GCC Compiler
 
 
 
D:\Electro stuff\stm32_workspace\toggle_led\Debug
D:\Electro stuff\stm32_workspace\toggle_led\Debug
arm-none-eabi-gcc -mcpu=cortex-m3 -mthumb -mfloat-abi=soft -DSTM32 -DSTM32F1 -DSTM32F103C8Tx -DDEBUG -DUSE_STDPERIPH_DRIVER -I"D:/Electro stuff/stm32_workspace/toggle_led/inc" -O0 -g3 -Wall -fmessage-length=0 -ffunction-sections -c -MMD -MP -MF"src/stm32f10x_it.d" -MT"src/stm32f10x_it.o" -o "src/stm32f10x_it.o" "../src/stm32f10x_it.c"
Building file: ../src/stm32f10x_pwr.c
Building file: ../src/stm32f10x_iwdg.c
arm-none-eabi-gcc -mcpu=cortex-m3 -mthumb -mfloat-abi=soft -DSTM32 -DSTM32F1 -DSTM32F103C8Tx -DDEBUG -DUSE_STDPERIPH_DRIVER -I"D:/Electro stuff/stm32_workspace/toggle_led/inc" -O0 -g3 -Wall -fmessage-length=0 -ffunction-sections -c -MMD -MP -MF"src/stm32f10x_i2c.d" -MT"src/stm32f10x_i2c.o" -o "src/stm32f10x_i2c.o" "../src/stm32f10x_i2c.c"
Invoking: MCU GCC Compiler
Building file: ../src/stm32f10x_rcc.c
Invoking: MCU GCC Compiler
Building file: ../src/stm32f10x_rtc.c
Building file: ../src/stm32f10x_sdio.c
D:\Electro stuff\stm32_workspace\toggle_led\Debug
arm-none-eabi-gcc -mcpu=cortex-m3 -mthumb -mfloat-abi=soft -DSTM32 -DSTM32F1 -DSTM32F103C8Tx -DDEBUG -DUSE_STDPERIPH_DRIVER -I"D:/Electro stuff/stm32_workspace/toggle_led/inc" -O0 -g3 -Wall -fmessage-length=0 -ffunction-sections -c -MMD -MP -MF"src/stm32f10x_iwdg.d" -MT"src/stm32f10x_iwdg.o" -o "src/stm32f10x_iwdg.o" "../src/stm32f10x_iwdg.c"
Invoking: MCU GCC Compiler
Invoking: MCU GCC Compiler
D:\Electro stuff\stm32_workspace\toggle_led\Debug
Invoking: MCU GCC Compiler
arm-none-eabi-gcc -mcpu=cortex-m3 -mthumb -mfloat-abi=soft -DSTM32 -DSTM32F1 -DSTM32F103C8Tx -DDEBUG -DUSE_STDPERIPH_DRIVER -I"D:/Electro stuff/stm32_workspace/toggle_led/inc" -O0 -g3 -Wall -fmessage-length=0 -ffunction-sections -c -MMD -MP -MF"src/stm32f10x_pwr.d" -MT"src/stm32f10x_pwr.o" -o "src/stm32f10x_pwr.o" "../src/stm32f10x_pwr.c"
D:\Electro stuff\stm32_workspace\toggle_led\Debug
D:\Electro stuff\stm32_workspace\toggle_led\Debug
arm-none-eabi-gcc -mcpu=cortex-m3 -mthumb -mfloat-abi=soft -DSTM32 -DSTM32F1 -DSTM32F103C8Tx -DDEBUG -DUSE_STDPERIPH_DRIVER -I"D:/Electro stuff/stm32_workspace/toggle_led/inc" -O0 -g3 -Wall -fmessage-length=0 -ffunction-sections -c -MMD -MP -MF"src/stm32f10x_rcc.d" -MT"src/stm32f10x_rcc.o" -o "src/stm32f10x_rcc.o" "../src/stm32f10x_rcc.c"
D:\Electro stuff\stm32_workspace\toggle_led\Debug
arm-none-eabi-gcc -mcpu=cortex-m3 -mthumb -mfloat-abi=soft -DSTM32 -DSTM32F1 -DSTM32F103C8Tx -DDEBUG -DUSE_STDPERIPH_DRIVER -I"D:/Electro stuff/stm32_workspace/toggle_led/inc" -O0 -g3 -Wall -fmessage-length=0 -ffunction-sections -c -MMD -MP -MF"src/stm32f10x_rtc.d" -MT"src/stm32f10x_rtc.o" -o "src/stm32f10x_rtc.o" "../src/stm32f10x_rtc.c"
arm-none-eabi-gcc -mcpu=cortex-m3 -mthumb -mfloat-abi=soft -DSTM32 -DSTM32F1 -DSTM32F103C8Tx -DDEBUG -DUSE_STDPERIPH_DRIVER -I"D:/Electro stuff/stm32_workspace/toggle_led/inc" -O0 -g3 -Wall -fmessage-length=0 -ffunction-sections -c -MMD -MP -MF"src/stm32f10x_sdio.d" -MT"src/stm32f10x_sdio.o" -o "src/stm32f10x_sdio.o" "../src/stm32f10x_sdio.c"
Finished building: ../src/stm32f10x_dma.c
 
Building file: ../src/stm32f10x_spi.c
Finished building: ../src/stm32f10x_exti.c
 
Invoking: MCU GCC Compiler
D:\Electro stuff\stm32_workspace\toggle_led\Debug
arm-none-eabi-gcc -mcpu=cortex-m3 -mthumb -mfloat-abi=soft -DSTM32 -DSTM32F1 -DSTM32F103C8Tx -DDEBUG -DUSE_STDPERIPH_DRIVER -I"D:/Electro stuff/stm32_workspace/toggle_led/inc" -O0 -g3 -Wall -fmessage-length=0 -ffunction-sections -c -MMD -MP -MF"src/stm32f10x_spi.d" -MT"src/stm32f10x_spi.o" -o "src/stm32f10x_spi.o" "../src/stm32f10x_spi.c"
Building file: ../src/stm32f10x_tim.c
Finished building: ../src/stm32f10x_flash.c
Invoking: MCU GCC Compiler
Finished building: ../src/stm32f10x_it.c
 
D:\Electro stuff\stm32_workspace\toggle_led\Debug
Building file: ../src/stm32f10x_usart.c
 
Finished building: ../src/stm32f10x_gpio.c
arm-none-eabi-gcc -mcpu=cortex-m3 -mthumb -mfloat-abi=soft -DSTM32 -DSTM32F1 -DSTM32F103C8Tx -DDEBUG -DUSE_STDPERIPH_DRIVER -I"D:/Electro stuff/stm32_workspace/toggle_led/inc" -O0 -g3 -Wall -fmessage-length=0 -ffunction-sections -c -MMD -MP -MF"src/stm32f10x_tim.d" -MT"src/stm32f10x_tim.o" -o "src/stm32f10x_tim.o" "../src/stm32f10x_tim.c"
 
Finished building: ../src/stm32f10x_fsmc.c
Invoking: MCU GCC Compiler
Building file: ../src/stm32f10x_wwdg.c
Building file: ../src/system_stm32f10x.c
D:\Electro stuff\stm32_workspace\toggle_led\Debug
 
Finished building: ../src/stm32f10x_pwr.c
Finished building: ../src/stm32f10x_rtc.c
Finished building: ../src/stm32f10x_rcc.c
Finished building: ../src/stm32f10x_iwdg.c
arm-none-eabi-gcc -mcpu=cortex-m3 -mthumb -mfloat-abi=soft -DSTM32 -DSTM32F1 -DSTM32F103C8Tx -DDEBUG -DUSE_STDPERIPH_DRIVER -I"D:/Electro stuff/stm32_workspace/toggle_led/inc" -O0 -g3 -Wall -fmessage-length=0 -ffunction-sections -c -MMD -MP -MF"src/stm32f10x_usart.d" -MT"src/stm32f10x_usart.o" -o "src/stm32f10x_usart.o" "../src/stm32f10x_usart.c"
Invoking: MCU GCC Compiler
Invoking: MCU GCC Compiler
 
 
 
Finished building: ../src/stm32f10x_i2c.c
 
D:\Electro stuff\stm32_workspace\toggle_led\Debug
arm-none-eabi-gcc -mcpu=cortex-m3 -mthumb -mfloat-abi=soft -DSTM32 -DSTM32F1 -DSTM32F103C8Tx -DDEBUG -DUSE_STDPERIPH_DRIVER -I"D:/Electro stuff/stm32_workspace/toggle_led/inc" -O0 -g3 -Wall -fmessage-length=0 -ffunction-sections -c -MMD -MP -MF"src/stm32f10x_wwdg.d" -MT"src/stm32f10x_wwdg.o" -o "src/stm32f10x_wwdg.o" "../src/stm32f10x_wwdg.c"
Finished building: ../src/stm32f10x_sdio.c
D:\Electro stuff\stm32_workspace\toggle_led\Debug
 
arm-none-eabi-gcc -mcpu=cortex-m3 -mthumb -mfloat-abi=soft -DSTM32 -DSTM32F1 -DSTM32F103C8Tx -DDEBUG -DUSE_STDPERIPH_DRIVER -I"D:/Electro stuff/stm32_workspace/toggle_led/inc" -O0 -g3 -Wall -fmessage-length=0 -ffunction-sections -c -MMD -MP -MF"src/system_stm32f10x.d" -MT"src/system_stm32f10x.o" -o "src/system_stm32f10x.o" "../src/system_stm32f10x.c"
 
Finished building: ../src/stm32f10x_spi.c
 
Finished building: ../src/stm32f10x_usart.c
 
Finished building: ../src/system_stm32f10x.c
Finished building: ../src/stm32f10x_wwdg.c
 
Finished building: ../src/stm32f10x_tim.c
 
 
Building target: toggle_led.elf
Invoking: MCU GCC Linker
arm-none-eabi-gcc -mcpu=cortex-m3 -mthumb -mfloat-abi=soft -L"D:\Electro stuff\stm32_workspace\toggle_led\inc" -T"D:/Electro stuff/stm32_workspace/toggle_led/LinkerScript.ld" -Wl,-Map=output.map -Wl,--gc-sections -o "toggle_led.elf" @"objects.list"   -lm
Finished building target: toggle_led.elf
 
make --no-print-directory post-build
Generating binary and Printing size information:
arm-none-eabi-objcopy -O binary "toggle_led.elf" "toggle_led.bin"
arm-none-eabi-size "toggle_led.elf"
   text	   data	    bss	    dec	    hex	filename
   1788	   1080	   1092	   3960	    f78	toggle_led.elf
 

16:45:06 Build Finished (took 3s.148ms)

